******************************************************************************
                  TI ARM Linker PC v20.2.7                     
******************************************************************************
>> Linked Tue Nov 18 14:15:32 2025

OUTPUT FILE NAME:   <ece3849_Lab3_rmartinkat_raguilar.out>
ENTRY POINT SYMBOL: "_c_int00_noargs"  address: 000091d1


MEMORY CONFIGURATION

         name            origin    length      used     unused   attr    fill
----------------------  --------  ---------  --------  --------  ----  --------
  FLASH                 00000000   00100000  0000b1d0  000f4e30  R  X
  SRAM                  20000000   00040000  0000debc  00032144  RW X


SEGMENT ALLOCATION MAP

run origin  load origin   length   init length attrs members
----------  ----------- ---------- ----------- ----- -------
00000000    00000000    0000b1d0   0000b1d0    r-x
  00000000    00000000    00000200   00000200    r-- .intvecs
  00000200    00000200    0000955c   0000955c    r-x .text
  0000975c    0000975c    00001a28   00001a28    r-- .const
  0000b184    0000b184    00000004   00000004    r-- .init_array
  0000b188    0000b188    00000048   00000048    r-- .cinit
20000000    20000000    0000dec0   00000000    rw-
  20000000    20000000    00008064   00000000    rw- .data
  20008064    20008064    00005658   00000000    rw- .bss
  2000d6c0    2000d6c0    00000800   00000000    rw- .stack


SECTION ALLOCATION MAP

 output                                  attributes/
section   page    origin      length       input sections
--------  ----  ----------  ----------   ----------------
.intvecs   0    00000000    00000200     
                  00000000    00000200     startup_ccs.obj (.intvecs)

.text      0    00000200    0000955c     
                  00000200    00002460     tasks.obj (.text)
                  00002660    00000d74     queue.obj (.text)
                  000033d4    00000bf4     joystick.obj (.text)
                  00003fc8    00000a5e     button.obj (.text)
                  00004a26    00000002     rtsv7M4_T_le_v4SPD16_eabi.lib : _lock.c.obj (.text:_nop)
                  00004a28    00000a4e                                   : _printfi.c.obj (.text:__TI_printfi)
                  00005476    00000002                                   : div0.asm.obj (.text)
                  00005478    000005e4     Crystalfontz128x128_ST7735.obj (.text)
                  00005a5c    000004e4     display.obj (.text)
                  00005f40    00000420     heap_4.obj (.text)
                  00006360    00000310     game.obj (.text)
                  00006670    00000308     main.obj (.text)
                  00006978    00000270     rtsv7M4_T_le_v4SPD16_eabi.lib : _printfi.c.obj (.text:_pconv_a)
                  00006be8    00000252     grlib.lib : string.obj (.text:GrFontGlyphRender)
                  00006e3a    00000002     --HOLE-- [fill = 0]
                  00006e3c    00000200     driverlib.lib : sysctl.obj (.text:SysCtlClockFreqSet)
                  0000703c    000001d0     rtsv7M4_T_le_v4SPD16_eabi.lib : _printfi.c.obj (.text:_pconv_g)
                  0000720c    000001b6                                   : fd_add_t2.asm.obj (.text)
                  000073c2    00000002     --HOLE-- [fill = 0]
                  000073c4    0000016c     driverlib.lib : gpio.obj (.text:GPIOPadConfigSet)
                  00007530    00000164     buzzer.obj (.text)
                  00007694    00000158     rtsv7M4_T_le_v4SPD16_eabi.lib : e_atan2f.c.obj (.text:atan2f)
                  000077ec    00000150                                   : s_atanf.c.obj (.text:atanf)
                  0000793c    00000144     HAL_EK_TM4C1294XL_Crystalfontz128x128_ST7735.obj (.text)
                  00007a80    0000013c     rtsv7M4_T_le_v4SPD16_eabi.lib : _printfi.c.obj (.text:_pconv_e)
                  00007bbc    0000013c     port.obj (.text)
                  00007cf8    00000136     rtsv7M4_T_le_v4SPD16_eabi.lib : fd_div_t2.asm.obj (.text)
                  00007e2e    00000130     list.obj (.text)
                  00007f5e    00000002     --HOLE-- [fill = 0]
                  00007f60    00000124     rtsv7M4_T_le_v4SPD16_eabi.lib : _printfi.c.obj (.text:fcvt)
                  00008084    00000110                                   : s_scalbn.c.obj (.text:scalbn)
                  00008194    000000fc                                   : fd_mul_t2.asm.obj (.text)
                  00008290    000000da     portasm.obj (.text)
                  0000836a    000000c0     grlib.lib : string.obj (.text:GrDefaultStringRenderer)
                  0000842a    00000002     --HOLE-- [fill = 0]
                  0000842c    000000b1     rtsv7M4_T_le_v4SPD16_eabi.lib : _printfi.c.obj (.text:_ltostr)
                  000084dd    00000001     --HOLE-- [fill = 0]
                  000084de    0000009c                                   : memcpy_t2.asm.obj (.text)
                  0000857a    00000096                                   : ull_div_t2.asm.obj (.text)
                  00008610    00000086     grlib.lib : rectangle.obj (.text:GrRectFill)
                  00008696    00000086     rtsv7M4_T_le_v4SPD16_eabi.lib : fd_cmp_t2.asm.obj (.text:__aeabi_cdcmple)
                  0000871c    00000086                                   : fd_cmp_t2.asm.obj (.text:__aeabi_cdrcmple)
                  000087a2    00000002     --HOLE-- [fill = 0]
                  000087a4    00000080                                   : s_floorf.c.obj (.text:floorf)
                  00008824    0000007a     driverlib.lib : adc.obj (.text:ADCSequenceStepConfigure)
                  0000889e    0000007a     rtsv7M4_T_le_v4SPD16_eabi.lib : memset_t2.asm.obj (.text)
                  00008918    0000006e                                   : _printfi.c.obj (.text:_mcpy)
                  00008986    00000002     --HOLE-- [fill = 0]
                  00008988    00000068     grlib.lib : context.obj (.text:GrContextInit)
                  000089f0    00000068               : string.obj (.text:GrStringWidthGet)
                  00008a58    00000068     rtsv7M4_T_le_v4SPD16_eabi.lib : copy_decompress_lzss.c.obj (.text:decompress:lzss:__TI_decompress_lzss)
                  00008ac0    00000064                                   : s_frexp.c.obj (.text:frexp)
                  00008b24    00000060                                   : autoinit.c.obj (.text:__TI_auto_init_nobinit:__TI_auto_init_nobinit)
                  00008b84    0000005a     grlib.lib : string.obj (.text:FontWideGlyphDataGet)
                  00008bde    00000056     rtsv7M4_T_le_v4SPD16_eabi.lib : _printfi.c.obj (.text:_pconv_f)
                  00008c34    00000054                                   : _ltoa.c.obj (.text:__TI_ltoa)
                  00008c88    00000052                                   : _printfi.c.obj (.text:_ecpy)
                  00008cda    0000004e     driverlib.lib : adc.obj (.text:ADCSequenceConfigure)
                  00008d28    0000004c                   : gpio.obj (.text:GPIOPinConfigure)
                  00008d74    0000004c     rtsv7M4_T_le_v4SPD16_eabi.lib : atoi.c.obj (.text:atoi)
                  00008dc0    0000004c                                   : snprintf.c.obj (.text:snprintf)
                  00008e0c    0000004a     grlib.lib : string.obj (.text:UpdateContextCharMapping)
                  00008e56    00000002     --HOLE-- [fill = 0]
                  00008e58    00000048     driverlib.lib : sysctl.obj (.text:_SysCtlFrequencyGet)
                  00008ea0    00000048     rtsv7M4_T_le_v4SPD16_eabi.lib : fd_toi_t2.asm.obj (.text)
                  00008ee8    00000044     main.obj (.text:_ZN8Joystick7clamp01Ef)
                  00008f2c    00000040     joystick.obj (.text:_ZN8Joystick10emitCenterEv)
                  00008f6c    00000040     joystick.obj (.text:_ZN8Joystick10emitRepeatEv)
                  00008fac    00000040     joystick.obj (.text:_ZN8Joystick12emitTiltStopEv)
                  00008fec    00000040     joystick.obj (.text:_ZN8Joystick13emitTiltStartEv)
                  0000902c    00000040     joystick.obj (.text:_ZN8Joystick14emitDirChangedEv)
                  0000906c    00000040     joystick.obj (.text:_ZN8Joystick8emitMoveEv)
                  000090ac    0000003e     rtsv7M4_T_le_v4SPD16_eabi.lib : _printfi.c.obj (.text:_fcpy)
                  000090ea    0000003c     grlib.lib : string.obj (.text:FontGlyphDataGet)
                  00009126    0000003c     driverlib.lib : ssi.obj (.text:SSIConfigSetExpClk)
                  00009162    00000002     --HOLE-- [fill = 0]
                  00009164    00000038                   : sysctl.obj (.text:SysCtlPeripheralReady)
                  0000919c    00000034                   : sysctl.obj (.text:SysCtlPeripheralEnable)
                  000091d0    00000034     rtsv7M4_T_le_v4SPD16_eabi.lib : boot_cortex_m.c.obj (.text:_c_int00_noargs:_c_int00_noargs)
                  00009204    00000034                                   : rand.c.obj (.text:rand)
                  00009238    00000030     joystick.obj (.text:_ZN8Joystick6EventsC1Ev)
                  00009268    00000030     rtsv7M4_T_le_v4SPD16_eabi.lib : snprintf.c.obj (.text:_outs)
                  00009298    0000002e     driverlib.lib : adc.obj (.text:ADCIntStatus)
                  000092c6    0000002e     grlib.lib : string.obj (.text:GrStringNextCharGet)
                  000092f4    0000002e     rtsv7M4_T_le_v4SPD16_eabi.lib : i_tofd_t2.asm.obj (.text)
                  00009322    0000002c     driverlib.lib : gpio.obj (.text:GPIODirModeSet)
                  0000934e    0000002c     grlib.lib : string.obj (.text:GrFontBaselineGet)
                  0000937a    00000028     joystick.obj (.text:_ZN8Joystick10fabsf_fastEf)
                  000093a2    00000002     --HOLE-- [fill = 0]
                  000093a4    00000028     rtsv7M4_T_le_v4SPD16_eabi.lib : e_sqrtf.c.obj (.text:sqrtf)
                  000093cc    00000026     grlib.lib : string.obj (.text:GrFontInfoGet)
                  000093f2    00000024     main.obj (.text:_ZN8Joystick17setTickIntervalMsEj)
                  00009416    00000022     grlib.lib : string.obj (.text:GrFontGlyphDataGet)
                  00009438    00000022     driverlib.lib : pwm.obj (.text:PWMGenConfigure)
                  0000945a    00000002     --HOLE-- [fill = 0]
                  0000945c    00000020                   : sysctl.obj (.text:_SysCtlMemTimingGet)
                  0000947c    0000001e                   : adc.obj (.text:ADCSequenceDataGet)
                  0000949a    0000001e     grlib.lib : string.obj (.text:GrFontCodepageGet)
                  000094b8    0000001e     driverlib.lib : pwm.obj (.text:PWMPulseWidthSet)
                  000094d6    0000001c     rtsv7M4_T_le_v4SPD16_eabi.lib : memccpy.c.obj (.text:memccpy)
                  000094f2    0000001a     driverlib.lib : gpio.obj (.text:GPIOPinTypeGPIOOutput)
                  0000950c    0000001a     rtsv7M4_T_le_v4SPD16_eabi.lib : s_copysign.c.obj (.text:copysign)
                  00009526    00000018     driverlib.lib : adc.obj (.text:ADCProcessorTrigger)
                  0000953e    00000018     main.obj (.text:_ZN8Joystick11setDeadzoneEf)
                  00009556    00000018     rtsv7M4_T_le_v4SPD16_eabi.lib : snprintf.c.obj (.text:_outc)
                  0000956e    00000016     driverlib.lib : gpio.obj (.text:GPIOPinTypeADC)
                  00009584    00000016                   : gpio.obj (.text:GPIOPinTypeGPIOInput)
                  0000959a    00000016                   : gpio.obj (.text:GPIOPinTypePWM)
                  000095b0    00000016                   : gpio.obj (.text:GPIOPinTypeSSI)
                  000095c6    00000016     grlib.lib : string.obj (.text:GrStringDraw)
                  000095dc    00000016     rtsv7M4_T_le_v4SPD16_eabi.lib : strchr.c.obj (.text:strchr)
                  000095f2    00000002     --HOLE-- [fill = 0]
                  000095f4    00000014     driverlib.lib : pwm.obj (.text:PWMClockSet)
                  00009608    00000014     rtsv7M4_T_le_v4SPD16_eabi.lib : strlen.c.obj (.text:strlen)
                  0000961c    00000012     driverlib.lib : pwm.obj (.text:PWMOutputState)
                  0000962e    00000012     rtsv7M4_T_le_v4SPD16_eabi.lib : wcslen.c.obj (.text:wcslen)
                  00009640    00000010     driverlib.lib : fpu.obj (.text:FPUEnable)
                  00009650    00000010                   : fpu.obj (.text:FPULazyStackingEnable)
                  00009660    00000010                   : interrupt.obj (.text:IntMasterDisable)
                  00009670    00000010                   : interrupt.obj (.text:IntMasterEnable)
                  00009680    00000010                   : pwm.obj (.text:PWMGenPeriodSet)
                  00009690    00000010     main.obj (.text:_ZNK8Joystick10direction8Ev)
                  000096a0    0000000e     driverlib.lib : adc.obj (.text:ADCSequenceDisable)
                  000096ae    0000000e                   : adc.obj (.text:ADCSequenceEnable)
                  000096bc    0000000e     rtsv7M4_T_le_v4SPD16_eabi.lib : copy_decompress_none.c.obj (.text:decompress:none:__TI_decompress_none)
                  000096ca    0000000c     driverlib.lib : cpu.obj (.text:CPUcpsid)
                  000096d6    0000000c                   : cpu.obj (.text:CPUcpsie)
                  000096e2    0000000c                   : pwm.obj (.text:PWMGenEnable)
                  000096ee    0000000c     rtsv7M4_T_le_v4SPD16_eabi.lib : copy_zero_init.c.obj (.text:decompress:ZI:__TI_zero_init)
                  000096fa    0000000c     startup_ccs.obj (.text)
                  00009706    0000000a     driverlib.lib : adc.obj (.text:ADCIntClear)
                  00009710    0000000a                   : ssi.obj (.text:SSIDataPut)
                  0000971a    0000000a                   : ssi.obj (.text:SSIEnable)
                  00009724    00000008     grlib.lib : charmap.obj (.text:GrMapISO8859_1_Unicode)
                  0000972c    00000008     driverlib.lib : ssi.obj (.text:SSIBusy)
                  00009734    00000008     rtsv7M4_T_le_v4SPD16_eabi.lib : errno.c.obj (.text:__aeabi_errno_addr)
                  0000973c    00000006     driverlib.lib : gpio.obj (.text:GPIOPinRead)
                  00009742    00000006                   : gpio.obj (.text:GPIOPinWrite)
                  00009748    00000006     grlib.lib : string.obj (.text:GrContextFontSet)
                  0000974e    00000006     driverlib.lib : sysctl.obj (.text:SysCtlDelay)
                  00009754    00000004     rtsv7M4_T_le_v4SPD16_eabi.lib : pre_init.c.obj (.text:_system_pre_init)
                  00009758    00000004                                   : exit.c.obj (.text:abort:abort)

.const     0    0000975c    00001a28     
                  0000975c    00000dac     grlib.lib : fontcm30.obj (.const:.string:g_pui8Cm30Data)
                  0000a508    000002f8               : fontfixed6x8.obj (.const:.string:g_pui8FontFixed6x8Data)
                  0000a800    000001b0     driverlib.lib : sysctl.obj (.const:g_pppui32XTALtoVCO)
                  0000a9b0    00000180     joystick.obj (.const:digital_pin_to_analog_in)
                  0000ab30    00000101     rtsv7M4_T_le_v4SPD16_eabi.lib : ctype.c.obj (.const:.string:_ctypes_)
                  0000ac31    00000003     --HOLE-- [fill = 0]
                  0000ac34    000000c8     grlib.lib : fontcm30.obj (.const:g_sFontCm30)
                  0000acfc    000000c8               : fontfixed6x8.obj (.const:g_sFontFixed6x8)
                  0000adc4    00000090     driverlib.lib : gpio.obj (.const:g_pui32GPIOBaseAddrs)
                  0000ae54    0000006c                   : sysctl.obj (.const:g_pui32Xtals)
                  0000aec0    00000060     button.obj (.const:.string:digital_pin_to_bit_mask)
                  0000af20    00000060     joystick.obj (.const:.string:digital_pin_to_bit_mask)
                  0000af80    00000060     button.obj (.const:.string:digital_pin_to_port)
                  0000afe0    00000060     joystick.obj (.const:.string:digital_pin_to_port)
                  0000b040    00000040     button.obj (.const:port_to_base)
                  0000b080    00000040     joystick.obj (.const:port_to_base)
                  0000b0c0    00000034     rtsv7M4_T_le_v4SPD16_eabi.lib : s_atanf.c.obj (.const:$O1$$)
                  0000b0f4    00000030     driverlib.lib : sysctl.obj (.const:g_sXTALtoMEMTIM)
                  0000b124    00000028     Crystalfontz128x128_ST7735.obj (.const:g_sCrystalfontz128x128)
                  0000b14c    00000010     grlib.lib : context.obj (.const:g_psDefaultCodePointMapTable)
                  0000b15c    00000008     display.obj (.const:$P$T0$1)
                  0000b164    00000008     display.obj (.const:$P$T1$2)
                  0000b16c    00000008     display.obj (.const:$P$T2$3)
                  0000b174    00000008     driverlib.lib : sysctl.obj (.const:g_pui32VCOFrequencies)
                  0000b17c    00000004     port.obj (.const)
                  0000b180    00000004     tasks.obj (.const)

.cinit     0    0000b188    00000048     
                  0000b188    00000023     (.cinit..data.load) [load image, compression = lzss]
                  0000b1ab    00000001     --HOLE-- [fill = 0]
                  0000b1ac    0000000c     (__TI_handler_table)
                  0000b1b8    00000008     (.cinit..bss.load) [load image, compression = zero_init]
                  0000b1c0    00000010     (__TI_cinit_table)

.init_array 
*          0    0000b184    00000004     
                  0000b184    00000004     main.obj (.init_array)

.data      0    20000000    00008064     UNINITIALIZED
                  20000000    00008000     Crystalfontz128x128_ST7735.obj (.data:Lcd_buffer)
                  20008000    0000002c     tasks.obj (.data)
                  2000802c    00000014     heap_4.obj (.data)
                  20008040    00000008     rtsv7M4_T_le_v4SPD16_eabi.lib : _lock.c.obj (.data:$O1$$)
                  20008048    00000005     game.obj (.data:gameState)
                  2000804d    00000004     game.obj (.data)
                  20008051    00000003     --HOLE--
                  20008054    00000004     port.obj (.data)
                  20008058    00000004     rtsv7M4_T_le_v4SPD16_eabi.lib : errno.c.obj (.data)
                  2000805c    00000004                                   : rand.c.obj (.data)
                  20008060    00000004     tasks.obj (.data:xYieldPendings)

.bss       0    20008064    00005658     UNINITIALIZED
                  20008064    00004f10     heap_4.obj (.bss:ucHeap)
                  2000cf74    00000200     (.common:snek)
                  2000d174    00000190     main.obj (.bss:gJoystick)
                  2000d304    00000140     tasks.obj (.bss:pxReadyTasksLists)
                  2000d444    000000b4     main.obj (.bss:btnPause)
                  2000d4f8    000000b4     main.obj (.bss:btnReset)
                  2000d5ac    00000050     (.common:xQueueRegistry)
                  2000d5fc    0000002c     (.common:gContext)
                  2000d628    00000014     tasks.obj (.bss:xDelayedTaskList1)
                  2000d63c    00000014     tasks.obj (.bss:xDelayedTaskList2)
                  2000d650    00000014     tasks.obj (.bss:xPendingReadyList)
                  2000d664    00000014     tasks.obj (.bss:xSuspendedTaskList)
                  2000d678    00000014     tasks.obj (.bss:xTasksWaitingTermination)
                  2000d68c    00000008     tasks.obj (.bss)
                  2000d694    00000008     heap_4.obj (.bss:xStart)
                  2000d69c    00000004     buzzer.obj (.bss)
                  2000d6a0    00000004     grlib.lib : context.obj (.bss)
                  2000d6a4    00000004     tasks.obj (.bss:xIdleTaskHandles)
                  2000d6a8    00000004     (.common:gSysClk)
                  2000d6ac    00000004     (.common:xMutexLCD)
                  2000d6b0    00000002     (.common:Lcd_ScreenHeigth)
                  2000d6b2    00000002     (.common:Lcd_ScreenWidth)
                  2000d6b4    00000002     (.common:Lcd_TouchTrim)
                  2000d6b6    00000002     (.common:fruit)
                  2000d6b8    00000001     (.common:Lcd_FlagRead)
                  2000d6b9    00000001     (.common:Lcd_FontSolid)
                  2000d6ba    00000001     (.common:Lcd_Orientation)
                  2000d6bb    00000001     (.common:Lcd_PenSolid)

.stack     0    2000d6c0    00000800     UNINITIALIZED
                  2000d6c0    00000004     rtsv7M4_T_le_v4SPD16_eabi.lib : boot_cortex_m.c.obj (.stack)
                  2000d6c4    000007fc     --HOLE--

__llvm_prf_cnts 
*          0    20000000    00000000     UNINITIALIZED

MODULE SUMMARY

       Module                                             code    ro data   rw data
       ------                                             ----    -------   -------
    .\
       main.obj                                           920     4         812    
       game.obj                                           784     0         523    
       display.obj                                        1252    24        0      
       startup_ccs.obj                                    12      512       0      
       buzzer.obj                                         356     0         4      
    +--+--------------------------------------------------+-------+---------+---------+
       Total:                                             3324    540       1339   
                                                                                   
    .\FreeRTOS\
       tasks.obj                                          9312    4         480    
       queue.obj                                          3444    0         80     
       list.obj                                           304     0         0      
    +--+--------------------------------------------------+-------+---------+---------+
       Total:                                             13060   4         560    
                                                                                   
    .\FreeRTOS\portable\CCS\ARM_CM4F\
       port.obj                                           316     4         4      
       portasm.obj                                        218     0         0      
    +--+--------------------------------------------------+-------+---------+---------+
       Total:                                             534     4         4      
                                                                                   
    .\FreeRTOS\portable\MemMang\
       heap_4.obj                                         1056    0         20268  
    +--+--------------------------------------------------+-------+---------+---------+
       Total:                                             1056    0         20268  
                                                                                   
    .\libraries\buttonsDriver\
       button.obj                                         2654    256       0      
    +--+--------------------------------------------------+-------+---------+---------+
       Total:                                             2654    256       0      
                                                                                   
    .\libraries\display\
       Crystalfontz128x128_ST7735.obj                     1508    40        32778  
       HAL_EK_TM4C1294XL_Crystalfontz128x128_ST7735.obj   324     0         0      
    +--+--------------------------------------------------+-------+---------+---------+
       Total:                                             1832    40        32778  
                                                                                   
    .\libraries\joystickDriver\
       joystick.obj                                       3532    640       0      
    +--+--------------------------------------------------+-------+---------+---------+
       Total:                                             3532    640       0      
                                                                                   
    C:/ti/TivaWare_C_Series-2.2.0.295/driverlib/ccs/Debug/driverlib.lib
       sysctl.obj                                         730     596       0      
       gpio.obj                                           610     144       0      
       adc.obj                                            338     0         0      
       pwm.obj                                            130     0         0      
       ssi.obj                                            88      0         0      
       fpu.obj                                            32      0         0      
       interrupt.obj                                      32      0         0      
       cpu.obj                                            24      0         0      
    +--+--------------------------------------------------+-------+---------+---------+
       Total:                                             1984    740       0      
                                                                                   
    C:/ti/TivaWare_C_Series-2.2.0.295/grlib/ccs/Debug/grlib.lib
       fontcm30.obj                                       0       3700      0      
       string.obj                                         1334    0         0      
       fontfixed6x8.obj                                   0       960       0      
       rectangle.obj                                      134     0         0      
       context.obj                                        104     16        4      
       charmap.obj                                        8       0         0      
    +--+--------------------------------------------------+-------+---------+---------+
       Total:                                             1580    4676      4      
                                                                                   
    C:\ti\ccs1281\ccs\tools\compiler\ti-cgt-arm_20.2.7.LTS\lib\rtsv7M4_T_le_v4SPD16_eabi.lib
       _printfi.c.obj                                     4851    0         0      
       fd_add_t2.asm.obj                                  438     0         0      
       s_atanf.c.obj                                      336     52        0      
       e_atan2f.c.obj                                     344     0         0      
       fd_div_t2.asm.obj                                  310     0         0      
       s_scalbn.c.obj                                     272     0         0      
       fd_cmp_t2.asm.obj                                  268     0         0      
       ctype.c.obj                                        0       257       0      
       fd_mul_t2.asm.obj                                  252     0         0      
       memcpy_t2.asm.obj                                  156     0         0      
       ull_div_t2.asm.obj                                 150     0         0      
       snprintf.c.obj                                     148     0         0      
       s_floorf.c.obj                                     128     0         0      
       memset_t2.asm.obj                                  122     0         0      
       copy_decompress_lzss.c.obj                         104     0         0      
       s_frexp.c.obj                                      100     0         0      
       autoinit.c.obj                                     96      0         0      
       _ltoa.c.obj                                        84      0         0      
       atoi.c.obj                                         76      0         0      
       fd_toi_t2.asm.obj                                  72      0         0      
       rand.c.obj                                         52      0         4      
       boot_cortex_m.c.obj                                52      0         0      
       i_tofd_t2.asm.obj                                  46      0         0      
       e_sqrtf.c.obj                                      40      0         0      
       memccpy.c.obj                                      28      0         0      
       s_copysign.c.obj                                   26      0         0      
       strchr.c.obj                                       22      0         0      
       strlen.c.obj                                       20      0         0      
       wcslen.c.obj                                       18      0         0      
       copy_decompress_none.c.obj                         14      0         0      
       copy_zero_init.c.obj                               12      0         0      
       errno.c.obj                                        8       0         4      
       _lock.c.obj                                        2       0         8      
       exit.c.obj                                         4       0         0      
       pre_init.c.obj                                     4       0         0      
       div0.asm.obj                                       2       0         0      
    +--+--------------------------------------------------+-------+---------+---------+
       Total:                                             8657    309       16     
                                                                                   
       Stack:                                             0       0         2048   
       Linker Generated:                                  0       71        0      
    +--+--------------------------------------------------+-------+---------+---------+
       Grand Total:                                       38213   7280      57017  


LINKER GENERATED COPY TABLES

__TI_cinit_table @ 0000b1c0 records: 2, size/record: 8, table size: 16
	.data: load addr=0000b188, load size=00000023 bytes, run addr=20000000, run size=00008064 bytes, compression=lzss
	.bss: load addr=0000b1b8, load size=00000008 bytes, run addr=20008064, run size=00005658 bytes, compression=zero_init


LINKER GENERATED HANDLER TABLE

__TI_handler_table @ 0000b1ac records: 3, size/record: 4, table size: 12
	index: 0, handler: __TI_decompress_lzss
	index: 1, handler: __TI_decompress_none
	index: 2, handler: __TI_zero_init


GLOBAL SYMBOLS: SORTED ALPHABETICALLY BY Name 

address   name                                       
-------   ----                                       
00009707  ADCIntClear                                
00009299  ADCIntStatus                               
00009527  ADCProcessorTrigger                        
00008cdb  ADCSequenceConfigure                       
0000947d  ADCSequenceDataGet                         
000096a1  ADCSequenceDisable                         
000096af  ADCSequenceEnable                          
00008825  ADCSequenceStepConfigure                   
00009759  C$$EXIT                                    
000096cb  CPUcpsid                                   
000096d7  CPUcpsie                                   
00005479  Crystalfontz128x128_Init                   
0000551f  Crystalfontz128x128_SetDrawFrame           
000055fb  Crystalfontz128x128_SetOrientation         
00009641  FPUEnable                                  
00009651  FPULazyStackingEnable                      
00009323  GPIODirModeSet                             
000073c5  GPIOPadConfigSet                           
00008d29  GPIOPinConfigure                           
0000973d  GPIOPinRead                                
0000956f  GPIOPinTypeADC                             
00009585  GPIOPinTypeGPIOInput                       
000094f3  GPIOPinTypeGPIOOutput                      
0000959b  GPIOPinTypePWM                             
000095b1  GPIOPinTypeSSI                             
00009743  GPIOPinWrite                               
00009749  GrContextFontSet                           
00008989  GrContextInit                              
0000836b  GrDefaultStringRenderer                    
0000934f  GrFontBaselineGet                          
0000949b  GrFontCodepageGet                          
00009417  GrFontGlyphDataGet                         
00006be9  GrFontGlyphRender                          
000093cd  GrFontInfoGet                              
00009725  GrMapISO8859_1_Unicode                     
00008611  GrRectFill                                 
000095c7  GrStringDraw                               
000092c7  GrStringNextCharGet                        
000089f1  GrStringWidthGet                           
0000793d  HAL_LCD_PortInit                           
00007993  HAL_LCD_SpiInit                            
000079ed  HAL_LCD_writeCommand                       
00007a27  HAL_LCD_writeData                          
00009661  IntMasterDisable                           
00009671  IntMasterEnable                            
2000d6b8  Lcd_FlagRead                               
2000d6b9  Lcd_FontSolid                              
2000d6ba  Lcd_Orientation                            
2000d6bb  Lcd_PenSolid                               
2000d6b0  Lcd_ScreenHeigth                           
2000d6b2  Lcd_ScreenWidth                            
2000d6b4  Lcd_TouchTrim                              
20000000  Lcd_buffer                                 
000095f5  PWMClockSet                                
00009439  PWMGenConfigure                            
000096e3  PWMGenEnable                               
00009681  PWMGenPeriodSet                            
0000961d  PWMOutputState                             
000094b9  PWMPulseWidthSet                           
000096fb  ResetISR                                   
0000b184  SHT$$INIT_ARRAY$$Base                      
0000b188  SHT$$INIT_ARRAY$$Limit                     
0000972d  SSIBusy                                    
00009127  SSIConfigSetExpClk                         
00009711  SSIDataPut                                 
0000971b  SSIEnable                                  
00006e3d  SysCtlClockFreqSet                         
0000974f  SysCtlDelay                                
0000919d  SysCtlPeripheralEnable                     
00009165  SysCtlPeripheralReady                      
00006487  _Z10SpawnFruitv                            
0000760b  _Z11Buzzer_Initv                           
00007637  _Z11Buzzer_Postjj                          
00005c89  _Z12DrawKilScrenv                          
00006437  _Z12IsHeadOnSnekv                          
000064d9  _Z13HasEatenFruitv                         
000063df  _Z16IsPositionOnSnekhh                     
00005b33  _Z8DrawGamePK13snekGameState               
00005acb  _Z8LCD_Initv                               
000064ff  _Z8movesnekv                               
00006361  _Z9ResetGamev                              
0000455b  _ZN6Button10attachIdleEPFvvE               
00004377  _ZN6Button10setClickMsEj                   
00004389  _ZN6Button10setPressMsEj                   
000045eb  _ZN6Button10wasPressedEv                   
0000440f  _ZN6Button11attachClickEPFvPvES0_          
000043fd  _ZN6Button11attachClickEPFvvE              
000043e3  _ZN6Button11attachPressEPFvPvES0_          
000043d1  _ZN6Button11attachPressEPFvvE              
00004615  _ZN6Button11wasReleasedEv                  
00004675  _ZN6Button12readPhysicalEv                 
00004651  _ZN6Button13attachReleaseEPFvvE            
00004365  _ZN6Button13setDebounceMsEi                
000046d1  _ZN6Button14applyPadConfigEv               
00004631  _ZN6Button15isDoubleClickedEv              
0000449d  _ZN6Button16attachMultiClickEPFvPvES0_     
0000447d  _ZN6Button16attachMultiClickEPFvvE         
00004449  _ZN6Button17attachDoubleClickEPFvPvES0_    
00004429  _ZN6Button17attachDoubleClickEPFvvE        
000043bf  _ZN6Button17setTickIntervalMsEj            
0000450b  _ZN6Button19attachLongPressStopEPFvPvES0_  
000044f7  _ZN6Button19attachLongPressStopEPFvvE      
000044d9  _ZN6Button20attachLongPressStartEPFvPvES0_ 
000044c5  _ZN6Button20attachLongPressStartEPFvvE     
0000453d  _ZN6Button21attachDuringLongPressEPFvPvES0_
00004529  _ZN6Button21attachDuringLongPressEPFvvE    
000043ad  _ZN6Button22setLongPressIntervalMsEj       
00004719  _ZN6Button3fsmEb                           
00004295  _ZN6Button4tickEb                          
00004203  _ZN6Button4tickEv                          
0000430d  _ZN6Button5beginEv                         
0000456f  _ZN6Button5resetEv                         
0000434b  _ZN6Button7setPullE10ButtonPull            
000049a1  _ZN6Button8debounceEb                      
0000498f  _ZN6Button8newStateENS_12StateMachineE     
0000439b  _ZN6Button9setIdleMsEj                     
00004065  _ZN6ButtonC1Ehjjj10ButtonPull              
00004065  _ZN6ButtonC2Ehjjj10ButtonPull              
00008f2d  _ZN8Joystick10emitCenterEv                 
00008f6d  _ZN8Joystick10emitRepeatEv                 
0000937b  _ZN8Joystick10fabsf_fastEf                 
0000953f  _ZN8Joystick11setDeadzoneEf                
00008fad  _ZN8Joystick12emitTiltStopEv               
00008fed  _ZN8Joystick13emitTiltStartEv              
0000902d  _ZN8Joystick14emitDirChangedEv             
000038f5  _ZN8Joystick14sanitizeRangesEv             
00003861  _ZN8Joystick15calibrateCenterEt            
000093f3  _ZN8Joystick17setTickIntervalMsEj          
00003b81  _ZN8Joystick18filterAndNormalizeEv         
000039d3  _ZN8Joystick19configureGpioAnalogEhRhRjS0_ 
00003d5b  _ZN8Joystick21computePolarAndEventsEv      
00003a37  _ZN8Joystick21configureAdcSequencerEv      
00003821  _ZN8Joystick4tickEv                        
0000379f  _ZN8Joystick5beginEv                       
00009239  _ZN8Joystick6EventsC1Ev                    
00008ee9  _ZN8Joystick7clamp01Ef                     
0000906d  _ZN8Joystick8emitMoveEv                    
00003ad5  _ZN8Joystick8readAdc2ERtS0_                
00003569  _ZN8JoystickC1Ehhhjjj10ButtonPull          
00003569  _ZN8JoystickC2Ehhhjjj10ButtonPull          
00004665  _ZNK6Button11getHoldTimeEv                 
000045d3  _ZNK6Button13isLongPressedEv               
000045b1  _ZNK6Button15getNumberClicksEv             
000045bf  _ZNK6Button6isIdleEv                       
00004607  _ZNK6Button9isPressedEv                    
00009691  _ZNK8Joystick10direction8Ev                
00003f21  _ZNK8Joystick9quantize8Ef                  
2000dec0  __STACK_END                                
00000800  __STACK_SIZE                               
2000d8c0  __STACK_TOP                                
0000b1c0  __TI_CINIT_Base                            
0000b1d0  __TI_CINIT_Limit                           
0000b1ac  __TI_Handler_Table_Base                    
0000b1b8  __TI_Handler_Table_Limit                   
00008b25  __TI_auto_init_nobinit                     
00008a59  __TI_decompress_lzss                       
000096bd  __TI_decompress_none                       
00008c35  __TI_ltoa                                  
ffffffff  __TI_pprof_out_hndl                        
00004a29  __TI_printfi                               
ffffffff  __TI_prof_data_size                        
ffffffff  __TI_prof_data_start                       
00000000  __TI_static_base__                         
000096ef  __TI_zero_init                             
00008697  __aeabi_cdcmpeq                            
00008697  __aeabi_cdcmple                            
0000871d  __aeabi_cdrcmple                           
00008ea1  __aeabi_d2iz                               
00007217  __aeabi_dadd                               
00007cf9  __aeabi_ddiv                               
00008195  __aeabi_dmul                               
0000720d  __aeabi_dsub                               
00009735  __aeabi_errno_addr                         
000092f5  __aeabi_i2d                                
00005477  __aeabi_idiv0                              
00005477  __aeabi_ldiv0                              
0000889f  __aeabi_memclr                             
0000889f  __aeabi_memclr4                            
0000889f  __aeabi_memclr8                            
000084df  __aeabi_memcpy                             
000084df  __aeabi_memcpy4                            
000084df  __aeabi_memcpy8                            
000088a1  __aeabi_memset                             
000088a1  __aeabi_memset4                            
000088a1  __aeabi_memset8                            
0000857b  __aeabi_uldivmod                           
ffffffff  __binit__                                  
ffffffff  __c_args__                                 
UNDEFED   __mpu_init                                 
2000d6c0  __stack                                    
20000000  __start___llvm_prf_cnts                    
000068c9  __sti___8_main_cpp_main                    
20000000  __stop___llvm_prf_cnts                     
000091d1  _c_int00_noargs                            
0000ab30  _ctypes_                                   
20008040  _lock                                      
00004a27  _nop                                       
UNDEFED   _system_post_cinit                         
00009755  _system_pre_init                           
20008044  _unlock                                    
00009759  abort                                      
00007695  atan2f                                     
000077ed  atanf                                      
00008d75  atoi                                       
ffffffff  binit                                      
0000950d  copysign                                   
0000950d  copysignl                                  
00000621  eTaskGetState                              
20008058  errno                                      
000087a5  floorf                                     
00008ac1  frexp                                      
00008ac1  frexpl                                     
2000d6b6  fruit                                      
2000d5fc  gContext                                   
2000d6a8  gSysClk                                    
00000000  g_pfnVectors                               
0000b14c  g_psDefaultCodePointMapTable               
0000b124  g_sCrystalfontz128x128                     
0000ac34  g_sFontCm30                                
0000acfc  g_sFontFixed6x8                            
20008048  gameState                                  
2000804d  hasFruit                                   
2000804f  highScore                                  
00008085  ldexp                                      
00008085  ldexpl                                     
00006671  main                                       
000094d7  memccpy                                    
000084df  memcpy                                     
000088a7  memset                                     
00003347  pcQueueGetName                             
00000f73  pcTaskGetName                              
000060ed  pvPortCalloc                               
00005f41  pvPortMalloc                               
00001d89  pvTaskIncrementMutexHeldCount              
20008000  pxCurrentTCB                               
00007bbd  pxPortInitialiseStack                      
00009205  rand                                       
00008085  scalbn                                     
00008085  scalbnl                                    
2000804e  score                                      
2000cf74  snek                                       
20008050  snekLength                                 
00008dc1  snprintf                                   
000093a5  sqrtf                                      
000095dd  strchr                                     
00009609  strlen                                     
00003057  ucQueueGetQueueType                        
0000b17c  ulMaxSyscallInterruptPriority              
000082a1  ulPortGetIPSR                              
00001da5  ulTaskGenericNotifyTake                    
0000248b  ulTaskGenericNotifyValueClear              
00007f15  uxListRemove                               
00003067  uxQueueGetQueueItemSize                    
00003075  uxQueueGetQueueLength                      
00003037  uxQueueGetQueueNumber                      
00002fd5  uxQueueMessagesWaiting                     
0000300b  uxQueueMessagesWaitingFromISR              
00002feb  uxQueueSpacesAvailable                     
00000751  uxTaskBasePriorityGet                      
0000077d  uxTaskBasePriorityGetFromISR               
00000f6d  uxTaskGetNumberOfTasks                     
00001981  uxTaskGetStackHighWaterMark                
00000fa5  uxTaskGetSystemState                       
000016e1  uxTaskGetTaskNumber                        
000006f3  uxTaskPriorityGet                          
00000717  uxTaskPriorityGetFromISR                   
00001d61  uxTaskResetEventItemValue                  
00007e2f  vListInitialise                            
00007e5f  vListInitialiseItem                        
00007ead  vListInsert                                
00007e6f  vListInsertEnd                             
0000835d  vPortEnableVFP                             
00007c5d  vPortEndScheduler                          
00007c5f  vPortEnterCritical                         
00007c7f  vPortExitCritical                          
00006085  vPortFree                                  
00006279  vPortGetHeapStats                          
0000631f  vPortHeapResetState                        
000060eb  vPortInitialiseBlocks                      
00008319  vPortSVCHandler                            
00007cbb  vPortSetupTimerInterrupt                   
00008339  vPortStartFirstTask                        
000032d9  vQueueAddToRegistry                        
00003021  vQueueDelete                               
00003045  vQueueSetQueueNumber                       
00003387  vQueueUnregisterQueue                      
000005c9  vTaskDelay                                 
00000465  vTaskDelete                                
00000d1f  vTaskEndScheduler                          
000022d1  vTaskGenericNotifyGiveFromISR              
000017d9  vTaskGetInfo                               
00001635  vTaskInternalSetTimeOutState               
000016d9  vTaskMissedYield                           
000012f1  vTaskPlaceOnEventList                      
00001315  vTaskPlaceOnUnorderedEventList             
00001c49  vTaskPriorityDisinheritAfterTimeout        
000007cd  vTaskPrioritySet                           
000014fd  vTaskRemoveFromUnorderedEventList          
000025ad  vTaskResetState                            
00000a9b  vTaskResume                                
00001701  vTaskSetTaskNumber                         
00001617  vTaskSetTimeOutState                       
00000ce5  vTaskStartScheduler                        
00000943  vTaskSuspend                               
00000d61  vTaskSuspendAll                            
00001289  vTaskSwitchContext                         
0000962f  wcslen                                     
2000d6ac  xMutexLCD                                  
000060df  xPortGetFreeHeapSize                       
000060e5  xPortGetMinimumEverFreeHeapSize            
000082b9  xPortPendSVHandler                         
00007c27  xPortStartScheduler                        
00007c95  xPortSysTickHandler                        
0000280d  xQueueCreateMutex                          
00002733  xQueueGenericCreate                        
00002661  xQueueGenericReset                         
000028b9  xQueueGenericSend                          
000029e9  xQueueGenericSendFromISR                   
00002a9b  xQueueGiveFromISR                          
00002839  xQueueGiveMutexRecursive                   
0000326d  xQueueIsQueueEmptyFromISR                  
000032b3  xQueueIsQueueFullFromISR                   
00002db7  xQueuePeek                                 
00002f83  xQueuePeekFromISR                          
00002b3f  xQueueReceive                              
00002ed9  xQueueReceiveFromISR                       
2000d5ac  xQueueRegistry                             
00002c5d  xQueueSemaphoreTake                        
00002875  xQueueTakeMutexRecursive                   
0000107d  xTaskCatchUpTicks                          
00001655  xTaskCheckForTimeOut                       
0000026d  xTaskCreate                                
00000539  xTaskDelayUntil                            
00001f55  xTaskGenericNotify                         
000020e1  xTaskGenericNotifyFromISR                  
00002441  xTaskGenericNotifyStateClear               
00001e65  xTaskGenericNotifyWait                     
000019fd  xTaskGetCurrentTaskHandle                  
00001a21  xTaskGetCurrentTaskHandleForCore           
00000f41  xTaskGetTickCount                          
00000f55  xTaskGetTickCountFromISR                   
000010b9  xTaskIncrementTick                         
00001b65  xTaskPriorityDisinherit                    
00001a4b  xTaskPriorityInherit                       
00001385  xTaskRemoveFromEventList                   
00000d7d  xTaskResumeAll                             
00000b79  xTaskResumeFromISR                         


GLOBAL SYMBOLS: SORTED BY Symbol Address 

address   name                                       
-------   ----                                       
00000000  __TI_static_base__                         
00000000  g_pfnVectors                               
0000026d  xTaskCreate                                
00000465  vTaskDelete                                
00000539  xTaskDelayUntil                            
000005c9  vTaskDelay                                 
00000621  eTaskGetState                              
000006f3  uxTaskPriorityGet                          
00000717  uxTaskPriorityGetFromISR                   
00000751  uxTaskBasePriorityGet                      
0000077d  uxTaskBasePriorityGetFromISR               
000007cd  vTaskPrioritySet                           
00000800  __STACK_SIZE                               
00000943  vTaskSuspend                               
00000a9b  vTaskResume                                
00000b79  xTaskResumeFromISR                         
00000ce5  vTaskStartScheduler                        
00000d1f  vTaskEndScheduler                          
00000d61  vTaskSuspendAll                            
00000d7d  xTaskResumeAll                             
00000f41  xTaskGetTickCount                          
00000f55  xTaskGetTickCountFromISR                   
00000f6d  uxTaskGetNumberOfTasks                     
00000f73  pcTaskGetName                              
00000fa5  uxTaskGetSystemState                       
0000107d  xTaskCatchUpTicks                          
000010b9  xTaskIncrementTick                         
00001289  vTaskSwitchContext                         
000012f1  vTaskPlaceOnEventList                      
00001315  vTaskPlaceOnUnorderedEventList             
00001385  xTaskRemoveFromEventList                   
000014fd  vTaskRemoveFromUnorderedEventList          
00001617  vTaskSetTimeOutState                       
00001635  vTaskInternalSetTimeOutState               
00001655  xTaskCheckForTimeOut                       
000016d9  vTaskMissedYield                           
000016e1  uxTaskGetTaskNumber                        
00001701  vTaskSetTaskNumber                         
000017d9  vTaskGetInfo                               
00001981  uxTaskGetStackHighWaterMark                
000019fd  xTaskGetCurrentTaskHandle                  
00001a21  xTaskGetCurrentTaskHandleForCore           
00001a4b  xTaskPriorityInherit                       
00001b65  xTaskPriorityDisinherit                    
00001c49  vTaskPriorityDisinheritAfterTimeout        
00001d61  uxTaskResetEventItemValue                  
00001d89  pvTaskIncrementMutexHeldCount              
00001da5  ulTaskGenericNotifyTake                    
00001e65  xTaskGenericNotifyWait                     
00001f55  xTaskGenericNotify                         
000020e1  xTaskGenericNotifyFromISR                  
000022d1  vTaskGenericNotifyGiveFromISR              
00002441  xTaskGenericNotifyStateClear               
0000248b  ulTaskGenericNotifyValueClear              
000025ad  vTaskResetState                            
00002661  xQueueGenericReset                         
00002733  xQueueGenericCreate                        
0000280d  xQueueCreateMutex                          
00002839  xQueueGiveMutexRecursive                   
00002875  xQueueTakeMutexRecursive                   
000028b9  xQueueGenericSend                          
000029e9  xQueueGenericSendFromISR                   
00002a9b  xQueueGiveFromISR                          
00002b3f  xQueueReceive                              
00002c5d  xQueueSemaphoreTake                        
00002db7  xQueuePeek                                 
00002ed9  xQueueReceiveFromISR                       
00002f83  xQueuePeekFromISR                          
00002fd5  uxQueueMessagesWaiting                     
00002feb  uxQueueSpacesAvailable                     
0000300b  uxQueueMessagesWaitingFromISR              
00003021  vQueueDelete                               
00003037  uxQueueGetQueueNumber                      
00003045  vQueueSetQueueNumber                       
00003057  ucQueueGetQueueType                        
00003067  uxQueueGetQueueItemSize                    
00003075  uxQueueGetQueueLength                      
0000326d  xQueueIsQueueEmptyFromISR                  
000032b3  xQueueIsQueueFullFromISR                   
000032d9  vQueueAddToRegistry                        
00003347  pcQueueGetName                             
00003387  vQueueUnregisterQueue                      
00003569  _ZN8JoystickC1Ehhhjjj10ButtonPull          
00003569  _ZN8JoystickC2Ehhhjjj10ButtonPull          
0000379f  _ZN8Joystick5beginEv                       
00003821  _ZN8Joystick4tickEv                        
00003861  _ZN8Joystick15calibrateCenterEt            
000038f5  _ZN8Joystick14sanitizeRangesEv             
000039d3  _ZN8Joystick19configureGpioAnalogEhRhRjS0_ 
00003a37  _ZN8Joystick21configureAdcSequencerEv      
00003ad5  _ZN8Joystick8readAdc2ERtS0_                
00003b81  _ZN8Joystick18filterAndNormalizeEv         
00003d5b  _ZN8Joystick21computePolarAndEventsEv      
00003f21  _ZNK8Joystick9quantize8Ef                  
00004065  _ZN6ButtonC1Ehjjj10ButtonPull              
00004065  _ZN6ButtonC2Ehjjj10ButtonPull              
00004203  _ZN6Button4tickEv                          
00004295  _ZN6Button4tickEb                          
0000430d  _ZN6Button5beginEv                         
0000434b  _ZN6Button7setPullE10ButtonPull            
00004365  _ZN6Button13setDebounceMsEi                
00004377  _ZN6Button10setClickMsEj                   
00004389  _ZN6Button10setPressMsEj                   
0000439b  _ZN6Button9setIdleMsEj                     
000043ad  _ZN6Button22setLongPressIntervalMsEj       
000043bf  _ZN6Button17setTickIntervalMsEj            
000043d1  _ZN6Button11attachPressEPFvvE              
000043e3  _ZN6Button11attachPressEPFvPvES0_          
000043fd  _ZN6Button11attachClickEPFvvE              
0000440f  _ZN6Button11attachClickEPFvPvES0_          
00004429  _ZN6Button17attachDoubleClickEPFvvE        
00004449  _ZN6Button17attachDoubleClickEPFvPvES0_    
0000447d  _ZN6Button16attachMultiClickEPFvvE         
0000449d  _ZN6Button16attachMultiClickEPFvPvES0_     
000044c5  _ZN6Button20attachLongPressStartEPFvvE     
000044d9  _ZN6Button20attachLongPressStartEPFvPvES0_ 
000044f7  _ZN6Button19attachLongPressStopEPFvvE      
0000450b  _ZN6Button19attachLongPressStopEPFvPvES0_  
00004529  _ZN6Button21attachDuringLongPressEPFvvE    
0000453d  _ZN6Button21attachDuringLongPressEPFvPvES0_
0000455b  _ZN6Button10attachIdleEPFvvE               
0000456f  _ZN6Button5resetEv                         
000045b1  _ZNK6Button15getNumberClicksEv             
000045bf  _ZNK6Button6isIdleEv                       
000045d3  _ZNK6Button13isLongPressedEv               
000045eb  _ZN6Button10wasPressedEv                   
00004607  _ZNK6Button9isPressedEv                    
00004615  _ZN6Button11wasReleasedEv                  
00004631  _ZN6Button15isDoubleClickedEv              
00004651  _ZN6Button13attachReleaseEPFvvE            
00004665  _ZNK6Button11getHoldTimeEv                 
00004675  _ZN6Button12readPhysicalEv                 
000046d1  _ZN6Button14applyPadConfigEv               
00004719  _ZN6Button3fsmEb                           
0000498f  _ZN6Button8newStateENS_12StateMachineE     
000049a1  _ZN6Button8debounceEb                      
00004a27  _nop                                       
00004a29  __TI_printfi                               
00005477  __aeabi_idiv0                              
00005477  __aeabi_ldiv0                              
00005479  Crystalfontz128x128_Init                   
0000551f  Crystalfontz128x128_SetDrawFrame           
000055fb  Crystalfontz128x128_SetOrientation         
00005acb  _Z8LCD_Initv                               
00005b33  _Z8DrawGamePK13snekGameState               
00005c89  _Z12DrawKilScrenv                          
00005f41  pvPortMalloc                               
00006085  vPortFree                                  
000060df  xPortGetFreeHeapSize                       
000060e5  xPortGetMinimumEverFreeHeapSize            
000060eb  vPortInitialiseBlocks                      
000060ed  pvPortCalloc                               
00006279  vPortGetHeapStats                          
0000631f  vPortHeapResetState                        
00006361  _Z9ResetGamev                              
000063df  _Z16IsPositionOnSnekhh                     
00006437  _Z12IsHeadOnSnekv                          
00006487  _Z10SpawnFruitv                            
000064d9  _Z13HasEatenFruitv                         
000064ff  _Z8movesnekv                               
00006671  main                                       
000068c9  __sti___8_main_cpp_main                    
00006be9  GrFontGlyphRender                          
00006e3d  SysCtlClockFreqSet                         
0000720d  __aeabi_dsub                               
00007217  __aeabi_dadd                               
000073c5  GPIOPadConfigSet                           
0000760b  _Z11Buzzer_Initv                           
00007637  _Z11Buzzer_Postjj                          
00007695  atan2f                                     
000077ed  atanf                                      
0000793d  HAL_LCD_PortInit                           
00007993  HAL_LCD_SpiInit                            
000079ed  HAL_LCD_writeCommand                       
00007a27  HAL_LCD_writeData                          
00007bbd  pxPortInitialiseStack                      
00007c27  xPortStartScheduler                        
00007c5d  vPortEndScheduler                          
00007c5f  vPortEnterCritical                         
00007c7f  vPortExitCritical                          
00007c95  xPortSysTickHandler                        
00007cbb  vPortSetupTimerInterrupt                   
00007cf9  __aeabi_ddiv                               
00007e2f  vListInitialise                            
00007e5f  vListInitialiseItem                        
00007e6f  vListInsertEnd                             
00007ead  vListInsert                                
00007f15  uxListRemove                               
00008085  ldexp                                      
00008085  ldexpl                                     
00008085  scalbn                                     
00008085  scalbnl                                    
00008195  __aeabi_dmul                               
000082a1  ulPortGetIPSR                              
000082b9  xPortPendSVHandler                         
00008319  vPortSVCHandler                            
00008339  vPortStartFirstTask                        
0000835d  vPortEnableVFP                             
0000836b  GrDefaultStringRenderer                    
000084df  __aeabi_memcpy                             
000084df  __aeabi_memcpy4                            
000084df  __aeabi_memcpy8                            
000084df  memcpy                                     
0000857b  __aeabi_uldivmod                           
00008611  GrRectFill                                 
00008697  __aeabi_cdcmpeq                            
00008697  __aeabi_cdcmple                            
0000871d  __aeabi_cdrcmple                           
000087a5  floorf                                     
00008825  ADCSequenceStepConfigure                   
0000889f  __aeabi_memclr                             
0000889f  __aeabi_memclr4                            
0000889f  __aeabi_memclr8                            
000088a1  __aeabi_memset                             
000088a1  __aeabi_memset4                            
000088a1  __aeabi_memset8                            
000088a7  memset                                     
00008989  GrContextInit                              
000089f1  GrStringWidthGet                           
00008a59  __TI_decompress_lzss                       
00008ac1  frexp                                      
00008ac1  frexpl                                     
00008b25  __TI_auto_init_nobinit                     
00008c35  __TI_ltoa                                  
00008cdb  ADCSequenceConfigure                       
00008d29  GPIOPinConfigure                           
00008d75  atoi                                       
00008dc1  snprintf                                   
00008ea1  __aeabi_d2iz                               
00008ee9  _ZN8Joystick7clamp01Ef                     
00008f2d  _ZN8Joystick10emitCenterEv                 
00008f6d  _ZN8Joystick10emitRepeatEv                 
00008fad  _ZN8Joystick12emitTiltStopEv               
00008fed  _ZN8Joystick13emitTiltStartEv              
0000902d  _ZN8Joystick14emitDirChangedEv             
0000906d  _ZN8Joystick8emitMoveEv                    
00009127  SSIConfigSetExpClk                         
00009165  SysCtlPeripheralReady                      
0000919d  SysCtlPeripheralEnable                     
000091d1  _c_int00_noargs                            
00009205  rand                                       
00009239  _ZN8Joystick6EventsC1Ev                    
00009299  ADCIntStatus                               
000092c7  GrStringNextCharGet                        
000092f5  __aeabi_i2d                                
00009323  GPIODirModeSet                             
0000934f  GrFontBaselineGet                          
0000937b  _ZN8Joystick10fabsf_fastEf                 
000093a5  sqrtf                                      
000093cd  GrFontInfoGet                              
000093f3  _ZN8Joystick17setTickIntervalMsEj          
00009417  GrFontGlyphDataGet                         
00009439  PWMGenConfigure                            
0000947d  ADCSequenceDataGet                         
0000949b  GrFontCodepageGet                          
000094b9  PWMPulseWidthSet                           
000094d7  memccpy                                    
000094f3  GPIOPinTypeGPIOOutput                      
0000950d  copysign                                   
0000950d  copysignl                                  
00009527  ADCProcessorTrigger                        
0000953f  _ZN8Joystick11setDeadzoneEf                
0000956f  GPIOPinTypeADC                             
00009585  GPIOPinTypeGPIOInput                       
0000959b  GPIOPinTypePWM                             
000095b1  GPIOPinTypeSSI                             
000095c7  GrStringDraw                               
000095dd  strchr                                     
000095f5  PWMClockSet                                
00009609  strlen                                     
0000961d  PWMOutputState                             
0000962f  wcslen                                     
00009641  FPUEnable                                  
00009651  FPULazyStackingEnable                      
00009661  IntMasterDisable                           
00009671  IntMasterEnable                            
00009681  PWMGenPeriodSet                            
00009691  _ZNK8Joystick10direction8Ev                
000096a1  ADCSequenceDisable                         
000096af  ADCSequenceEnable                          
000096bd  __TI_decompress_none                       
000096cb  CPUcpsid                                   
000096d7  CPUcpsie                                   
000096e3  PWMGenEnable                               
000096ef  __TI_zero_init                             
000096fb  ResetISR                                   
00009707  ADCIntClear                                
00009711  SSIDataPut                                 
0000971b  SSIEnable                                  
00009725  GrMapISO8859_1_Unicode                     
0000972d  SSIBusy                                    
00009735  __aeabi_errno_addr                         
0000973d  GPIOPinRead                                
00009743  GPIOPinWrite                               
00009749  GrContextFontSet                           
0000974f  SysCtlDelay                                
00009755  _system_pre_init                           
00009759  C$$EXIT                                    
00009759  abort                                      
0000ab30  _ctypes_                                   
0000ac34  g_sFontCm30                                
0000acfc  g_sFontFixed6x8                            
0000b124  g_sCrystalfontz128x128                     
0000b14c  g_psDefaultCodePointMapTable               
0000b17c  ulMaxSyscallInterruptPriority              
0000b184  SHT$$INIT_ARRAY$$Base                      
0000b188  SHT$$INIT_ARRAY$$Limit                     
0000b1ac  __TI_Handler_Table_Base                    
0000b1b8  __TI_Handler_Table_Limit                   
0000b1c0  __TI_CINIT_Base                            
0000b1d0  __TI_CINIT_Limit                           
20000000  Lcd_buffer                                 
20000000  __start___llvm_prf_cnts                    
20000000  __stop___llvm_prf_cnts                     
20008000  pxCurrentTCB                               
20008040  _lock                                      
20008044  _unlock                                    
20008048  gameState                                  
2000804d  hasFruit                                   
2000804e  score                                      
2000804f  highScore                                  
20008050  snekLength                                 
20008058  errno                                      
2000cf74  snek                                       
2000d5ac  xQueueRegistry                             
2000d5fc  gContext                                   
2000d6a8  gSysClk                                    
2000d6ac  xMutexLCD                                  
2000d6b0  Lcd_ScreenHeigth                           
2000d6b2  Lcd_ScreenWidth                            
2000d6b4  Lcd_TouchTrim                              
2000d6b6  fruit                                      
2000d6b8  Lcd_FlagRead                               
2000d6b9  Lcd_FontSolid                              
2000d6ba  Lcd_Orientation                            
2000d6bb  Lcd_PenSolid                               
2000d6c0  __stack                                    
2000d8c0  __STACK_TOP                                
2000dec0  __STACK_END                                
ffffffff  __TI_pprof_out_hndl                        
ffffffff  __TI_prof_data_size                        
ffffffff  __TI_prof_data_start                       
ffffffff  __binit__                                  
ffffffff  __c_args__                                 
ffffffff  binit                                      
UNDEFED   __mpu_init                                 
UNDEFED   _system_post_cinit                         

[347 symbols]
