<?xml version="1.0" encoding="ISO-8859-1" ?>
<link_info>
   <banner>TI ARM Linker PC v20.2.7.LTS</banner>
   <copyright>Copyright (c) 1996-2018 Texas Instruments Incorporated</copyright>
   <link_time>0x69388b50</link_time>
   <link_errors>0x0</link_errors>
   <output_file>ece3849_Lab4_rmartinkat_raguilar.out</output_file>
   <entry_point>
      <name>_c_int00_noargs</name>
      <address>0xa919</address>
   </entry_point>
   <input_file_list>
      <input_file id="fl-2">
         <path>.\</path>
         <kind>object</kind>
         <file>buzzer.obj</file>
         <name>buzzer.obj</name>
      </input_file>
      <input_file id="fl-3">
         <path>.\</path>
         <kind>object</kind>
         <file>display.obj</file>
         <name>display.obj</name>
      </input_file>
      <input_file id="fl-4">
         <path>.\</path>
         <kind>object</kind>
         <file>game.obj</file>
         <name>game.obj</name>
      </input_file>
      <input_file id="fl-5">
         <path>.\</path>
         <kind>object</kind>
         <file>main.obj</file>
         <name>main.obj</name>
      </input_file>
      <input_file id="fl-6">
         <path>.\</path>
         <kind>object</kind>
         <file>startup_ccs.obj</file>
         <name>startup_ccs.obj</name>
      </input_file>
      <input_file id="fl-7">
         <path>.\FreeRTOS\</path>
         <kind>object</kind>
         <file>croutine.obj</file>
         <name>croutine.obj</name>
      </input_file>
      <input_file id="fl-8">
         <path>.\FreeRTOS\</path>
         <kind>object</kind>
         <file>event_groups.obj</file>
         <name>event_groups.obj</name>
      </input_file>
      <input_file id="fl-9">
         <path>.\FreeRTOS\</path>
         <kind>object</kind>
         <file>list.obj</file>
         <name>list.obj</name>
      </input_file>
      <input_file id="fl-a">
         <path>.\FreeRTOS\</path>
         <kind>object</kind>
         <file>queue.obj</file>
         <name>queue.obj</name>
      </input_file>
      <input_file id="fl-b">
         <path>.\FreeRTOS\</path>
         <kind>object</kind>
         <file>stream_buffer.obj</file>
         <name>stream_buffer.obj</name>
      </input_file>
      <input_file id="fl-c">
         <path>.\FreeRTOS\</path>
         <kind>object</kind>
         <file>tasks.obj</file>
         <name>tasks.obj</name>
      </input_file>
      <input_file id="fl-d">
         <path>.\FreeRTOS\</path>
         <kind>object</kind>
         <file>timers.obj</file>
         <name>timers.obj</name>
      </input_file>
      <input_file id="fl-e">
         <path>.\FreeRTOS\portable\CCS\ARM_CM4F\</path>
         <kind>object</kind>
         <file>port.obj</file>
         <name>port.obj</name>
      </input_file>
      <input_file id="fl-f">
         <path>.\FreeRTOS\portable\CCS\ARM_CM4F\</path>
         <kind>object</kind>
         <file>portasm.obj</file>
         <name>portasm.obj</name>
      </input_file>
      <input_file id="fl-10">
         <path>.\FreeRTOS\portable\MemMang\</path>
         <kind>object</kind>
         <file>heap_4.obj</file>
         <name>heap_4.obj</name>
      </input_file>
      <input_file id="fl-11">
         <path>.\libraries\OPT3001\</path>
         <kind>object</kind>
         <file>OPT3001.obj</file>
         <name>OPT3001.obj</name>
      </input_file>
      <input_file id="fl-12">
         <path>.\libraries\buttonsDriver\</path>
         <kind>object</kind>
         <file>button.obj</file>
         <name>button.obj</name>
      </input_file>
      <input_file id="fl-13">
         <path>.\libraries\display\</path>
         <kind>object</kind>
         <file>Crystalfontz128x128_ST7735.obj</file>
         <name>Crystalfontz128x128_ST7735.obj</name>
      </input_file>
      <input_file id="fl-14">
         <path>.\libraries\display\</path>
         <kind>object</kind>
         <file>HAL_EK_TM4C1294XL_Crystalfontz128x128_ST7735.obj</file>
         <name>HAL_EK_TM4C1294XL_Crystalfontz128x128_ST7735.obj</name>
      </input_file>
      <input_file id="fl-15">
         <path>.\libraries\joystickDriver\</path>
         <kind>object</kind>
         <file>joystick.obj</file>
         <name>joystick.obj</name>
      </input_file>
      <input_file id="fl-16">
         <path>.\libraries\</path>
         <kind>object</kind>
         <file>sysctl_pll.obj</file>
         <name>sysctl_pll.obj</name>
      </input_file>
      <input_file id="fl-17">
         <path>.\libraries\timerLib\</path>
         <kind>object</kind>
         <file>timerLib.obj</file>
         <name>timerLib.obj</name>
      </input_file>
      <input_file id="fl-1d">
         <kind>object</kind>
         <file>&lt;internal&gt;</file>
         <name>&lt;internal&gt;</name>
      </input_file>
      <input_file id="fl-d3">
         <path>C:\ti\ccs1281\ccs\tools\compiler\ti-cgt-arm_20.2.7.LTS\lib\</path>
         <kind>archive</kind>
         <file>rtsv7M4_T_le_v4SPD16_eabi.lib</file>
         <name>e_atan2f.c.obj</name>
      </input_file>
      <input_file id="fl-d4">
         <path>C:\ti\ccs1281\ccs\tools\compiler\ti-cgt-arm_20.2.7.LTS\lib\</path>
         <kind>archive</kind>
         <file>rtsv7M4_T_le_v4SPD16_eabi.lib</file>
         <name>e_sqrtf.c.obj</name>
      </input_file>
      <input_file id="fl-d5">
         <path>C:\ti\ccs1281\ccs\tools\compiler\ti-cgt-arm_20.2.7.LTS\lib\</path>
         <kind>archive</kind>
         <file>rtsv7M4_T_le_v4SPD16_eabi.lib</file>
         <name>s_atanf.c.obj</name>
      </input_file>
      <input_file id="fl-d6">
         <path>C:\ti\ccs1281\ccs\tools\compiler\ti-cgt-arm_20.2.7.LTS\lib\</path>
         <kind>archive</kind>
         <file>rtsv7M4_T_le_v4SPD16_eabi.lib</file>
         <name>s_floorf.c.obj</name>
      </input_file>
      <input_file id="fl-d7">
         <path>C:\ti\ccs1281\ccs\tools\compiler\ti-cgt-arm_20.2.7.LTS\lib\</path>
         <kind>archive</kind>
         <file>rtsv7M4_T_le_v4SPD16_eabi.lib</file>
         <name>snprintf.c.obj</name>
      </input_file>
      <input_file id="fl-d8">
         <path>C:\ti\ccs1281\ccs\tools\compiler\ti-cgt-arm_20.2.7.LTS\lib\</path>
         <kind>archive</kind>
         <file>rtsv7M4_T_le_v4SPD16_eabi.lib</file>
         <name>memcpy_t2.asm.obj</name>
      </input_file>
      <input_file id="fl-d9">
         <path>C:\ti\ccs1281\ccs\tools\compiler\ti-cgt-arm_20.2.7.LTS\lib\</path>
         <kind>archive</kind>
         <file>rtsv7M4_T_le_v4SPD16_eabi.lib</file>
         <name>memset_t2.asm.obj</name>
      </input_file>
      <input_file id="fl-da">
         <path>C:\ti\ccs1281\ccs\tools\compiler\ti-cgt-arm_20.2.7.LTS\lib\</path>
         <kind>archive</kind>
         <file>rtsv7M4_T_le_v4SPD16_eabi.lib</file>
         <name>ull_div_t2.asm.obj</name>
      </input_file>
      <input_file id="fl-db">
         <path>C:\ti\ccs1281\ccs\tools\compiler\ti-cgt-arm_20.2.7.LTS\lib\</path>
         <kind>archive</kind>
         <file>rtsv7M4_T_le_v4SPD16_eabi.lib</file>
         <name>copy_zero_init.c.obj</name>
      </input_file>
      <input_file id="fl-dc">
         <path>C:\ti\ccs1281\ccs\tools\compiler\ti-cgt-arm_20.2.7.LTS\lib\</path>
         <kind>archive</kind>
         <file>rtsv7M4_T_le_v4SPD16_eabi.lib</file>
         <name>copy_decompress_none.c.obj</name>
      </input_file>
      <input_file id="fl-dd">
         <path>C:\ti\ccs1281\ccs\tools\compiler\ti-cgt-arm_20.2.7.LTS\lib\</path>
         <kind>archive</kind>
         <file>rtsv7M4_T_le_v4SPD16_eabi.lib</file>
         <name>copy_decompress_lzss.c.obj</name>
      </input_file>
      <input_file id="fl-de">
         <path>C:\ti\ccs1281\ccs\tools\compiler\ti-cgt-arm_20.2.7.LTS\lib\</path>
         <kind>archive</kind>
         <file>rtsv7M4_T_le_v4SPD16_eabi.lib</file>
         <name>rand.c.obj</name>
      </input_file>
      <input_file id="fl-df">
         <path>C:\ti\ccs1281\ccs\tools\compiler\ti-cgt-arm_20.2.7.LTS\lib\</path>
         <kind>archive</kind>
         <file>rtsv7M4_T_le_v4SPD16_eabi.lib</file>
         <name>strcmp.c.obj</name>
      </input_file>
      <input_file id="fl-e0">
         <path>C:\ti\ccs1281\ccs\tools\compiler\ti-cgt-arm_20.2.7.LTS\lib\</path>
         <kind>archive</kind>
         <file>rtsv7M4_T_le_v4SPD16_eabi.lib</file>
         <name>strcpy.c.obj</name>
      </input_file>
      <input_file id="fl-e1">
         <path>C:\ti\ccs1281\ccs\tools\compiler\ti-cgt-arm_20.2.7.LTS\lib\</path>
         <kind>archive</kind>
         <file>rtsv7M4_T_le_v4SPD16_eabi.lib</file>
         <name>strlen.c.obj</name>
      </input_file>
      <input_file id="fl-e2">
         <path>C:\ti\ccs1281\ccs\tools\compiler\ti-cgt-arm_20.2.7.LTS\lib\</path>
         <kind>archive</kind>
         <file>rtsv7M4_T_le_v4SPD16_eabi.lib</file>
         <name>strncpy.c.obj</name>
      </input_file>
      <input_file id="fl-e3">
         <path>C:\ti\ccs1281\ccs\tools\compiler\ti-cgt-arm_20.2.7.LTS\lib\</path>
         <kind>archive</kind>
         <file>rtsv7M4_T_le_v4SPD16_eabi.lib</file>
         <name>boot_cortex_m.c.obj</name>
      </input_file>
      <input_file id="fl-e4">
         <path>C:\ti\ccs1281\ccs\tools\compiler\ti-cgt-arm_20.2.7.LTS\lib\</path>
         <kind>archive</kind>
         <file>rtsv7M4_T_le_v4SPD16_eabi.lib</file>
         <name>errno.c.obj</name>
      </input_file>
      <input_file id="fl-e5">
         <path>C:\ti\ccs1281\ccs\tools\compiler\ti-cgt-arm_20.2.7.LTS\lib\</path>
         <kind>archive</kind>
         <file>rtsv7M4_T_le_v4SPD16_eabi.lib</file>
         <name>_printfi.c.obj</name>
      </input_file>
      <input_file id="fl-e6">
         <path>C:\ti\ccs1281\ccs\tools\compiler\ti-cgt-arm_20.2.7.LTS\lib\</path>
         <kind>archive</kind>
         <file>rtsv7M4_T_le_v4SPD16_eabi.lib</file>
         <name>div0.asm.obj</name>
      </input_file>
      <input_file id="fl-e7">
         <path>C:\ti\ccs1281\ccs\tools\compiler\ti-cgt-arm_20.2.7.LTS\lib\</path>
         <kind>archive</kind>
         <file>rtsv7M4_T_le_v4SPD16_eabi.lib</file>
         <name>fd_add_t2.asm.obj</name>
      </input_file>
      <input_file id="fl-e8">
         <path>C:\ti\ccs1281\ccs\tools\compiler\ti-cgt-arm_20.2.7.LTS\lib\</path>
         <kind>archive</kind>
         <file>rtsv7M4_T_le_v4SPD16_eabi.lib</file>
         <name>fd_cmp_t2.asm.obj</name>
      </input_file>
      <input_file id="fl-e9">
         <path>C:\ti\ccs1281\ccs\tools\compiler\ti-cgt-arm_20.2.7.LTS\lib\</path>
         <kind>archive</kind>
         <file>rtsv7M4_T_le_v4SPD16_eabi.lib</file>
         <name>fd_div_t2.asm.obj</name>
      </input_file>
      <input_file id="fl-ea">
         <path>C:\ti\ccs1281\ccs\tools\compiler\ti-cgt-arm_20.2.7.LTS\lib\</path>
         <kind>archive</kind>
         <file>rtsv7M4_T_le_v4SPD16_eabi.lib</file>
         <name>fd_mul_t2.asm.obj</name>
      </input_file>
      <input_file id="fl-eb">
         <path>C:\ti\ccs1281\ccs\tools\compiler\ti-cgt-arm_20.2.7.LTS\lib\</path>
         <kind>archive</kind>
         <file>rtsv7M4_T_le_v4SPD16_eabi.lib</file>
         <name>fd_toi_t2.asm.obj</name>
      </input_file>
      <input_file id="fl-ec">
         <path>C:\ti\ccs1281\ccs\tools\compiler\ti-cgt-arm_20.2.7.LTS\lib\</path>
         <kind>archive</kind>
         <file>rtsv7M4_T_le_v4SPD16_eabi.lib</file>
         <name>i_tofd_t2.asm.obj</name>
      </input_file>
      <input_file id="fl-ed">
         <path>C:\ti\ccs1281\ccs\tools\compiler\ti-cgt-arm_20.2.7.LTS\lib\</path>
         <kind>archive</kind>
         <file>rtsv7M4_T_le_v4SPD16_eabi.lib</file>
         <name>autoinit.c.obj</name>
      </input_file>
      <input_file id="fl-ee">
         <path>C:\ti\ccs1281\ccs\tools\compiler\ti-cgt-arm_20.2.7.LTS\lib\</path>
         <kind>archive</kind>
         <file>rtsv7M4_T_le_v4SPD16_eabi.lib</file>
         <name>pre_init.c.obj</name>
      </input_file>
      <input_file id="fl-ef">
         <path>C:\ti\ccs1281\ccs\tools\compiler\ti-cgt-arm_20.2.7.LTS\lib\</path>
         <kind>archive</kind>
         <file>rtsv7M4_T_le_v4SPD16_eabi.lib</file>
         <name>cpy_tbl.c.obj</name>
      </input_file>
      <input_file id="fl-f0">
         <path>C:\ti\ccs1281\ccs\tools\compiler\ti-cgt-arm_20.2.7.LTS\lib\</path>
         <kind>archive</kind>
         <file>rtsv7M4_T_le_v4SPD16_eabi.lib</file>
         <name>exit.c.obj</name>
      </input_file>
      <input_file id="fl-f1">
         <path>C:\ti\ccs1281\ccs\tools\compiler\ti-cgt-arm_20.2.7.LTS\lib\</path>
         <kind>archive</kind>
         <file>rtsv7M4_T_le_v4SPD16_eabi.lib</file>
         <name>_lock.c.obj</name>
      </input_file>
      <input_file id="fl-f2">
         <path>C:\ti\ccs1281\ccs\tools\compiler\ti-cgt-arm_20.2.7.LTS\lib\</path>
         <kind>archive</kind>
         <file>rtsv7M4_T_le_v4SPD16_eabi.lib</file>
         <name>_ltoa.c.obj</name>
      </input_file>
      <input_file id="fl-f3">
         <path>C:\ti\ccs1281\ccs\tools\compiler\ti-cgt-arm_20.2.7.LTS\lib\</path>
         <kind>archive</kind>
         <file>rtsv7M4_T_le_v4SPD16_eabi.lib</file>
         <name>args_main.c.obj</name>
      </input_file>
      <input_file id="fl-f4">
         <path>C:\ti\ccs1281\ccs\tools\compiler\ti-cgt-arm_20.2.7.LTS\lib\</path>
         <kind>archive</kind>
         <file>rtsv7M4_T_le_v4SPD16_eabi.lib</file>
         <name>atoi.c.obj</name>
      </input_file>
      <input_file id="fl-f5">
         <path>C:\ti\ccs1281\ccs\tools\compiler\ti-cgt-arm_20.2.7.LTS\lib\</path>
         <kind>archive</kind>
         <file>rtsv7M4_T_le_v4SPD16_eabi.lib</file>
         <name>ctype.c.obj</name>
      </input_file>
      <input_file id="fl-f6">
         <path>C:\ti\ccs1281\ccs\tools\compiler\ti-cgt-arm_20.2.7.LTS\lib\</path>
         <kind>archive</kind>
         <file>rtsv7M4_T_le_v4SPD16_eabi.lib</file>
         <name>memccpy.c.obj</name>
      </input_file>
      <input_file id="fl-f7">
         <path>C:\ti\ccs1281\ccs\tools\compiler\ti-cgt-arm_20.2.7.LTS\lib\</path>
         <kind>archive</kind>
         <file>rtsv7M4_T_le_v4SPD16_eabi.lib</file>
         <name>strchr.c.obj</name>
      </input_file>
      <input_file id="fl-f8">
         <path>C:\ti\ccs1281\ccs\tools\compiler\ti-cgt-arm_20.2.7.LTS\lib\</path>
         <kind>archive</kind>
         <file>rtsv7M4_T_le_v4SPD16_eabi.lib</file>
         <name>wcslen.c.obj</name>
      </input_file>
      <input_file id="fl-f9">
         <path>C:\ti\ccs1281\ccs\tools\compiler\ti-cgt-arm_20.2.7.LTS\lib\</path>
         <kind>archive</kind>
         <file>rtsv7M4_T_le_v4SPD16_eabi.lib</file>
         <name>s_frexp.c.obj</name>
      </input_file>
      <input_file id="fl-fa">
         <path>C:\ti\ccs1281\ccs\tools\compiler\ti-cgt-arm_20.2.7.LTS\lib\</path>
         <kind>archive</kind>
         <file>rtsv7M4_T_le_v4SPD16_eabi.lib</file>
         <name>s_scalbn.c.obj</name>
      </input_file>
      <input_file id="fl-fb">
         <path>C:\ti\ccs1281\ccs\tools\compiler\ti-cgt-arm_20.2.7.LTS\lib\</path>
         <kind>archive</kind>
         <file>rtsv7M4_T_le_v4SPD16_eabi.lib</file>
         <name>s_copysign.c.obj</name>
      </input_file>
      <input_file id="fl-fc">
         <path>C:\ti\TivaWare_C_Series-2.2.0.295\grlib\ccs\Debug\</path>
         <kind>archive</kind>
         <file>grlib.lib</file>
         <name>context.obj</name>
      </input_file>
      <input_file id="fl-fd">
         <path>C:\ti\TivaWare_C_Series-2.2.0.295\grlib\ccs\Debug\</path>
         <kind>archive</kind>
         <file>grlib.lib</file>
         <name>rectangle.obj</name>
      </input_file>
      <input_file id="fl-fe">
         <path>C:\ti\TivaWare_C_Series-2.2.0.295\grlib\ccs\Debug\</path>
         <kind>archive</kind>
         <file>grlib.lib</file>
         <name>string.obj</name>
      </input_file>
      <input_file id="fl-ff">
         <path>C:\ti\TivaWare_C_Series-2.2.0.295\grlib\ccs\Debug\</path>
         <kind>archive</kind>
         <file>grlib.lib</file>
         <name>fontcm16.obj</name>
      </input_file>
      <input_file id="fl-100">
         <path>C:\ti\TivaWare_C_Series-2.2.0.295\grlib\ccs\Debug\</path>
         <kind>archive</kind>
         <file>grlib.lib</file>
         <name>fontcm30.obj</name>
      </input_file>
      <input_file id="fl-101">
         <path>C:\ti\TivaWare_C_Series-2.2.0.295\grlib\ccs\Debug\</path>
         <kind>archive</kind>
         <file>grlib.lib</file>
         <name>fontfixed6x8.obj</name>
      </input_file>
      <input_file id="fl-102">
         <path>C:\ti\TivaWare_C_Series-2.2.0.295\grlib\ccs\Debug\</path>
         <kind>archive</kind>
         <file>grlib.lib</file>
         <name>charmap.obj</name>
      </input_file>
      <input_file id="fl-103">
         <path>C:\ti\TivaWare_C_Series-2.2.0.295\grlib\ccs\Debug\</path>
         <kind>archive</kind>
         <file>grlib.lib</file>
         <name>line.obj</name>
      </input_file>
      <input_file id="fl-104">
         <path>C:\ti\TivaWare_C_Series-2.2.0.295\driverlib\ccs\Debug\</path>
         <kind>archive</kind>
         <file>driverlib.lib</file>
         <name>adc.obj</name>
      </input_file>
      <input_file id="fl-105">
         <path>C:\ti\TivaWare_C_Series-2.2.0.295\driverlib\ccs\Debug\</path>
         <kind>archive</kind>
         <file>driverlib.lib</file>
         <name>fpu.obj</name>
      </input_file>
      <input_file id="fl-106">
         <path>C:\ti\TivaWare_C_Series-2.2.0.295\driverlib\ccs\Debug\</path>
         <kind>archive</kind>
         <file>driverlib.lib</file>
         <name>gpio.obj</name>
      </input_file>
      <input_file id="fl-107">
         <path>C:\ti\TivaWare_C_Series-2.2.0.295\driverlib\ccs\Debug\</path>
         <kind>archive</kind>
         <file>driverlib.lib</file>
         <name>i2c.obj</name>
      </input_file>
      <input_file id="fl-108">
         <path>C:\ti\TivaWare_C_Series-2.2.0.295\driverlib\ccs\Debug\</path>
         <kind>archive</kind>
         <file>driverlib.lib</file>
         <name>interrupt.obj</name>
      </input_file>
      <input_file id="fl-109">
         <path>C:\ti\TivaWare_C_Series-2.2.0.295\driverlib\ccs\Debug\</path>
         <kind>archive</kind>
         <file>driverlib.lib</file>
         <name>pwm.obj</name>
      </input_file>
      <input_file id="fl-10a">
         <path>C:\ti\TivaWare_C_Series-2.2.0.295\driverlib\ccs\Debug\</path>
         <kind>archive</kind>
         <file>driverlib.lib</file>
         <name>ssi.obj</name>
      </input_file>
      <input_file id="fl-10b">
         <path>C:\ti\TivaWare_C_Series-2.2.0.295\driverlib\ccs\Debug\</path>
         <kind>archive</kind>
         <file>driverlib.lib</file>
         <name>sysctl.obj</name>
      </input_file>
      <input_file id="fl-10c">
         <path>C:\ti\TivaWare_C_Series-2.2.0.295\driverlib\ccs\Debug\</path>
         <kind>archive</kind>
         <file>driverlib.lib</file>
         <name>timer.obj</name>
      </input_file>
      <input_file id="fl-10d">
         <path>C:\ti\TivaWare_C_Series-2.2.0.295\driverlib\ccs\Debug\</path>
         <kind>archive</kind>
         <file>driverlib.lib</file>
         <name>cpu.obj</name>
      </input_file>
   </input_file_list>
   <object_component_list>
      <object_component id="oc-12">
         <name>.intvecs</name>
         <load_address>0x0</load_address>
         <run_address>0x0</run_address>
         <size>0x200</size>
         <input_file_ref idref="fl-6"/>
      </object_component>
      <object_component id="oc-86">
         <name>.text</name>
         <load_address>0x200</load_address>
         <run_address>0x200</run_address>
         <size>0x2968</size>
         <input_file_ref idref="fl-c"/>
      </object_component>
      <object_component id="oc-12b">
         <name>.text</name>
         <load_address>0x2b68</load_address>
         <run_address>0x2b68</run_address>
         <size>0xe00</size>
         <input_file_ref idref="fl-a"/>
      </object_component>
      <object_component id="oc-10b">
         <name>.text</name>
         <load_address>0x3968</load_address>
         <run_address>0x3968</run_address>
         <size>0xbf4</size>
         <input_file_ref idref="fl-15"/>
      </object_component>
      <object_component id="oc-105">
         <name>.text</name>
         <load_address>0x455c</load_address>
         <run_address>0x455c</run_address>
         <size>0xa5e</size>
         <input_file_ref idref="fl-12"/>
      </object_component>
      <object_component id="oc-689">
         <name>.text:_nop</name>
         <load_address>0x4fba</load_address>
         <run_address>0x4fba</run_address>
         <size>0x2</size>
         <input_file_ref idref="fl-f1"/>
      </object_component>
      <object_component id="oc-42b">
         <name>.text:__TI_printfi</name>
         <load_address>0x4fbc</load_address>
         <run_address>0x4fbc</run_address>
         <size>0xa4e</size>
         <input_file_ref idref="fl-e5"/>
      </object_component>
      <object_component id="oc-49b">
         <name>.text</name>
         <load_address>0x5a0a</load_address>
         <run_address>0x5a0a</run_address>
         <size>0x2</size>
         <input_file_ref idref="fl-e6"/>
      </object_component>
      <object_component id="oc-77">
         <name>.text</name>
         <load_address>0x5a0c</load_address>
         <run_address>0x5a0c</run_address>
         <size>0xa20</size>
         <input_file_ref idref="fl-5"/>
      </object_component>
      <object_component id="oc-db">
         <name>.text</name>
         <load_address>0x642c</load_address>
         <run_address>0x642c</run_address>
         <size>0x8e0</size>
         <input_file_ref idref="fl-3"/>
      </object_component>
      <object_component id="oc-131">
         <name>.text</name>
         <load_address>0x6d0c</load_address>
         <run_address>0x6d0c</run_address>
         <size>0x684</size>
         <input_file_ref idref="fl-d"/>
      </object_component>
      <object_component id="oc-286">
         <name>.text</name>
         <load_address>0x7390</load_address>
         <run_address>0x7390</run_address>
         <size>0x5e4</size>
         <input_file_ref idref="fl-13"/>
      </object_component>
      <object_component id="oc-16c">
         <name>.text</name>
         <load_address>0x7974</load_address>
         <run_address>0x7974</run_address>
         <size>0x420</size>
         <input_file_ref idref="fl-10"/>
      </object_component>
      <object_component id="oc-199">
         <name>.text</name>
         <load_address>0x7d94</load_address>
         <run_address>0x7d94</run_address>
         <size>0x294</size>
         <input_file_ref idref="fl-4"/>
      </object_component>
      <object_component id="oc-638">
         <name>.text:_pconv_a</name>
         <load_address>0x8028</load_address>
         <run_address>0x8028</run_address>
         <size>0x270</size>
         <input_file_ref idref="fl-e5"/>
      </object_component>
      <object_component id="oc-6d2">
         <name>.text:GrFontGlyphRender</name>
         <load_address>0x8298</load_address>
         <run_address>0x8298</run_address>
         <size>0x252</size>
         <input_file_ref idref="fl-fe"/>
      </object_component>
      <object_component id="oc-14f">
         <name>.text:SysCtlClockFreqSet</name>
         <load_address>0x84ec</load_address>
         <run_address>0x84ec</run_address>
         <size>0x200</size>
         <input_file_ref idref="fl-10b"/>
      </object_component>
      <object_component id="oc-626">
         <name>.text:_pconv_g</name>
         <load_address>0x86ec</load_address>
         <run_address>0x86ec</run_address>
         <size>0x1d0</size>
         <input_file_ref idref="fl-e5"/>
      </object_component>
      <object_component id="oc-750">
         <name>.text</name>
         <load_address>0x88bc</load_address>
         <run_address>0x88bc</run_address>
         <size>0x1b6</size>
         <input_file_ref idref="fl-e7"/>
      </object_component>
      <object_component id="oc-2dd">
         <name>.text:GPIOPadConfigSet</name>
         <load_address>0x8a74</load_address>
         <run_address>0x8a74</run_address>
         <size>0x16c</size>
         <input_file_ref idref="fl-106"/>
      </object_component>
      <object_component id="oc-111">
         <name>.text</name>
         <load_address>0x8be0</load_address>
         <run_address>0x8be0</run_address>
         <size>0x164</size>
         <input_file_ref idref="fl-2"/>
      </object_component>
      <object_component id="oc-356">
         <name>.text:atan2f</name>
         <load_address>0x8d44</load_address>
         <run_address>0x8d44</run_address>
         <size>0x158</size>
         <input_file_ref idref="fl-d3"/>
      </object_component>
      <object_component id="oc-5c6">
         <name>.text:atanf</name>
         <load_address>0x8e9c</load_address>
         <run_address>0x8e9c</run_address>
         <size>0x150</size>
         <input_file_ref idref="fl-d5"/>
      </object_component>
      <object_component id="oc-530">
         <name>.text</name>
         <load_address>0x8fec</load_address>
         <run_address>0x8fec</run_address>
         <size>0x144</size>
         <input_file_ref idref="fl-14"/>
      </object_component>
      <object_component id="oc-632">
         <name>.text:_pconv_e</name>
         <load_address>0x9130</load_address>
         <run_address>0x9130</run_address>
         <size>0x13c</size>
         <input_file_ref idref="fl-e5"/>
      </object_component>
      <object_component id="oc-33">
         <name>.text</name>
         <load_address>0x926c</load_address>
         <run_address>0x926c</run_address>
         <size>0x13c</size>
         <input_file_ref idref="fl-e"/>
      </object_component>
      <object_component id="oc-736">
         <name>.text</name>
         <load_address>0x93a8</load_address>
         <run_address>0x93a8</run_address>
         <size>0x136</size>
         <input_file_ref idref="fl-e9"/>
      </object_component>
      <object_component id="oc-1cc">
         <name>.text</name>
         <load_address>0x94de</load_address>
         <run_address>0x94de</run_address>
         <size>0x130</size>
         <input_file_ref idref="fl-9"/>
      </object_component>
      <object_component id="oc-762">
         <name>.text:fcvt</name>
         <load_address>0x9610</load_address>
         <run_address>0x9610</run_address>
         <size>0x124</size>
         <input_file_ref idref="fl-e5"/>
      </object_component>
      <object_component id="oc-776">
         <name>.text:scalbn</name>
         <load_address>0x9734</load_address>
         <run_address>0x9734</run_address>
         <size>0x110</size>
         <input_file_ref idref="fl-fa"/>
      </object_component>
      <object_component id="oc-731">
         <name>.text</name>
         <load_address>0x9844</load_address>
         <run_address>0x9844</run_address>
         <size>0xfc</size>
         <input_file_ref idref="fl-ea"/>
      </object_component>
      <object_component id="oc-2e">
         <name>.text</name>
         <load_address>0x9940</load_address>
         <run_address>0x9940</run_address>
         <size>0xda</size>
         <input_file_ref idref="fl-f"/>
      </object_component>
      <object_component id="oc-544">
         <name>.text:GrDefaultStringRenderer</name>
         <load_address>0x9a1a</load_address>
         <run_address>0x9a1a</run_address>
         <size>0xc0</size>
         <input_file_ref idref="fl-fe"/>
      </object_component>
      <object_component id="oc-61b">
         <name>.text:_ltostr</name>
         <load_address>0x9adc</load_address>
         <run_address>0x9adc</run_address>
         <size>0xb1</size>
         <input_file_ref idref="fl-e5"/>
      </object_component>
      <object_component id="oc-47">
         <name>.text</name>
         <load_address>0x9b8e</load_address>
         <run_address>0x9b8e</run_address>
         <size>0x9c</size>
         <input_file_ref idref="fl-d8"/>
      </object_component>
      <object_component id="oc-178">
         <name>.text</name>
         <load_address>0x9c2a</load_address>
         <run_address>0x9c2a</run_address>
         <size>0x96</size>
         <input_file_ref idref="fl-da"/>
      </object_component>
      <object_component id="oc-280">
         <name>.text:GrRectFill</name>
         <load_address>0x9cc0</load_address>
         <run_address>0x9cc0</run_address>
         <size>0x86</size>
         <input_file_ref idref="fl-fd"/>
      </object_component>
      <object_component id="oc-621">
         <name>.text:__aeabi_cdcmple</name>
         <load_address>0x9d46</load_address>
         <run_address>0x9d46</run_address>
         <size>0x86</size>
         <input_file_ref idref="fl-e8"/>
      </object_component>
      <object_component id="oc-73b">
         <name>.text:__aeabi_cdrcmple</name>
         <load_address>0x9dcc</load_address>
         <run_address>0x9dcc</run_address>
         <size>0x86</size>
         <input_file_ref idref="fl-e8"/>
      </object_component>
      <object_component id="oc-38d">
         <name>.text:floorf</name>
         <load_address>0x9e54</load_address>
         <run_address>0x9e54</run_address>
         <size>0x80</size>
         <input_file_ref idref="fl-d6"/>
      </object_component>
      <object_component id="oc-320">
         <name>.text:ADCSequenceStepConfigure</name>
         <load_address>0x9ed4</load_address>
         <run_address>0x9ed4</run_address>
         <size>0x7a</size>
         <input_file_ref idref="fl-104"/>
      </object_component>
      <object_component id="oc-bd">
         <name>.text</name>
         <load_address>0x9f4e</load_address>
         <run_address>0x9f4e</run_address>
         <size>0x7a</size>
         <input_file_ref idref="fl-d9"/>
      </object_component>
      <object_component id="oc-75b">
         <name>.text:_mcpy</name>
         <load_address>0x9fc8</load_address>
         <run_address>0x9fc8</run_address>
         <size>0x6e</size>
         <input_file_ref idref="fl-e5"/>
      </object_component>
      <object_component id="oc-28c">
         <name>.text:GrContextInit</name>
         <load_address>0xa038</load_address>
         <run_address>0xa038</run_address>
         <size>0x68</size>
         <input_file_ref idref="fl-fc"/>
      </object_component>
      <object_component id="oc-2b3">
         <name>.text:GrStringWidthGet</name>
         <load_address>0xa0a0</load_address>
         <run_address>0xa0a0</run_address>
         <size>0x68</size>
         <input_file_ref idref="fl-fe"/>
      </object_component>
      <object_component id="oc-15">
         <name>.text:decompress:lzss:__TI_decompress_lzss</name>
         <load_address>0xa108</load_address>
         <run_address>0xa108</run_address>
         <size>0x68</size>
         <input_file_ref idref="fl-dd"/>
      </object_component>
      <object_component id="oc-770">
         <name>.text:frexp</name>
         <load_address>0xa170</load_address>
         <run_address>0xa170</run_address>
         <size>0x64</size>
         <input_file_ref idref="fl-f9"/>
      </object_component>
      <object_component id="oc-137">
         <name>.text:TimerConfigure</name>
         <load_address>0xa1d4</load_address>
         <run_address>0xa1d4</run_address>
         <size>0x60</size>
         <input_file_ref idref="fl-10c"/>
      </object_component>
      <object_component id="oc-24d">
         <name>.text:__TI_auto_init_nobinit:__TI_auto_init_nobinit</name>
         <load_address>0xa234</load_address>
         <run_address>0xa234</run_address>
         <size>0x60</size>
         <input_file_ref idref="fl-ed"/>
      </object_component>
      <object_component id="oc-6f3">
         <name>.text:FontWideGlyphDataGet</name>
         <load_address>0xa294</load_address>
         <run_address>0xa294</run_address>
         <size>0x5a</size>
         <input_file_ref idref="fl-fe"/>
      </object_component>
      <object_component id="oc-62c">
         <name>.text:_pconv_f</name>
         <load_address>0xa2ee</load_address>
         <run_address>0xa2ee</run_address>
         <size>0x56</size>
         <input_file_ref idref="fl-e5"/>
      </object_component>
      <object_component id="oc-745">
         <name>.text:__TI_ltoa</name>
         <load_address>0xa344</load_address>
         <run_address>0xa344</run_address>
         <size>0x54</size>
         <input_file_ref idref="fl-f2"/>
      </object_component>
      <object_component id="oc-755">
         <name>.text:_ecpy</name>
         <load_address>0xa398</load_address>
         <run_address>0xa398</run_address>
         <size>0x52</size>
         <input_file_ref idref="fl-e5"/>
      </object_component>
      <object_component id="oc-31a">
         <name>.text:ADCSequenceConfigure</name>
         <load_address>0xa3ea</load_address>
         <run_address>0xa3ea</run_address>
         <size>0x4e</size>
         <input_file_ref idref="fl-104"/>
      </object_component>
      <object_component id="oc-39f">
         <name>.text:GPIOPinConfigure</name>
         <load_address>0xa438</load_address>
         <run_address>0xa438</run_address>
         <size>0x4c</size>
         <input_file_ref idref="fl-106"/>
      </object_component>
      <object_component id="oc-615">
         <name>.text:atoi</name>
         <load_address>0xa484</load_address>
         <run_address>0xa484</run_address>
         <size>0x4c</size>
         <input_file_ref idref="fl-f4"/>
      </object_component>
      <object_component id="oc-15e">
         <name>.text:snprintf</name>
         <load_address>0xa4d0</load_address>
         <run_address>0xa4d0</run_address>
         <size>0x4c</size>
         <input_file_ref idref="fl-d7"/>
      </object_component>
      <object_component id="oc-552">
         <name>.text:UpdateContextCharMapping</name>
         <load_address>0xa51c</load_address>
         <run_address>0xa51c</run_address>
         <size>0x4a</size>
         <input_file_ref idref="fl-fe"/>
      </object_component>
      <object_component id="oc-415">
         <name>.text:_SysCtlFrequencyGet</name>
         <load_address>0xa568</load_address>
         <run_address>0xa568</run_address>
         <size>0x48</size>
         <input_file_ref idref="fl-10b"/>
      </object_component>
      <object_component id="oc-740">
         <name>.text</name>
         <load_address>0xa5b0</load_address>
         <run_address>0xa5b0</run_address>
         <size>0x48</size>
         <input_file_ref idref="fl-eb"/>
      </object_component>
      <object_component id="oc-3d8">
         <name>.text:_ZN8Joystick7clamp01Ef</name>
         <load_address>0xa5f8</load_address>
         <run_address>0xa5f8</run_address>
         <size>0x44</size>
         <input_file_ref idref="fl-5"/>
      </object_component>
      <object_component id="oc-36a">
         <name>.text:_ZN8Joystick10emitCenterEv</name>
         <load_address>0xa63c</load_address>
         <run_address>0xa63c</run_address>
         <size>0x40</size>
         <input_file_ref idref="fl-15"/>
      </object_component>
      <object_component id="oc-386">
         <name>.text:_ZN8Joystick10emitRepeatEv</name>
         <load_address>0xa67c</load_address>
         <run_address>0xa67c</run_address>
         <size>0x40</size>
         <input_file_ref idref="fl-15"/>
      </object_component>
      <object_component id="oc-363">
         <name>.text:_ZN8Joystick12emitTiltStopEv</name>
         <load_address>0xa6bc</load_address>
         <run_address>0xa6bc</run_address>
         <size>0x40</size>
         <input_file_ref idref="fl-15"/>
      </object_component>
      <object_component id="oc-35c">
         <name>.text:_ZN8Joystick13emitTiltStartEv</name>
         <load_address>0xa6fc</load_address>
         <run_address>0xa6fc</run_address>
         <size>0x40</size>
         <input_file_ref idref="fl-15"/>
      </object_component>
      <object_component id="oc-371">
         <name>.text:_ZN8Joystick14emitDirChangedEv</name>
         <load_address>0xa73c</load_address>
         <run_address>0xa73c</run_address>
         <size>0x40</size>
         <input_file_ref idref="fl-15"/>
      </object_component>
      <object_component id="oc-37f">
         <name>.text:_ZN8Joystick8emitMoveEv</name>
         <load_address>0xa77c</load_address>
         <run_address>0xa77c</run_address>
         <size>0x40</size>
         <input_file_ref idref="fl-15"/>
      </object_component>
      <object_component id="oc-768">
         <name>.text:_fcpy</name>
         <load_address>0xa7bc</load_address>
         <run_address>0xa7bc</run_address>
         <size>0x3e</size>
         <input_file_ref idref="fl-e5"/>
      </object_component>
      <object_component id="oc-6f9">
         <name>.text:FontGlyphDataGet</name>
         <load_address>0xa7fa</load_address>
         <run_address>0xa7fa</run_address>
         <size>0x3c</size>
         <input_file_ref idref="fl-fe"/>
      </object_component>
      <object_component id="oc-6b0">
         <name>.text:SSIConfigSetExpClk</name>
         <load_address>0xa836</load_address>
         <run_address>0xa836</run_address>
         <size>0x3c</size>
         <input_file_ref idref="fl-10a"/>
      </object_component>
      <object_component id="oc-f9">
         <name>.text:SysCtlPeripheralReady</name>
         <load_address>0xa874</load_address>
         <run_address>0xa874</run_address>
         <size>0x38</size>
         <input_file_ref idref="fl-10b"/>
      </object_component>
      <object_component id="oc-172">
         <name>.text:strncpy</name>
         <load_address>0xa8ac</load_address>
         <run_address>0xa8ac</run_address>
         <size>0x36</size>
         <input_file_ref idref="fl-e2"/>
      </object_component>
      <object_component id="oc-f3">
         <name>.text:SysCtlPeripheralEnable</name>
         <load_address>0xa8e4</load_address>
         <run_address>0xa8e4</run_address>
         <size>0x34</size>
         <input_file_ref idref="fl-10b"/>
      </object_component>
      <object_component id="oc-65">
         <name>.text:_c_int00_noargs:_c_int00_noargs</name>
         <load_address>0xa918</load_address>
         <run_address>0xa918</run_address>
         <size>0x34</size>
         <input_file_ref idref="fl-e3"/>
      </object_component>
      <object_component id="oc-4b8">
         <name>.text:rand</name>
         <load_address>0xa94c</load_address>
         <run_address>0xa94c</run_address>
         <size>0x34</size>
         <input_file_ref idref="fl-de"/>
      </object_component>
      <object_component id="oc-307">
         <name>.text:_ZN8Joystick6EventsC1Ev</name>
         <load_address>0xa980</load_address>
         <run_address>0xa980</run_address>
         <size>0x30</size>
         <input_file_ref idref="fl-15"/>
      </object_component>
      <object_component id="oc-431">
         <name>.text:_outs</name>
         <load_address>0xa9b0</load_address>
         <run_address>0xa9b0</run_address>
         <size>0x30</size>
         <input_file_ref idref="fl-d7"/>
      </object_component>
      <object_component id="oc-335">
         <name>.text:ADCIntStatus</name>
         <load_address>0xa9e0</load_address>
         <run_address>0xa9e0</run_address>
         <size>0x2e</size>
         <input_file_ref idref="fl-104"/>
      </object_component>
      <object_component id="oc-570">
         <name>.text:GrStringNextCharGet</name>
         <load_address>0xaa0e</load_address>
         <run_address>0xaa0e</run_address>
         <size>0x2e</size>
         <input_file_ref idref="fl-fe"/>
      </object_component>
      <object_component id="oc-74b">
         <name>.text</name>
         <load_address>0xaa3c</load_address>
         <run_address>0xaa3c</run_address>
         <size>0x2e</size>
         <input_file_ref idref="fl-ec"/>
      </object_component>
      <object_component id="oc-2e3">
         <name>.text:GPIODirModeSet</name>
         <load_address>0xaa6a</load_address>
         <run_address>0xaa6a</run_address>
         <size>0x2c</size>
         <input_file_ref idref="fl-106"/>
      </object_component>
      <object_component id="oc-2b9">
         <name>.text:GrFontBaselineGet</name>
         <load_address>0xaa96</load_address>
         <run_address>0xaa96</run_address>
         <size>0x2c</size>
         <input_file_ref idref="fl-fe"/>
      </object_component>
      <object_component id="oc-378">
         <name>.text:_ZN8Joystick10fabsf_fastEf</name>
         <load_address>0xaac2</load_address>
         <run_address>0xaac2</run_address>
         <size>0x28</size>
         <input_file_ref idref="fl-15"/>
      </object_component>
      <object_component id="oc-350">
         <name>.text:sqrtf</name>
         <load_address>0xaaec</load_address>
         <run_address>0xaaec</run_address>
         <size>0x28</size>
         <input_file_ref idref="fl-d4"/>
      </object_component>
      <object_component id="oc-57c">
         <name>.text:GrFontInfoGet</name>
         <load_address>0xab14</load_address>
         <run_address>0xab14</run_address>
         <size>0x26</size>
         <input_file_ref idref="fl-fe"/>
      </object_component>
      <object_component id="oc-117">
         <name>.text:_ZN8Joystick17setTickIntervalMsEj</name>
         <load_address>0xab3a</load_address>
         <run_address>0xab3a</run_address>
         <size>0x24</size>
         <input_file_ref idref="fl-5"/>
      </object_component>
      <object_component id="oc-576">
         <name>.text:GrFontGlyphDataGet</name>
         <load_address>0xab5e</load_address>
         <run_address>0xab5e</run_address>
         <size>0x22</size>
         <input_file_ref idref="fl-fe"/>
      </object_component>
      <object_component id="oc-3b1">
         <name>.text:PWMGenConfigure</name>
         <load_address>0xab80</load_address>
         <run_address>0xab80</run_address>
         <size>0x22</size>
         <input_file_ref idref="fl-109"/>
      </object_component>
      <object_component id="oc-40f">
         <name>.text:_SysCtlMemTimingGet</name>
         <load_address>0xaba4</load_address>
         <run_address>0xaba4</run_address>
         <size>0x20</size>
         <input_file_ref idref="fl-10b"/>
      </object_component>
      <object_component id="oc-33b">
         <name>.text:ADCSequenceDataGet</name>
         <load_address>0xabc4</load_address>
         <run_address>0xabc4</run_address>
         <size>0x1e</size>
         <input_file_ref idref="fl-104"/>
      </object_component>
      <object_component id="oc-6e5">
         <name>.text:GrFontCodepageGet</name>
         <load_address>0xabe2</load_address>
         <run_address>0xabe2</run_address>
         <size>0x1e</size>
         <input_file_ref idref="fl-fe"/>
      </object_component>
      <object_component id="oc-3bd">
         <name>.text:PWMPulseWidthSet</name>
         <load_address>0xac00</load_address>
         <run_address>0xac00</run_address>
         <size>0x1e</size>
         <input_file_ref idref="fl-109"/>
      </object_component>
      <object_component id="oc-63e">
         <name>.text:memccpy</name>
         <load_address>0xac1e</load_address>
         <run_address>0xac1e</run_address>
         <size>0x1c</size>
         <input_file_ref idref="fl-f6"/>
      </object_component>
      <object_component id="oc-ff">
         <name>.text:GPIOPinTypeGPIOOutput</name>
         <load_address>0xac3a</load_address>
         <run_address>0xac3a</run_address>
         <size>0x1a</size>
         <input_file_ref idref="fl-106"/>
      </object_component>
      <object_component id="oc-7d0">
         <name>.text:copysign</name>
         <load_address>0xac54</load_address>
         <run_address>0xac54</run_address>
         <size>0x1a</size>
         <input_file_ref idref="fl-fb"/>
      </object_component>
      <object_component id="oc-32f">
         <name>.text:ADCProcessorTrigger</name>
         <load_address>0xac6e</load_address>
         <run_address>0xac6e</run_address>
         <size>0x18</size>
         <input_file_ref idref="fl-104"/>
      </object_component>
      <object_component id="oc-11e">
         <name>.text:_ZN8Joystick11setDeadzoneEf</name>
         <load_address>0xac86</load_address>
         <run_address>0xac86</run_address>
         <size>0x18</size>
         <input_file_ref idref="fl-5"/>
      </object_component>
      <object_component id="oc-437">
         <name>.text:_outc</name>
         <load_address>0xac9e</load_address>
         <run_address>0xac9e</run_address>
         <size>0x18</size>
         <input_file_ref idref="fl-d7"/>
      </object_component>
      <object_component id="oc-17d">
         <name>.text:strcmp</name>
         <load_address>0xacb6</load_address>
         <run_address>0xacb6</run_address>
         <size>0x18</size>
         <input_file_ref idref="fl-df"/>
      </object_component>
      <object_component id="oc-30e">
         <name>.text:GPIOPinTypeADC</name>
         <load_address>0xacce</load_address>
         <run_address>0xacce</run_address>
         <size>0x16</size>
         <input_file_ref idref="fl-106"/>
      </object_component>
      <object_component id="oc-2ea">
         <name>.text:GPIOPinTypeGPIOInput</name>
         <load_address>0xace4</load_address>
         <run_address>0xace4</run_address>
         <size>0x16</size>
         <input_file_ref idref="fl-106"/>
      </object_component>
      <object_component id="oc-3a5">
         <name>.text:GPIOPinTypePWM</name>
         <load_address>0xacfa</load_address>
         <run_address>0xacfa</run_address>
         <size>0x16</size>
         <input_file_ref idref="fl-106"/>
      </object_component>
      <object_component id="oc-6aa">
         <name>.text:GPIOPinTypeSSI</name>
         <load_address>0xad10</load_address>
         <run_address>0xad10</run_address>
         <size>0x16</size>
         <input_file_ref idref="fl-106"/>
      </object_component>
      <object_component id="oc-2a1">
         <name>.text:GrStringDraw</name>
         <load_address>0xad26</load_address>
         <run_address>0xad26</run_address>
         <size>0x16</size>
         <input_file_ref idref="fl-fe"/>
      </object_component>
      <object_component id="oc-77c">
         <name>.text:strchr</name>
         <load_address>0xad3c</load_address>
         <run_address>0xad3c</run_address>
         <size>0x16</size>
         <input_file_ref idref="fl-f7"/>
      </object_component>
      <object_component id="oc-3ab">
         <name>.text:PWMClockSet</name>
         <load_address>0xad54</load_address>
         <run_address>0xad54</run_address>
         <size>0x14</size>
         <input_file_ref idref="fl-109"/>
      </object_component>
      <object_component id="oc-1f6">
         <name>.text:strcpy</name>
         <load_address>0xad68</load_address>
         <run_address>0xad68</run_address>
         <size>0x14</size>
         <input_file_ref idref="fl-e0"/>
      </object_component>
      <object_component id="oc-1fc">
         <name>.text:strlen</name>
         <load_address>0xad7c</load_address>
         <run_address>0xad7c</run_address>
         <size>0x14</size>
         <input_file_ref idref="fl-e1"/>
      </object_component>
      <object_component id="oc-3c3">
         <name>.text:PWMOutputState</name>
         <load_address>0xad90</load_address>
         <run_address>0xad90</run_address>
         <size>0x12</size>
         <input_file_ref idref="fl-109"/>
      </object_component>
      <object_component id="oc-13d">
         <name>.text:TimerLoadSet</name>
         <load_address>0xada2</load_address>
         <run_address>0xada2</run_address>
         <size>0x12</size>
         <input_file_ref idref="fl-10c"/>
      </object_component>
      <object_component id="oc-644">
         <name>.text:wcslen</name>
         <load_address>0xadb4</load_address>
         <run_address>0xadb4</run_address>
         <size>0x12</size>
         <input_file_ref idref="fl-f8"/>
      </object_component>
      <object_component id="oc-e7">
         <name>.text:FPUEnable</name>
         <load_address>0xadc8</load_address>
         <run_address>0xadc8</run_address>
         <size>0x10</size>
         <input_file_ref idref="fl-105"/>
      </object_component>
      <object_component id="oc-ed">
         <name>.text:FPULazyStackingEnable</name>
         <load_address>0xadd8</load_address>
         <run_address>0xadd8</run_address>
         <size>0x10</size>
         <input_file_ref idref="fl-105"/>
      </object_component>
      <object_component id="oc-e1">
         <name>.text:IntMasterDisable</name>
         <load_address>0xade8</load_address>
         <run_address>0xade8</run_address>
         <size>0x10</size>
         <input_file_ref idref="fl-108"/>
      </object_component>
      <object_component id="oc-125">
         <name>.text:IntMasterEnable</name>
         <load_address>0xadf8</load_address>
         <run_address>0xadf8</run_address>
         <size>0x10</size>
         <input_file_ref idref="fl-108"/>
      </object_component>
      <object_component id="oc-3b7">
         <name>.text:PWMGenPeriodSet</name>
         <load_address>0xae08</load_address>
         <run_address>0xae08</run_address>
         <size>0x10</size>
         <input_file_ref idref="fl-109"/>
      </object_component>
      <object_component id="oc-186">
         <name>.text:_ZNK8Joystick10direction8Ev</name>
         <load_address>0xae18</load_address>
         <run_address>0xae18</run_address>
         <size>0x10</size>
         <input_file_ref idref="fl-5"/>
      </object_component>
      <object_component id="oc-314">
         <name>.text:ADCSequenceDisable</name>
         <load_address>0xae28</load_address>
         <run_address>0xae28</run_address>
         <size>0xe</size>
         <input_file_ref idref="fl-104"/>
      </object_component>
      <object_component id="oc-326">
         <name>.text:ADCSequenceEnable</name>
         <load_address>0xae36</load_address>
         <run_address>0xae36</run_address>
         <size>0xe</size>
         <input_file_ref idref="fl-104"/>
      </object_component>
      <object_component id="oc-143">
         <name>.text:TimerEnable</name>
         <load_address>0xae44</load_address>
         <run_address>0xae44</run_address>
         <size>0xe</size>
         <input_file_ref idref="fl-10c"/>
      </object_component>
      <object_component id="oc-1b">
         <name>.text:decompress:none:__TI_decompress_none</name>
         <load_address>0xae52</load_address>
         <run_address>0xae52</run_address>
         <size>0xe</size>
         <input_file_ref idref="fl-dc"/>
      </object_component>
      <object_component id="oc-2d1">
         <name>.text:CPUcpsid</name>
         <load_address>0xae60</load_address>
         <run_address>0xae60</run_address>
         <size>0xc</size>
         <input_file_ref idref="fl-10d"/>
      </object_component>
      <object_component id="oc-3df">
         <name>.text:CPUcpsie</name>
         <load_address>0xae6c</load_address>
         <run_address>0xae6c</run_address>
         <size>0xc</size>
         <input_file_ref idref="fl-10d"/>
      </object_component>
      <object_component id="oc-3c9">
         <name>.text:PWMGenEnable</name>
         <load_address>0xae78</load_address>
         <run_address>0xae78</run_address>
         <size>0xc</size>
         <input_file_ref idref="fl-109"/>
      </object_component>
      <object_component id="oc-59">
         <name>.text:decompress:ZI:__TI_zero_init</name>
         <load_address>0xae84</load_address>
         <run_address>0xae84</run_address>
         <size>0xc</size>
         <input_file_ref idref="fl-db"/>
      </object_component>
      <object_component id="oc-28">
         <name>.text</name>
         <load_address>0xae90</load_address>
         <run_address>0xae90</run_address>
         <size>0xc</size>
         <input_file_ref idref="fl-6"/>
      </object_component>
      <object_component id="oc-341">
         <name>.text:ADCIntClear</name>
         <load_address>0xae9c</load_address>
         <run_address>0xae9c</run_address>
         <size>0xa</size>
         <input_file_ref idref="fl-104"/>
      </object_component>
      <object_component id="oc-6c2">
         <name>.text:SSIDataPut</name>
         <load_address>0xaea6</load_address>
         <run_address>0xaea6</run_address>
         <size>0xa</size>
         <input_file_ref idref="fl-10a"/>
      </object_component>
      <object_component id="oc-6b6">
         <name>.text:SSIEnable</name>
         <load_address>0xaeb0</load_address>
         <run_address>0xaeb0</run_address>
         <size>0xa</size>
         <input_file_ref idref="fl-10a"/>
      </object_component>
      <object_component id="oc-149">
         <name>.text:TimerValueGet</name>
         <load_address>0xaeba</load_address>
         <run_address>0xaeba</run_address>
         <size>0xa</size>
         <input_file_ref idref="fl-10c"/>
      </object_component>
      <object_component id="oc-6d9">
         <name>.text:GrMapISO8859_1_Unicode</name>
         <load_address>0xaec4</load_address>
         <run_address>0xaec4</run_address>
         <size>0x8</size>
         <input_file_ref idref="fl-102"/>
      </object_component>
      <object_component id="oc-6bc">
         <name>.text:SSIBusy</name>
         <load_address>0xaecc</load_address>
         <run_address>0xaecc</run_address>
         <size>0x8</size>
         <input_file_ref idref="fl-10a"/>
      </object_component>
      <object_component id="oc-5be">
         <name>.text:__aeabi_errno_addr</name>
         <load_address>0xaed4</load_address>
         <run_address>0xaed4</run_address>
         <size>0x8</size>
         <input_file_ref idref="fl-e4"/>
      </object_component>
      <object_component id="oc-2f9">
         <name>.text:GPIOPinRead</name>
         <load_address>0xaedc</load_address>
         <run_address>0xaedc</run_address>
         <size>0x6</size>
         <input_file_ref idref="fl-106"/>
      </object_component>
      <object_component id="oc-d5">
         <name>.text:GPIOPinWrite</name>
         <load_address>0xaee2</load_address>
         <run_address>0xaee2</run_address>
         <size>0x6</size>
         <input_file_ref idref="fl-106"/>
      </object_component>
      <object_component id="oc-292">
         <name>.text:GrContextFontSet</name>
         <load_address>0xaee8</load_address>
         <run_address>0xaee8</run_address>
         <size>0x6</size>
         <input_file_ref idref="fl-fe"/>
      </object_component>
      <object_component id="oc-536">
         <name>.text:SysCtlDelay</name>
         <load_address>0xaeee</load_address>
         <run_address>0xaeee</run_address>
         <size>0x6</size>
         <input_file_ref idref="fl-10b"/>
      </object_component>
      <object_component id="oc-c3">
         <name>.text:_system_pre_init</name>
         <load_address>0xaef4</load_address>
         <run_address>0xaef4</run_address>
         <size>0x4</size>
         <input_file_ref idref="fl-ee"/>
      </object_component>
      <object_component id="oc-23b">
         <name>.text:abort:abort</name>
         <load_address>0xaef8</load_address>
         <run_address>0xaef8</run_address>
         <size>0x4</size>
         <input_file_ref idref="fl-f0"/>
      </object_component>
      <object_component id="oc-586">
         <name>.const:.string:g_pui8Cm30Data</name>
         <load_address>0xaefc</load_address>
         <run_address>0xaefc</run_address>
         <size>0xdac</size>
         <input_file_ref idref="fl-100"/>
      </object_component>
      <object_component id="oc-58e">
         <name>.const:.string:g_pui8Cm16Data</name>
         <load_address>0xbca8</load_address>
         <run_address>0xbca8</run_address>
         <size>0x759</size>
         <input_file_ref idref="fl-ff"/>
      </object_component>
      <object_component id="oc-55c">
         <name>.const:.string:g_pui8FontFixed6x8Data</name>
         <load_address>0xc401</load_address>
         <run_address>0xc401</run_address>
         <size>0x2f8</size>
         <input_file_ref idref="fl-101"/>
      </object_component>
      <object_component id="oc-41e">
         <name>.const:g_pppui32XTALtoVCO</name>
         <load_address>0xc6fc</load_address>
         <run_address>0xc6fc</run_address>
         <size>0x1b0</size>
         <input_file_ref idref="fl-10b"/>
      </object_component>
      <object_component id="oc-32c">
         <name>.const:digital_pin_to_analog_in</name>
         <load_address>0xc8ac</load_address>
         <run_address>0xc8ac</run_address>
         <size>0x180</size>
         <input_file_ref idref="fl-15"/>
      </object_component>
      <object_component id="oc-72a">
         <name>.const:.string:_ctypes_</name>
         <load_address>0xca2c</load_address>
         <run_address>0xca2c</run_address>
         <size>0x101</size>
         <input_file_ref idref="fl-f5"/>
      </object_component>
      <object_component id="oc-2c8">
         <name>.const:g_sFontCm16</name>
         <load_address>0xcb30</load_address>
         <run_address>0xcb30</run_address>
         <size>0xc8</size>
         <input_file_ref idref="fl-ff"/>
      </object_component>
      <object_component id="oc-2c2">
         <name>.const:g_sFontCm30</name>
         <load_address>0xcbf8</load_address>
         <run_address>0xcbf8</run_address>
         <size>0xc8</size>
         <input_file_ref idref="fl-100"/>
      </object_component>
      <object_component id="oc-29b">
         <name>.const:g_sFontFixed6x8</name>
         <load_address>0xccc0</load_address>
         <run_address>0xccc0</run_address>
         <size>0xc8</size>
         <input_file_ref idref="fl-101"/>
      </object_component>
      <object_component id="oc-5e1">
         <name>.const:g_pui32GPIOBaseAddrs</name>
         <load_address>0xcd88</load_address>
         <run_address>0xcd88</run_address>
         <size>0x90</size>
         <input_file_ref idref="fl-106"/>
      </object_component>
      <object_component id="oc-41b">
         <name>.const:g_pui32Xtals</name>
         <load_address>0xce18</load_address>
         <run_address>0xce18</run_address>
         <size>0x6c</size>
         <input_file_ref idref="fl-10b"/>
      </object_component>
      <object_component id="oc-2f6">
         <name>.const:.string:digital_pin_to_bit_mask</name>
         <load_address>0xce84</load_address>
         <run_address>0xce84</run_address>
         <size>0x60</size>
         <input_file_ref idref="fl-12"/>
      </object_component>
      <object_component id="oc-34d">
         <name>.const:.string:digital_pin_to_bit_mask</name>
         <load_address>0xcee4</load_address>
         <run_address>0xcee4</run_address>
         <size>0x60</size>
         <input_file_ref idref="fl-15"/>
      </object_component>
      <object_component id="oc-2f0">
         <name>.const:.string:digital_pin_to_port</name>
         <load_address>0xcf44</load_address>
         <run_address>0xcf44</run_address>
         <size>0x60</size>
         <input_file_ref idref="fl-12"/>
      </object_component>
      <object_component id="oc-347">
         <name>.const:.string:digital_pin_to_port</name>
         <load_address>0xcfa4</load_address>
         <run_address>0xcfa4</run_address>
         <size>0x60</size>
         <input_file_ref idref="fl-15"/>
      </object_component>
      <object_component id="oc-2f3">
         <name>.const:port_to_base</name>
         <load_address>0xd004</load_address>
         <run_address>0xd004</run_address>
         <size>0x40</size>
         <input_file_ref idref="fl-12"/>
      </object_component>
      <object_component id="oc-34a">
         <name>.const:port_to_base</name>
         <load_address>0xd044</load_address>
         <run_address>0xd044</run_address>
         <size>0x40</size>
         <input_file_ref idref="fl-15"/>
      </object_component>
      <object_component id="oc-712">
         <name>.const:$O1$$</name>
         <load_address>0xd084</load_address>
         <run_address>0xd084</run_address>
         <size>0x34</size>
         <input_file_ref idref="fl-d5"/>
      </object_component>
      <object_component id="oc-60a">
         <name>.const:g_sXTALtoMEMTIM</name>
         <load_address>0xd0b8</load_address>
         <run_address>0xd0b8</run_address>
         <size>0x30</size>
         <input_file_ref idref="fl-10b"/>
      </object_component>
      <object_component id="oc-298">
         <name>.const:g_sCrystalfontz128x128</name>
         <load_address>0xd0e8</load_address>
         <run_address>0xd0e8</run_address>
         <size>0x28</size>
         <input_file_ref idref="fl-13"/>
      </object_component>
      <object_component id="oc-54a">
         <name>.const:g_psDefaultCodePointMapTable</name>
         <load_address>0xd110</load_address>
         <run_address>0xd110</run_address>
         <size>0x10</size>
         <input_file_ref idref="fl-fc"/>
      </object_component>
      <object_component id="oc-3f5">
         <name>.const:$P$T0$2</name>
         <load_address>0xd120</load_address>
         <run_address>0xd120</run_address>
         <size>0xc</size>
         <input_file_ref idref="fl-d"/>
      </object_component>
      <object_component id="oc-29e">
         <name>.const:$P$T0$1</name>
         <load_address>0xd12c</load_address>
         <run_address>0xd12c</run_address>
         <size>0x8</size>
         <input_file_ref idref="fl-3"/>
      </object_component>
      <object_component id="oc-2a8">
         <name>.const:$P$T1$2</name>
         <load_address>0xd134</load_address>
         <run_address>0xd134</run_address>
         <size>0x8</size>
         <input_file_ref idref="fl-3"/>
      </object_component>
      <object_component id="oc-2b0">
         <name>.const:$P$T2$3</name>
         <load_address>0xd13c</load_address>
         <run_address>0xd13c</run_address>
         <size>0x8</size>
         <input_file_ref idref="fl-3"/>
      </object_component>
      <object_component id="oc-2bf">
         <name>.const:$P$T3$4</name>
         <load_address>0xd144</load_address>
         <run_address>0xd144</run_address>
         <size>0x8</size>
         <input_file_ref idref="fl-3"/>
      </object_component>
      <object_component id="oc-2c5">
         <name>.const:$P$T4$5</name>
         <load_address>0xd14c</load_address>
         <run_address>0xd14c</run_address>
         <size>0x8</size>
         <input_file_ref idref="fl-3"/>
      </object_component>
      <object_component id="oc-421">
         <name>.const:g_pui32VCOFrequencies</name>
         <load_address>0xd154</load_address>
         <run_address>0xd154</run_address>
         <size>0x8</size>
         <input_file_ref idref="fl-10b"/>
      </object_component>
      <object_component id="oc-83">
         <name>.const</name>
         <load_address>0xd15c</load_address>
         <run_address>0xd15c</run_address>
         <size>0x4</size>
         <input_file_ref idref="fl-e"/>
      </object_component>
      <object_component id="oc-1e7">
         <name>.const</name>
         <load_address>0xd160</load_address>
         <run_address>0xd160</run_address>
         <size>0x4</size>
         <input_file_ref idref="fl-c"/>
      </object_component>
      <object_component id="oc-824">
         <name>.cinit..data.load</name>
         <load_address>0xd168</load_address>
         <run_address>0xd168</run_address>
         <size>0x3b</size>
      </object_component>
      <object_component id="oc-822">
         <name>__TI_handler_table</name>
         <load_address>0xd1a4</load_address>
         <run_address>0xd1a4</run_address>
         <size>0xc</size>
      </object_component>
      <object_component id="oc-825">
         <name>.cinit..bss.load</name>
         <load_address>0xd1b0</load_address>
         <run_address>0xd1b0</run_address>
         <size>0x8</size>
      </object_component>
      <object_component id="oc-823">
         <name>__TI_cinit_table</name>
         <load_address>0xd1b8</load_address>
         <run_address>0xd1b8</run_address>
         <size>0x10</size>
      </object_component>
      <object_component id="oc-24">
         <name>.init_array</name>
         <load_address>0xd164</load_address>
         <run_address>0xd164</run_address>
         <size>0x4</size>
         <input_file_ref idref="fl-5"/>
      </object_component>
      <object_component id="oc-826">
         <name>SHT$$INIT_ARRAY$$Limit</name>
         <load_address>0xd168</load_address>
         <run_address>0xd168</run_address>
         <size>0x0</size>
      </object_component>
      <object_component id="oc-183">
         <name>.data:gameState</name>
         <load_address>0x200080d8</load_address>
         <run_address>0x200080d8</run_address>
         <size>0x4</size>
         <input_file_ref idref="fl-4"/>
      </object_component>
      <object_component id="oc-19f">
         <name>.data</name>
         <load_address>0x200080d4</load_address>
         <run_address>0x200080d4</run_address>
         <size>0x4</size>
         <input_file_ref idref="fl-4"/>
      </object_component>
      <object_component id="oc-164">
         <name>.data</name>
         <load_address>0x20008000</load_address>
         <run_address>0x20008000</run_address>
         <size>0x80</size>
         <input_file_ref idref="fl-5"/>
      </object_component>
      <object_component id="oc-80">
         <name>.data</name>
         <load_address>0x20008080</load_address>
         <run_address>0x20008080</run_address>
         <size>0x2c</size>
         <input_file_ref idref="fl-c"/>
      </object_component>
      <object_component id="oc-1e1">
         <name>.data:xYieldPendings</name>
         <load_address>0x200080f0</load_address>
         <run_address>0x200080f0</run_address>
         <size>0x4</size>
         <input_file_ref idref="fl-c"/>
      </object_component>
      <object_component id="oc-1ed">
         <name>.data:ulTaskSwitchedInTime</name>
         <load_address>0x200080e8</load_address>
         <run_address>0x200080e8</run_address>
         <size>0x4</size>
         <input_file_ref idref="fl-c"/>
      </object_component>
      <object_component id="oc-1ea">
         <name>.data:ulTotalRunTime</name>
         <load_address>0x200080ec</load_address>
         <run_address>0x200080ec</run_address>
         <size>0x4</size>
         <input_file_ref idref="fl-c"/>
      </object_component>
      <object_component id="oc-3ef">
         <name>.data</name>
         <load_address>0x200080c0</load_address>
         <run_address>0x200080c0</run_address>
         <size>0xc</size>
         <input_file_ref idref="fl-d"/>
      </object_component>
      <object_component id="oc-8d">
         <name>.data</name>
         <load_address>0x200080dc</load_address>
         <run_address>0x200080dc</run_address>
         <size>0x4</size>
         <input_file_ref idref="fl-e"/>
      </object_component>
      <object_component id="oc-48e">
         <name>.data</name>
         <load_address>0x200080ac</load_address>
         <run_address>0x200080ac</run_address>
         <size>0x14</size>
         <input_file_ref idref="fl-10"/>
      </object_component>
      <object_component id="oc-540">
         <name>.data:Lcd_buffer</name>
         <load_address>0x20000000</load_address>
         <run_address>0x20000000</run_address>
         <size>0x8000</size>
         <input_file_ref idref="fl-13"/>
      </object_component>
      <object_component id="oc-671">
         <name>.data</name>
         <load_address>0x200080e4</load_address>
         <run_address>0x200080e4</run_address>
         <size>0x4</size>
         <input_file_ref idref="fl-de"/>
      </object_component>
      <object_component id="oc-70b">
         <name>.data</name>
         <load_address>0x200080e0</load_address>
         <run_address>0x200080e0</run_address>
         <size>0x4</size>
         <input_file_ref idref="fl-e4"/>
      </object_component>
      <object_component id="oc-501">
         <name>.data:$O1$$</name>
         <load_address>0x200080cc</load_address>
         <run_address>0x200080cc</run_address>
         <size>0x8</size>
         <input_file_ref idref="fl-f1"/>
      </object_component>
      <object_component id="oc-3cf">
         <name>.bss</name>
         <uninitialized>true</uninitialized>
         <run_address>0x2000d87c</run_address>
         <size>0x4</size>
         <input_file_ref idref="fl-2"/>
      </object_component>
      <object_component id="oc-155">
         <name>.bss:btnPause</name>
         <uninitialized>true</uninitialized>
         <run_address>0x2000d5c4</run_address>
         <size>0xb4</size>
         <input_file_ref idref="fl-5"/>
      </object_component>
      <object_component id="oc-158">
         <name>.bss:btnReset</name>
         <uninitialized>true</uninitialized>
         <run_address>0x2000d678</run_address>
         <size>0xb4</size>
         <input_file_ref idref="fl-5"/>
      </object_component>
      <object_component id="oc-15b">
         <name>.bss:gJoystick</name>
         <uninitialized>true</uninitialized>
         <run_address>0x2000d204</run_address>
         <size>0x190</size>
         <input_file_ref idref="fl-5"/>
      </object_component>
      <object_component id="oc-1d2">
         <name>.bss:pxReadyTasksLists</name>
         <uninitialized>true</uninitialized>
         <run_address>0x2000d394</run_address>
         <size>0x140</size>
         <input_file_ref idref="fl-c"/>
      </object_component>
      <object_component id="oc-1f0">
         <name>.bss:xDelayedTaskList1</name>
         <uninitialized>true</uninitialized>
         <run_address>0x2000d7d0</run_address>
         <size>0x14</size>
         <input_file_ref idref="fl-c"/>
      </object_component>
      <object_component id="oc-1f3">
         <name>.bss:xDelayedTaskList2</name>
         <uninitialized>true</uninitialized>
         <run_address>0x2000d7e4</run_address>
         <size>0x14</size>
         <input_file_ref idref="fl-c"/>
      </object_component>
      <object_component id="oc-1d8">
         <name>.bss</name>
         <uninitialized>true</uninitialized>
         <run_address>0x2000d864</run_address>
         <size>0x8</size>
         <input_file_ref idref="fl-c"/>
      </object_component>
      <object_component id="oc-1db">
         <name>.bss:xPendingReadyList</name>
         <uninitialized>true</uninitialized>
         <run_address>0x2000d7f8</run_address>
         <size>0x14</size>
         <input_file_ref idref="fl-c"/>
      </object_component>
      <object_component id="oc-1d5">
         <name>.bss:xTasksWaitingTermination</name>
         <uninitialized>true</uninitialized>
         <run_address>0x2000d820</run_address>
         <size>0x14</size>
         <input_file_ref idref="fl-c"/>
      </object_component>
      <object_component id="oc-1de">
         <name>.bss:xSuspendedTaskList</name>
         <uninitialized>true</uninitialized>
         <run_address>0x2000d80c</run_address>
         <size>0x14</size>
         <input_file_ref idref="fl-c"/>
      </object_component>
      <object_component id="oc-1e4">
         <name>.bss:xIdleTaskHandles</name>
         <uninitialized>true</uninitialized>
         <run_address>0x2000d884</run_address>
         <size>0x4</size>
         <input_file_ref idref="fl-c"/>
      </object_component>
      <object_component id="oc-3f8">
         <name>.bss:xActiveTimerList1</name>
         <uninitialized>true</uninitialized>
         <run_address>0x2000d7a8</run_address>
         <size>0x14</size>
         <input_file_ref idref="fl-d"/>
      </object_component>
      <object_component id="oc-3fb">
         <name>.bss:xActiveTimerList2</name>
         <uninitialized>true</uninitialized>
         <run_address>0x2000d7bc</run_address>
         <size>0x14</size>
         <input_file_ref idref="fl-d"/>
      </object_component>
      <object_component id="oc-3f2">
         <name>.bss</name>
         <uninitialized>true</uninitialized>
         <run_address>0x2000d86c</run_address>
         <size>0x8</size>
         <input_file_ref idref="fl-d"/>
      </object_component>
      <object_component id="oc-494">
         <name>.bss:ucHeap</name>
         <uninitialized>true</uninitialized>
         <run_address>0x200080f4</run_address>
         <size>0x4f10</size>
         <input_file_ref idref="fl-10"/>
      </object_component>
      <object_component id="oc-491">
         <name>.bss:xStart</name>
         <uninitialized>true</uninitialized>
         <run_address>0x2000d874</run_address>
         <size>0x8</size>
         <input_file_ref idref="fl-10"/>
      </object_component>
      <object_component id="oc-54d">
         <name>.bss</name>
         <uninitialized>true</uninitialized>
         <run_address>0x2000d880</run_address>
         <size>0x4</size>
         <input_file_ref idref="fl-fc"/>
      </object_component>
      <object_component id="oc-18d">
         <name>.common:gTaskCpuInfo</name>
         <uninitialized>true</uninitialized>
         <run_address>0x2000d4d4</run_address>
         <size>0xf0</size>
      </object_component>
      <object_component id="oc-195">
         <name>.common:stackInput</name>
         <uninitialized>true</uninitialized>
         <run_address>0x2000d834</run_address>
         <size>0xc</size>
      </object_component>
      <object_component id="oc-196">
         <name>.common:stackSnake</name>
         <uninitialized>true</uninitialized>
         <run_address>0x2000d858</run_address>
         <size>0xc</size>
      </object_component>
      <object_component id="oc-197">
         <name>.common:stackRender</name>
         <uninitialized>true</uninitialized>
         <run_address>0x2000d84c</run_address>
         <size>0xc</size>
      </object_component>
      <object_component id="oc-198">
         <name>.common:stackMonitor</name>
         <uninitialized>true</uninitialized>
         <run_address>0x2000d840</run_address>
         <size>0xc</size>
      </object_component>
      <object_component id="oc-2af">
         <name>.common:fruit</name>
         <uninitialized>true</uninitialized>
         <run_address>0x2000d896</run_address>
         <size>0x2</size>
      </object_component>
      <object_component id="oc-2ab">
         <name>.common:snek</name>
         <uninitialized>true</uninitialized>
         <run_address>0x2000d004</run_address>
         <size>0x200</size>
      </object_component>
      <object_component id="oc-2a7">
         <name>.common:gContext</name>
         <uninitialized>true</uninitialized>
         <run_address>0x2000d77c</run_address>
         <size>0x2c</size>
      </object_component>
      <object_component id="oc-16b">
         <name>.common:gSysClk</name>
         <uninitialized>true</uninitialized>
         <run_address>0x2000d888</run_address>
         <size>0x4</size>
      </object_component>
      <object_component id="oc-167">
         <name>.common:xMutexLCD</name>
         <uninitialized>true</uninitialized>
         <run_address>0x2000d88c</run_address>
         <size>0x4</size>
      </object_component>
      <object_component id="oc-194">
         <name>.common:gCpuUtil</name>
         <uninitialized>true</uninitialized>
         <run_address>0x2000d89c</run_address>
         <size>0x1</size>
      </object_component>
      <object_component id="oc-1a2">
         <name>.common:renderMailbox</name>
         <uninitialized>true</uninitialized>
         <run_address>0x2000d89d</run_address>
         <size>0x1</size>
      </object_component>
      <object_component id="oc-3e6">
         <name>.common:xQueueRegistry</name>
         <uninitialized>true</uninitialized>
         <run_address>0x2000d72c</run_address>
         <size>0x50</size>
      </object_component>
      <object_component id="oc-53f">
         <name>.common:Lcd_Orientation</name>
         <uninitialized>true</uninitialized>
         <run_address>0x2000d89a</run_address>
         <size>0x1</size>
      </object_component>
      <object_component id="oc-537">
         <name>.common:Lcd_ScreenWidth</name>
         <uninitialized>true</uninitialized>
         <run_address>0x2000d892</run_address>
         <size>0x2</size>
      </object_component>
      <object_component id="oc-53a">
         <name>.common:Lcd_ScreenHeigth</name>
         <uninitialized>true</uninitialized>
         <run_address>0x2000d890</run_address>
         <size>0x2</size>
      </object_component>
      <object_component id="oc-53b">
         <name>.common:Lcd_PenSolid</name>
         <uninitialized>true</uninitialized>
         <run_address>0x2000d89b</run_address>
         <size>0x1</size>
      </object_component>
      <object_component id="oc-53c">
         <name>.common:Lcd_FontSolid</name>
         <uninitialized>true</uninitialized>
         <run_address>0x2000d899</run_address>
         <size>0x1</size>
      </object_component>
      <object_component id="oc-53d">
         <name>.common:Lcd_FlagRead</name>
         <uninitialized>true</uninitialized>
         <run_address>0x2000d898</run_address>
         <size>0x1</size>
      </object_component>
      <object_component id="oc-53e">
         <name>.common:Lcd_TouchTrim</name>
         <uninitialized>true</uninitialized>
         <run_address>0x2000d894</run_address>
         <size>0x2</size>
      </object_component>
      <object_component id="oc-25">
         <name>.stack</name>
         <uninitialized>true</uninitialized>
         <run_address>0x2000d8a0</run_address>
         <size>0x4</size>
         <input_file_ref idref="fl-e3"/>
      </object_component>
      <object_component id="oc-828">
         <name>.stack</name>
         <uninitialized>true</uninitialized>
         <run_address>0x2000d8a0</run_address>
         <size>0x0</size>
      </object_component>
      <object_component id="oc-18e">
         <name>.debug_info</name>
         <load_address>0x0</load_address>
         <run_address>0x0</run_address>
         <size>0x1132</size>
         <input_file_ref idref="fl-2"/>
      </object_component>
      <object_component id="oc-3d0">
         <name>.debug_info</name>
         <load_address>0x1132</load_address>
         <run_address>0x1132</run_address>
         <size>0x114</size>
         <input_file_ref idref="fl-2"/>
      </object_component>
      <object_component id="oc-112">
         <name>.debug_info</name>
         <load_address>0x1246</load_address>
         <run_address>0x1246</run_address>
         <size>0x715</size>
         <input_file_ref idref="fl-2"/>
      </object_component>
      <object_component id="oc-4a7">
         <name>.debug_info</name>
         <load_address>0x195b</load_address>
         <run_address>0x195b</run_address>
         <size>0x64d</size>
         <input_file_ref idref="fl-2"/>
      </object_component>
      <object_component id="oc-3d3">
         <name>.debug_info</name>
         <load_address>0x1fa8</load_address>
         <run_address>0x1fa8</run_address>
         <size>0x94</size>
         <input_file_ref idref="fl-2"/>
      </object_component>
      <object_component id="oc-4ac">
         <name>.debug_info</name>
         <load_address>0x203c</load_address>
         <run_address>0x203c</run_address>
         <size>0x16d</size>
         <input_file_ref idref="fl-2"/>
      </object_component>
      <object_component id="oc-455">
         <name>.debug_info</name>
         <load_address>0x21a9</load_address>
         <run_address>0x21a9</run_address>
         <size>0x4f</size>
         <input_file_ref idref="fl-2"/>
      </object_component>
      <object_component id="oc-450">
         <name>.debug_info</name>
         <load_address>0x21f8</load_address>
         <run_address>0x21f8</run_address>
         <size>0x2c</size>
         <input_file_ref idref="fl-2"/>
      </object_component>
      <object_component id="oc-466">
         <name>.debug_info</name>
         <load_address>0x2224</load_address>
         <run_address>0x2224</run_address>
[...]
         <value>0x3d33</value>
         <object_component_ref idref="oc-10b"/>
      </symbol>
      <symbol id="sm-bba">
         <name>_ZN8Joystick19configureGpioAnalogEhRhRjS0_</name>
         <value>0x3f67</value>
         <object_component_ref idref="oc-10b"/>
      </symbol>
      <symbol id="sm-bbb">
         <name>_ZNK8Joystick9quantize8Ef</name>
         <value>0x44b5</value>
         <object_component_ref idref="oc-10b"/>
      </symbol>
      <symbol id="sm-bf9">
         <name>atan2f</name>
         <value>0x8d45</value>
         <object_component_ref idref="oc-356"/>
      </symbol>
      <symbol id="sm-c09">
         <name>sqrtf</name>
         <value>0xaaed</value>
         <object_component_ref idref="oc-350"/>
      </symbol>
      <symbol id="sm-c36">
         <name>atanf</name>
         <value>0x8e9d</value>
         <object_component_ref idref="oc-5c6"/>
      </symbol>
      <symbol id="sm-c58">
         <name>floorf</name>
         <value>0x9e55</value>
         <object_component_ref idref="oc-38d"/>
      </symbol>
      <symbol id="sm-c87">
         <name>snprintf</name>
         <value>0xa4d1</value>
         <object_component_ref idref="oc-15e"/>
      </symbol>
      <symbol id="sm-ca2">
         <name>memcpy</name>
         <value>0x9b8f</value>
         <object_component_ref idref="oc-47"/>
      </symbol>
      <symbol id="sm-ca3">
         <name>__aeabi_memcpy</name>
         <value>0x9b8f</value>
         <object_component_ref idref="oc-47"/>
      </symbol>
      <symbol id="sm-ca4">
         <name>__aeabi_memcpy8</name>
         <value>0x9b8f</value>
         <object_component_ref idref="oc-47"/>
      </symbol>
      <symbol id="sm-ca5">
         <name>__aeabi_memcpy4</name>
         <value>0x9b8f</value>
         <object_component_ref idref="oc-47"/>
      </symbol>
      <symbol id="sm-cb4">
         <name>__aeabi_memset</name>
         <value>0x9f51</value>
         <object_component_ref idref="oc-bd"/>
      </symbol>
      <symbol id="sm-cb5">
         <name>memset</name>
         <value>0x9f57</value>
         <object_component_ref idref="oc-bd"/>
      </symbol>
      <symbol id="sm-cb6">
         <name>__aeabi_memset8</name>
         <value>0x9f51</value>
         <object_component_ref idref="oc-bd"/>
      </symbol>
      <symbol id="sm-cb7">
         <name>__aeabi_memset4</name>
         <value>0x9f51</value>
         <object_component_ref idref="oc-bd"/>
      </symbol>
      <symbol id="sm-cb8">
         <name>__aeabi_memclr8</name>
         <value>0x9f4f</value>
         <object_component_ref idref="oc-bd"/>
      </symbol>
      <symbol id="sm-cb9">
         <name>__aeabi_memclr4</name>
         <value>0x9f4f</value>
         <object_component_ref idref="oc-bd"/>
      </symbol>
      <symbol id="sm-cba">
         <name>__aeabi_memclr</name>
         <value>0x9f4f</value>
         <object_component_ref idref="oc-bd"/>
      </symbol>
      <symbol id="sm-cc7">
         <name>__aeabi_uldivmod</name>
         <value>0x9c2b</value>
         <object_component_ref idref="oc-178"/>
      </symbol>
      <symbol id="sm-cd9">
         <name>__TI_zero_init</name>
         <value>0xae85</value>
         <object_component_ref idref="oc-59"/>
      </symbol>
      <symbol id="sm-cf0">
         <name>__TI_decompress_none</name>
         <value>0xae53</value>
         <object_component_ref idref="oc-1b"/>
      </symbol>
      <symbol id="sm-d13">
         <name>__TI_decompress_lzss</name>
         <value>0xa109</value>
         <object_component_ref idref="oc-15"/>
      </symbol>
      <symbol id="sm-d29">
         <name>rand</name>
         <value>0xa94d</value>
         <object_component_ref idref="oc-4b8"/>
      </symbol>
      <symbol id="sm-d38">
         <name>strcmp</name>
         <value>0xacb7</value>
         <object_component_ref idref="oc-17d"/>
      </symbol>
      <symbol id="sm-d46">
         <name>strcpy</name>
         <value>0xad69</value>
         <object_component_ref idref="oc-1f6"/>
      </symbol>
      <symbol id="sm-d54">
         <name>strlen</name>
         <value>0xad7d</value>
         <object_component_ref idref="oc-1fc"/>
      </symbol>
      <symbol id="sm-d64">
         <name>strncpy</name>
         <value>0xa8ad</value>
         <object_component_ref idref="oc-172"/>
      </symbol>
      <symbol id="sm-d77">
         <name>__stack</name>
         <value>0x2000d8a0</value>
         <object_component_ref idref="oc-25"/>
      </symbol>
      <symbol id="sm-d78">
         <name>_c_int00_noargs</name>
         <value>0xa919</value>
         <object_component_ref idref="oc-65"/>
      </symbol>
      <symbol id="sm-d8e">
         <name>__aeabi_errno_addr</name>
         <value>0xaed5</value>
         <object_component_ref idref="oc-5be"/>
      </symbol>
      <symbol id="sm-d8f">
         <name>errno</name>
         <value>0x200080e0</value>
         <object_component_ref idref="oc-70b"/>
      </symbol>
      <symbol id="sm-ef4">
         <name>__TI_printfi</name>
         <value>0x4fbd</value>
         <object_component_ref idref="oc-42b"/>
      </symbol>
      <symbol id="sm-efe">
         <name>__aeabi_idiv0</name>
         <value>0x5a0b</value>
         <object_component_ref idref="oc-49b"/>
      </symbol>
      <symbol id="sm-eff">
         <name>__aeabi_ldiv0</name>
         <value>0x5a0b</value>
         <object_component_ref idref="oc-49b"/>
      </symbol>
      <symbol id="sm-f16">
         <name>__aeabi_dsub</name>
         <value>0x88bd</value>
         <object_component_ref idref="oc-750"/>
      </symbol>
      <symbol id="sm-f17">
         <name>__aeabi_dadd</name>
         <value>0x88c7</value>
         <object_component_ref idref="oc-750"/>
      </symbol>
      <symbol id="sm-f39">
         <name>__aeabi_cdcmpeq</name>
         <value>0x9d47</value>
         <object_component_ref idref="oc-621"/>
      </symbol>
      <symbol id="sm-f3a">
         <name>__aeabi_cdcmple</name>
         <value>0x9d47</value>
         <object_component_ref idref="oc-621"/>
      </symbol>
      <symbol id="sm-f3b">
         <name>__aeabi_cdrcmple</name>
         <value>0x9dcd</value>
         <object_component_ref idref="oc-73b"/>
      </symbol>
      <symbol id="sm-f4f">
         <name>__aeabi_ddiv</name>
         <value>0x93a9</value>
         <object_component_ref idref="oc-736"/>
      </symbol>
      <symbol id="sm-f5a">
         <name>__aeabi_dmul</name>
         <value>0x9845</value>
         <object_component_ref idref="oc-731"/>
      </symbol>
      <symbol id="sm-f64">
         <name>__aeabi_d2iz</name>
         <value>0xa5b1</value>
         <object_component_ref idref="oc-740"/>
      </symbol>
      <symbol id="sm-f6e">
         <name>__aeabi_i2d</name>
         <value>0xaa3d</value>
         <object_component_ref idref="oc-74b"/>
      </symbol>
      <symbol id="sm-f9b">
         <name>__TI_auto_init_nobinit</name>
         <value>0xa235</value>
         <object_component_ref idref="oc-24d"/>
      </symbol>
      <symbol id="sm-fa5">
         <name>_system_pre_init</name>
         <value>0xaef5</value>
         <object_component_ref idref="oc-c3"/>
      </symbol>
      <symbol id="sm-fb1">
         <name>C$$EXIT</name>
         <value>0xaef9</value>
         <object_component_ref idref="oc-23b"/>
      </symbol>
      <symbol id="sm-fb2">
         <name>abort</name>
         <value>0xaef9</value>
         <object_component_ref idref="oc-23b"/>
      </symbol>
      <symbol id="sm-fc7">
         <name>_nop</name>
         <value>0x4fbb</value>
         <object_component_ref idref="oc-689"/>
      </symbol>
      <symbol id="sm-fc8">
         <name>_lock</name>
         <value>0x200080cc</value>
         <object_component_ref idref="oc-501"/>
      </symbol>
      <symbol id="sm-fc9">
         <name>_unlock</name>
         <value>0x200080d0</value>
         <object_component_ref idref="oc-501"/>
      </symbol>
      <symbol id="sm-fd8">
         <name>__TI_ltoa</name>
         <value>0xa345</value>
         <object_component_ref idref="oc-745"/>
      </symbol>
      <symbol id="sm-fef">
         <name>atoi</name>
         <value>0xa485</value>
         <object_component_ref idref="oc-615"/>
      </symbol>
      <symbol id="sm-ffa">
         <name>_ctypes_</name>
         <value>0xca2c</value>
         <object_component_ref idref="oc-72a"/>
      </symbol>
      <symbol id="sm-100a">
         <name>memccpy</name>
         <value>0xac1f</value>
         <object_component_ref idref="oc-63e"/>
      </symbol>
      <symbol id="sm-101a">
         <name>strchr</name>
         <value>0xad3d</value>
         <object_component_ref idref="oc-77c"/>
      </symbol>
      <symbol id="sm-1033">
         <name>wcslen</name>
         <value>0xadb5</value>
         <object_component_ref idref="oc-644"/>
      </symbol>
      <symbol id="sm-1049">
         <name>frexpl</name>
         <value>0xa171</value>
         <object_component_ref idref="oc-770"/>
      </symbol>
      <symbol id="sm-104a">
         <name>frexp</name>
         <value>0xa171</value>
         <object_component_ref idref="oc-770"/>
      </symbol>
      <symbol id="sm-1067">
         <name>scalbn</name>
         <value>0x9735</value>
         <object_component_ref idref="oc-776"/>
      </symbol>
      <symbol id="sm-1068">
         <name>scalbnl</name>
         <value>0x9735</value>
         <object_component_ref idref="oc-776"/>
      </symbol>
      <symbol id="sm-1069">
         <name>ldexpl</name>
         <value>0x9735</value>
         <object_component_ref idref="oc-776"/>
      </symbol>
      <symbol id="sm-106a">
         <name>ldexp</name>
         <value>0x9735</value>
         <object_component_ref idref="oc-776"/>
      </symbol>
      <symbol id="sm-1074">
         <name>copysign</name>
         <value>0xac55</value>
         <object_component_ref idref="oc-7d0"/>
      </symbol>
      <symbol id="sm-1075">
         <name>copysignl</name>
         <value>0xac55</value>
         <object_component_ref idref="oc-7d0"/>
      </symbol>
      <symbol id="sm-10ad">
         <name>GrContextInit</name>
         <value>0xa039</value>
         <object_component_ref idref="oc-28c"/>
      </symbol>
      <symbol id="sm-10ae">
         <name>g_psDefaultCodePointMapTable</name>
         <value>0xd110</value>
         <object_component_ref idref="oc-54a"/>
      </symbol>
      <symbol id="sm-10bc">
         <name>GrRectFill</name>
         <value>0x9cc1</value>
         <object_component_ref idref="oc-280"/>
      </symbol>
      <symbol id="sm-1160">
         <name>GrFontInfoGet</name>
         <value>0xab15</value>
         <object_component_ref idref="oc-57c"/>
      </symbol>
      <symbol id="sm-1161">
         <name>GrDefaultStringRenderer</name>
         <value>0x9a1b</value>
         <object_component_ref idref="oc-544"/>
      </symbol>
      <symbol id="sm-1162">
         <name>GrFontGlyphRender</name>
         <value>0x8299</value>
         <object_component_ref idref="oc-6d2"/>
      </symbol>
      <symbol id="sm-1163">
         <name>GrContextFontSet</name>
         <value>0xaee9</value>
         <object_component_ref idref="oc-292"/>
      </symbol>
      <symbol id="sm-1164">
         <name>GrFontGlyphDataGet</name>
         <value>0xab5f</value>
         <object_component_ref idref="oc-576"/>
      </symbol>
      <symbol id="sm-1165">
         <name>GrStringDraw</name>
         <value>0xad27</value>
         <object_component_ref idref="oc-2a1"/>
      </symbol>
      <symbol id="sm-1166">
         <name>GrFontCodepageGet</name>
         <value>0xabe3</value>
         <object_component_ref idref="oc-6e5"/>
      </symbol>
      <symbol id="sm-1167">
         <name>GrStringNextCharGet</name>
         <value>0xaa0f</value>
         <object_component_ref idref="oc-570"/>
      </symbol>
      <symbol id="sm-1168">
         <name>GrStringWidthGet</name>
         <value>0xa0a1</value>
         <object_component_ref idref="oc-2b3"/>
      </symbol>
      <symbol id="sm-1169">
         <name>GrFontBaselineGet</name>
         <value>0xaa97</value>
         <object_component_ref idref="oc-2b9"/>
      </symbol>
      <symbol id="sm-117b">
         <name>g_sFontCm16</name>
         <value>0xcb30</value>
         <object_component_ref idref="oc-2c8"/>
      </symbol>
      <symbol id="sm-118d">
         <name>g_sFontCm30</name>
         <value>0xcbf8</value>
         <object_component_ref idref="oc-2c2"/>
      </symbol>
      <symbol id="sm-119f">
         <name>g_sFontFixed6x8</name>
         <value>0xccc0</value>
         <object_component_ref idref="oc-29b"/>
      </symbol>
      <symbol id="sm-11ac">
         <name>GrMapISO8859_1_Unicode</name>
         <value>0xaec5</value>
         <object_component_ref idref="oc-6d9"/>
      </symbol>
      <symbol id="sm-11fa">
         <name>ADCProcessorTrigger</name>
         <value>0xac6f</value>
         <object_component_ref idref="oc-32f"/>
      </symbol>
      <symbol id="sm-11fb">
         <name>ADCSequenceEnable</name>
         <value>0xae37</value>
         <object_component_ref idref="oc-326"/>
      </symbol>
      <symbol id="sm-11fc">
         <name>ADCSequenceConfigure</name>
         <value>0xa3eb</value>
         <object_component_ref idref="oc-31a"/>
      </symbol>
      <symbol id="sm-11fd">
         <name>ADCSequenceStepConfigure</name>
         <value>0x9ed5</value>
         <object_component_ref idref="oc-320"/>
      </symbol>
      <symbol id="sm-11fe">
         <name>ADCIntClear</name>
         <value>0xae9d</value>
         <object_component_ref idref="oc-341"/>
      </symbol>
      <symbol id="sm-11ff">
         <name>ADCIntStatus</name>
         <value>0xa9e1</value>
         <object_component_ref idref="oc-335"/>
      </symbol>
      <symbol id="sm-1200">
         <name>ADCSequenceDisable</name>
         <value>0xae29</value>
         <object_component_ref idref="oc-314"/>
      </symbol>
      <symbol id="sm-1201">
         <name>ADCSequenceDataGet</name>
         <value>0xabc5</value>
         <object_component_ref idref="oc-33b"/>
      </symbol>
      <symbol id="sm-1217">
         <name>FPULazyStackingEnable</name>
         <value>0xadd9</value>
         <object_component_ref idref="oc-ed"/>
      </symbol>
      <symbol id="sm-1218">
         <name>FPUEnable</name>
         <value>0xadc9</value>
         <object_component_ref idref="oc-e7"/>
      </symbol>
      <symbol id="sm-1282">
         <name>GPIOPinTypePWM</name>
         <value>0xacfb</value>
         <object_component_ref idref="oc-3a5"/>
      </symbol>
      <symbol id="sm-1283">
         <name>GPIOPinConfigure</name>
         <value>0xa439</value>
         <object_component_ref idref="oc-39f"/>
      </symbol>
      <symbol id="sm-1284">
         <name>GPIOPinTypeADC</name>
         <value>0xaccf</value>
         <object_component_ref idref="oc-30e"/>
      </symbol>
      <symbol id="sm-1285">
         <name>GPIOPinTypeGPIOInput</name>
         <value>0xace5</value>
         <object_component_ref idref="oc-2ea"/>
      </symbol>
      <symbol id="sm-1286">
         <name>GPIOPinTypeGPIOOutput</name>
         <value>0xac3b</value>
         <object_component_ref idref="oc-ff"/>
      </symbol>
      <symbol id="sm-1287">
         <name>GPIOPinRead</name>
         <value>0xaedd</value>
         <object_component_ref idref="oc-2f9"/>
      </symbol>
      <symbol id="sm-1288">
         <name>GPIODirModeSet</name>
         <value>0xaa6b</value>
         <object_component_ref idref="oc-2e3"/>
      </symbol>
      <symbol id="sm-1289">
         <name>GPIOPinWrite</name>
         <value>0xaee3</value>
         <object_component_ref idref="oc-d5"/>
      </symbol>
      <symbol id="sm-128a">
         <name>GPIOPadConfigSet</name>
         <value>0x8a75</value>
         <object_component_ref idref="oc-2dd"/>
      </symbol>
      <symbol id="sm-128b">
         <name>GPIOPinTypeSSI</name>
         <value>0xad11</value>
         <object_component_ref idref="oc-6aa"/>
      </symbol>
      <symbol id="sm-12a0">
         <name>IntMasterDisable</name>
         <value>0xade9</value>
         <object_component_ref idref="oc-e1"/>
      </symbol>
      <symbol id="sm-12a1">
         <name>IntMasterEnable</name>
         <value>0xadf9</value>
         <object_component_ref idref="oc-125"/>
      </symbol>
      <symbol id="sm-12d8">
         <name>PWMGenPeriodSet</name>
         <value>0xae09</value>
         <object_component_ref idref="oc-3b7"/>
      </symbol>
      <symbol id="sm-12d9">
         <name>PWMClockSet</name>
         <value>0xad55</value>
         <object_component_ref idref="oc-3ab"/>
      </symbol>
      <symbol id="sm-12da">
         <name>PWMPulseWidthSet</name>
         <value>0xac01</value>
         <object_component_ref idref="oc-3bd"/>
      </symbol>
      <symbol id="sm-12db">
         <name>PWMOutputState</name>
         <value>0xad91</value>
         <object_component_ref idref="oc-3c3"/>
      </symbol>
      <symbol id="sm-12dc">
         <name>PWMGenEnable</name>
         <value>0xae79</value>
         <object_component_ref idref="oc-3c9"/>
      </symbol>
      <symbol id="sm-12dd">
         <name>PWMGenConfigure</name>
         <value>0xab81</value>
         <object_component_ref idref="oc-3b1"/>
      </symbol>
      <symbol id="sm-1304">
         <name>SSIDataPut</name>
         <value>0xaea7</value>
         <object_component_ref idref="oc-6c2"/>
      </symbol>
      <symbol id="sm-1305">
         <name>SSIConfigSetExpClk</name>
         <value>0xa837</value>
         <object_component_ref idref="oc-6b0"/>
      </symbol>
      <symbol id="sm-1306">
         <name>SSIEnable</name>
         <value>0xaeb1</value>
         <object_component_ref idref="oc-6b6"/>
      </symbol>
      <symbol id="sm-1307">
         <name>SSIBusy</name>
         <value>0xaecd</value>
         <object_component_ref idref="oc-6bc"/>
      </symbol>
      <symbol id="sm-1382">
         <name>SysCtlDelay</name>
         <value>0xaeef</value>
         <object_component_ref idref="oc-536"/>
      </symbol>
      <symbol id="sm-1383">
         <name>SysCtlPeripheralEnable</name>
         <value>0xa8e5</value>
         <object_component_ref idref="oc-f3"/>
      </symbol>
      <symbol id="sm-1384">
         <name>SysCtlPeripheralReady</name>
         <value>0xa875</value>
         <object_component_ref idref="oc-f9"/>
      </symbol>
      <symbol id="sm-1385">
         <name>SysCtlClockFreqSet</name>
         <value>0x84ed</value>
         <object_component_ref idref="oc-14f"/>
      </symbol>
      <symbol id="sm-13b1">
         <name>TimerLoadSet</name>
         <value>0xada3</value>
         <object_component_ref idref="oc-13d"/>
      </symbol>
      <symbol id="sm-13b2">
         <name>TimerEnable</name>
         <value>0xae45</value>
         <object_component_ref idref="oc-143"/>
      </symbol>
      <symbol id="sm-13b3">
         <name>TimerValueGet</name>
         <value>0xaebb</value>
         <object_component_ref idref="oc-149"/>
      </symbol>
      <symbol id="sm-13b4">
         <name>TimerConfigure</name>
         <value>0xa1d5</value>
         <object_component_ref idref="oc-137"/>
      </symbol>
      <symbol id="sm-13c6">
         <name>CPUcpsie</name>
         <value>0xae6d</value>
         <object_component_ref idref="oc-3df"/>
      </symbol>
      <symbol id="sm-13c7">
         <name>CPUcpsid</name>
         <value>0xae61</value>
         <object_component_ref idref="oc-2d1"/>
      </symbol>
      <symbol id="sm-13c8">
         <name>__TI_static_base__</name>
         <value>0x0</value>
      </symbol>
      <symbol id="sm-13cb">
         <name>__mpu_init</name>
         <value>0x0</value>
      </symbol>
      <symbol id="sm-13cc">
         <name>_system_post_cinit</name>
         <value>0x0</value>
      </symbol>
   </symbol_table>
   <title>Link successful</title>
</link_info>
