******************************************************************************
                  TI ARM Linker PC v20.2.7                     
******************************************************************************
>> Linked Tue Dec  9 15:49:20 2025

OUTPUT FILE NAME:   <ece3849_Lab4_rmartinkat_raguilar.out>
ENTRY POINT SYMBOL: "_c_int00_noargs"  address: 0000a919


MEMORY CONFIGURATION

         name            origin    length      used     unused   attr    fill
----------------------  --------  ---------  --------  --------  ----  --------
  FLASH                 00000000   00100000  0000d1c8  000f2e38  R  X
  SRAM                  20000000   00040000  0000e09e  00031f62  RW X


SEGMENT ALLOCATION MAP

run origin  load origin   length   init length attrs members
----------  ----------- ---------- ----------- ----- -------
00000000    00000000    0000d1c8   0000d1c8    r-x
  00000000    00000000    00000200   00000200    r-- .intvecs
  00000200    00000200    0000acfc   0000acfc    r-x .text
  0000aefc    0000aefc    00002268   00002268    r-- .const
  0000d164    0000d164    00000004   00000004    r-- .init_array
  0000d168    0000d168    00000060   00000060    r-- .cinit
20000000    20000000    0000e0a0   00000000    rw-
  20000000    20000000    000080f4   00000000    rw- .data
  200080f4    200080f4    000057aa   00000000    rw- .bss
  2000d8a0    2000d8a0    00000800   00000000    rw- .stack


SECTION ALLOCATION MAP

 output                                  attributes/
section   page    origin      length       input sections
--------  ----  ----------  ----------   ----------------
.intvecs   0    00000000    00000200     
                  00000000    00000200     startup_ccs.obj (.intvecs)

.text      0    00000200    0000acfc     
                  00000200    00002968     tasks.obj (.text)
                  00002b68    00000e00     queue.obj (.text)
                  00003968    00000bf4     joystick.obj (.text)
                  0000455c    00000a5e     button.obj (.text)
                  00004fba    00000002     rtsv7M4_T_le_v4SPD16_eabi.lib : _lock.c.obj (.text:_nop)
                  00004fbc    00000a4e                                   : _printfi.c.obj (.text:__TI_printfi)
                  00005a0a    00000002                                   : div0.asm.obj (.text)
                  00005a0c    00000a20     main.obj (.text)
                  0000642c    000008e0     display.obj (.text)
                  00006d0c    00000684     timers.obj (.text)
                  00007390    000005e4     Crystalfontz128x128_ST7735.obj (.text)
                  00007974    00000420     heap_4.obj (.text)
                  00007d94    00000294     game.obj (.text)
                  00008028    00000270     rtsv7M4_T_le_v4SPD16_eabi.lib : _printfi.c.obj (.text:_pconv_a)
                  00008298    00000252     grlib.lib : string.obj (.text:GrFontGlyphRender)
                  000084ea    00000002     --HOLE-- [fill = 0]
                  000084ec    00000200     driverlib.lib : sysctl.obj (.text:SysCtlClockFreqSet)
                  000086ec    000001d0     rtsv7M4_T_le_v4SPD16_eabi.lib : _printfi.c.obj (.text:_pconv_g)
                  000088bc    000001b6                                   : fd_add_t2.asm.obj (.text)
                  00008a72    00000002     --HOLE-- [fill = 0]
                  00008a74    0000016c     driverlib.lib : gpio.obj (.text:GPIOPadConfigSet)
                  00008be0    00000164     buzzer.obj (.text)
                  00008d44    00000158     rtsv7M4_T_le_v4SPD16_eabi.lib : e_atan2f.c.obj (.text:atan2f)
                  00008e9c    00000150                                   : s_atanf.c.obj (.text:atanf)
                  00008fec    00000144     HAL_EK_TM4C1294XL_Crystalfontz128x128_ST7735.obj (.text)
                  00009130    0000013c     rtsv7M4_T_le_v4SPD16_eabi.lib : _printfi.c.obj (.text:_pconv_e)
                  0000926c    0000013c     port.obj (.text)
                  000093a8    00000136     rtsv7M4_T_le_v4SPD16_eabi.lib : fd_div_t2.asm.obj (.text)
                  000094de    00000130     list.obj (.text)
                  0000960e    00000002     --HOLE-- [fill = 0]
                  00009610    00000124     rtsv7M4_T_le_v4SPD16_eabi.lib : _printfi.c.obj (.text:fcvt)
                  00009734    00000110                                   : s_scalbn.c.obj (.text:scalbn)
                  00009844    000000fc                                   : fd_mul_t2.asm.obj (.text)
                  00009940    000000da     portasm.obj (.text)
                  00009a1a    000000c0     grlib.lib : string.obj (.text:GrDefaultStringRenderer)
                  00009ada    00000002     --HOLE-- [fill = 0]
                  00009adc    000000b1     rtsv7M4_T_le_v4SPD16_eabi.lib : _printfi.c.obj (.text:_ltostr)
                  00009b8d    00000001     --HOLE-- [fill = 0]
                  00009b8e    0000009c                                   : memcpy_t2.asm.obj (.text)
                  00009c2a    00000096                                   : ull_div_t2.asm.obj (.text)
                  00009cc0    00000086     grlib.lib : rectangle.obj (.text:GrRectFill)
                  00009d46    00000086     rtsv7M4_T_le_v4SPD16_eabi.lib : fd_cmp_t2.asm.obj (.text:__aeabi_cdcmple)
                  00009dcc    00000086                                   : fd_cmp_t2.asm.obj (.text:__aeabi_cdrcmple)
                  00009e52    00000002     --HOLE-- [fill = 0]
                  00009e54    00000080                                   : s_floorf.c.obj (.text:floorf)
                  00009ed4    0000007a     driverlib.lib : adc.obj (.text:ADCSequenceStepConfigure)
                  00009f4e    0000007a     rtsv7M4_T_le_v4SPD16_eabi.lib : memset_t2.asm.obj (.text)
                  00009fc8    0000006e                                   : _printfi.c.obj (.text:_mcpy)
                  0000a036    00000002     --HOLE-- [fill = 0]
                  0000a038    00000068     grlib.lib : context.obj (.text:GrContextInit)
                  0000a0a0    00000068               : string.obj (.text:GrStringWidthGet)
                  0000a108    00000068     rtsv7M4_T_le_v4SPD16_eabi.lib : copy_decompress_lzss.c.obj (.text:decompress:lzss:__TI_decompress_lzss)
                  0000a170    00000064                                   : s_frexp.c.obj (.text:frexp)
                  0000a1d4    00000060     driverlib.lib : timer.obj (.text:TimerConfigure)
                  0000a234    00000060     rtsv7M4_T_le_v4SPD16_eabi.lib : autoinit.c.obj (.text:__TI_auto_init_nobinit:__TI_auto_init_nobinit)
                  0000a294    0000005a     grlib.lib : string.obj (.text:FontWideGlyphDataGet)
                  0000a2ee    00000056     rtsv7M4_T_le_v4SPD16_eabi.lib : _printfi.c.obj (.text:_pconv_f)
                  0000a344    00000054                                   : _ltoa.c.obj (.text:__TI_ltoa)
                  0000a398    00000052                                   : _printfi.c.obj (.text:_ecpy)
                  0000a3ea    0000004e     driverlib.lib : adc.obj (.text:ADCSequenceConfigure)
                  0000a438    0000004c                   : gpio.obj (.text:GPIOPinConfigure)
                  0000a484    0000004c     rtsv7M4_T_le_v4SPD16_eabi.lib : atoi.c.obj (.text:atoi)
                  0000a4d0    0000004c                                   : snprintf.c.obj (.text:snprintf)
                  0000a51c    0000004a     grlib.lib : string.obj (.text:UpdateContextCharMapping)
                  0000a566    00000002     --HOLE-- [fill = 0]
                  0000a568    00000048     driverlib.lib : sysctl.obj (.text:_SysCtlFrequencyGet)
                  0000a5b0    00000048     rtsv7M4_T_le_v4SPD16_eabi.lib : fd_toi_t2.asm.obj (.text)
                  0000a5f8    00000044     main.obj (.text:_ZN8Joystick7clamp01Ef)
                  0000a63c    00000040     joystick.obj (.text:_ZN8Joystick10emitCenterEv)
                  0000a67c    00000040     joystick.obj (.text:_ZN8Joystick10emitRepeatEv)
                  0000a6bc    00000040     joystick.obj (.text:_ZN8Joystick12emitTiltStopEv)
                  0000a6fc    00000040     joystick.obj (.text:_ZN8Joystick13emitTiltStartEv)
                  0000a73c    00000040     joystick.obj (.text:_ZN8Joystick14emitDirChangedEv)
                  0000a77c    00000040     joystick.obj (.text:_ZN8Joystick8emitMoveEv)
                  0000a7bc    0000003e     rtsv7M4_T_le_v4SPD16_eabi.lib : _printfi.c.obj (.text:_fcpy)
                  0000a7fa    0000003c     grlib.lib : string.obj (.text:FontGlyphDataGet)
                  0000a836    0000003c     driverlib.lib : ssi.obj (.text:SSIConfigSetExpClk)
                  0000a872    00000002     --HOLE-- [fill = 0]
                  0000a874    00000038                   : sysctl.obj (.text:SysCtlPeripheralReady)
                  0000a8ac    00000036     rtsv7M4_T_le_v4SPD16_eabi.lib : strncpy.c.obj (.text:strncpy)
                  0000a8e2    00000002     --HOLE-- [fill = 0]
                  0000a8e4    00000034     driverlib.lib : sysctl.obj (.text:SysCtlPeripheralEnable)
                  0000a918    00000034     rtsv7M4_T_le_v4SPD16_eabi.lib : boot_cortex_m.c.obj (.text:_c_int00_noargs:_c_int00_noargs)
                  0000a94c    00000034                                   : rand.c.obj (.text:rand)
                  0000a980    00000030     joystick.obj (.text:_ZN8Joystick6EventsC1Ev)
                  0000a9b0    00000030     rtsv7M4_T_le_v4SPD16_eabi.lib : snprintf.c.obj (.text:_outs)
                  0000a9e0    0000002e     driverlib.lib : adc.obj (.text:ADCIntStatus)
                  0000aa0e    0000002e     grlib.lib : string.obj (.text:GrStringNextCharGet)
                  0000aa3c    0000002e     rtsv7M4_T_le_v4SPD16_eabi.lib : i_tofd_t2.asm.obj (.text)
                  0000aa6a    0000002c     driverlib.lib : gpio.obj (.text:GPIODirModeSet)
                  0000aa96    0000002c     grlib.lib : string.obj (.text:GrFontBaselineGet)
                  0000aac2    00000028     joystick.obj (.text:_ZN8Joystick10fabsf_fastEf)
                  0000aaea    00000002     --HOLE-- [fill = 0]
                  0000aaec    00000028     rtsv7M4_T_le_v4SPD16_eabi.lib : e_sqrtf.c.obj (.text:sqrtf)
                  0000ab14    00000026     grlib.lib : string.obj (.text:GrFontInfoGet)
                  0000ab3a    00000024     main.obj (.text:_ZN8Joystick17setTickIntervalMsEj)
                  0000ab5e    00000022     grlib.lib : string.obj (.text:GrFontGlyphDataGet)
                  0000ab80    00000022     driverlib.lib : pwm.obj (.text:PWMGenConfigure)
                  0000aba2    00000002     --HOLE-- [fill = 0]
                  0000aba4    00000020                   : sysctl.obj (.text:_SysCtlMemTimingGet)
                  0000abc4    0000001e                   : adc.obj (.text:ADCSequenceDataGet)
                  0000abe2    0000001e     grlib.lib : string.obj (.text:GrFontCodepageGet)
                  0000ac00    0000001e     driverlib.lib : pwm.obj (.text:PWMPulseWidthSet)
                  0000ac1e    0000001c     rtsv7M4_T_le_v4SPD16_eabi.lib : memccpy.c.obj (.text:memccpy)
                  0000ac3a    0000001a     driverlib.lib : gpio.obj (.text:GPIOPinTypeGPIOOutput)
                  0000ac54    0000001a     rtsv7M4_T_le_v4SPD16_eabi.lib : s_copysign.c.obj (.text:copysign)
                  0000ac6e    00000018     driverlib.lib : adc.obj (.text:ADCProcessorTrigger)
                  0000ac86    00000018     main.obj (.text:_ZN8Joystick11setDeadzoneEf)
                  0000ac9e    00000018     rtsv7M4_T_le_v4SPD16_eabi.lib : snprintf.c.obj (.text:_outc)
                  0000acb6    00000018                                   : strcmp.c.obj (.text:strcmp)
                  0000acce    00000016     driverlib.lib : gpio.obj (.text:GPIOPinTypeADC)
                  0000ace4    00000016                   : gpio.obj (.text:GPIOPinTypeGPIOInput)
                  0000acfa    00000016                   : gpio.obj (.text:GPIOPinTypePWM)
                  0000ad10    00000016                   : gpio.obj (.text:GPIOPinTypeSSI)
                  0000ad26    00000016     grlib.lib : string.obj (.text:GrStringDraw)
                  0000ad3c    00000016     rtsv7M4_T_le_v4SPD16_eabi.lib : strchr.c.obj (.text:strchr)
                  0000ad52    00000002     --HOLE-- [fill = 0]
                  0000ad54    00000014     driverlib.lib : pwm.obj (.text:PWMClockSet)
                  0000ad68    00000014     rtsv7M4_T_le_v4SPD16_eabi.lib : strcpy.c.obj (.text:strcpy)
                  0000ad7c    00000014                                   : strlen.c.obj (.text:strlen)
                  0000ad90    00000012     driverlib.lib : pwm.obj (.text:PWMOutputState)
                  0000ada2    00000012                   : timer.obj (.text:TimerLoadSet)
                  0000adb4    00000012     rtsv7M4_T_le_v4SPD16_eabi.lib : wcslen.c.obj (.text:wcslen)
                  0000adc6    00000002     --HOLE-- [fill = 0]
                  0000adc8    00000010     driverlib.lib : fpu.obj (.text:FPUEnable)
                  0000add8    00000010                   : fpu.obj (.text:FPULazyStackingEnable)
                  0000ade8    00000010                   : interrupt.obj (.text:IntMasterDisable)
                  0000adf8    00000010                   : interrupt.obj (.text:IntMasterEnable)
                  0000ae08    00000010                   : pwm.obj (.text:PWMGenPeriodSet)
                  0000ae18    00000010     main.obj (.text:_ZNK8Joystick10direction8Ev)
                  0000ae28    0000000e     driverlib.lib : adc.obj (.text:ADCSequenceDisable)
                  0000ae36    0000000e                   : adc.obj (.text:ADCSequenceEnable)
                  0000ae44    0000000e                   : timer.obj (.text:TimerEnable)
                  0000ae52    0000000e     rtsv7M4_T_le_v4SPD16_eabi.lib : copy_decompress_none.c.obj (.text:decompress:none:__TI_decompress_none)
                  0000ae60    0000000c     driverlib.lib : cpu.obj (.text:CPUcpsid)
                  0000ae6c    0000000c                   : cpu.obj (.text:CPUcpsie)
                  0000ae78    0000000c                   : pwm.obj (.text:PWMGenEnable)
                  0000ae84    0000000c     rtsv7M4_T_le_v4SPD16_eabi.lib : copy_zero_init.c.obj (.text:decompress:ZI:__TI_zero_init)
                  0000ae90    0000000c     startup_ccs.obj (.text)
                  0000ae9c    0000000a     driverlib.lib : adc.obj (.text:ADCIntClear)
                  0000aea6    0000000a                   : ssi.obj (.text:SSIDataPut)
                  0000aeb0    0000000a                   : ssi.obj (.text:SSIEnable)
                  0000aeba    0000000a                   : timer.obj (.text:TimerValueGet)
                  0000aec4    00000008     grlib.lib : charmap.obj (.text:GrMapISO8859_1_Unicode)
                  0000aecc    00000008     driverlib.lib : ssi.obj (.text:SSIBusy)
                  0000aed4    00000008     rtsv7M4_T_le_v4SPD16_eabi.lib : errno.c.obj (.text:__aeabi_errno_addr)
                  0000aedc    00000006     driverlib.lib : gpio.obj (.text:GPIOPinRead)
                  0000aee2    00000006                   : gpio.obj (.text:GPIOPinWrite)
                  0000aee8    00000006     grlib.lib : string.obj (.text:GrContextFontSet)
                  0000aeee    00000006     driverlib.lib : sysctl.obj (.text:SysCtlDelay)
                  0000aef4    00000004     rtsv7M4_T_le_v4SPD16_eabi.lib : pre_init.c.obj (.text:_system_pre_init)
                  0000aef8    00000004                                   : exit.c.obj (.text:abort:abort)

.const     0    0000aefc    00002268     
                  0000aefc    00000dac     grlib.lib : fontcm30.obj (.const:.string:g_pui8Cm30Data)
                  0000bca8    00000759               : fontcm16.obj (.const:.string:g_pui8Cm16Data)
                  0000c401    000002f8               : fontfixed6x8.obj (.const:.string:g_pui8FontFixed6x8Data)
                  0000c6f9    00000003     --HOLE-- [fill = 0]
                  0000c6fc    000001b0     driverlib.lib : sysctl.obj (.const:g_pppui32XTALtoVCO)
                  0000c8ac    00000180     joystick.obj (.const:digital_pin_to_analog_in)
                  0000ca2c    00000101     rtsv7M4_T_le_v4SPD16_eabi.lib : ctype.c.obj (.const:.string:_ctypes_)
                  0000cb2d    00000003     --HOLE-- [fill = 0]
                  0000cb30    000000c8     grlib.lib : fontcm16.obj (.const:g_sFontCm16)
                  0000cbf8    000000c8               : fontcm30.obj (.const:g_sFontCm30)
                  0000ccc0    000000c8               : fontfixed6x8.obj (.const:g_sFontFixed6x8)
                  0000cd88    00000090     driverlib.lib : gpio.obj (.const:g_pui32GPIOBaseAddrs)
                  0000ce18    0000006c                   : sysctl.obj (.const:g_pui32Xtals)
                  0000ce84    00000060     button.obj (.const:.string:digital_pin_to_bit_mask)
                  0000cee4    00000060     joystick.obj (.const:.string:digital_pin_to_bit_mask)
                  0000cf44    00000060     button.obj (.const:.string:digital_pin_to_port)
                  0000cfa4    00000060     joystick.obj (.const:.string:digital_pin_to_port)
                  0000d004    00000040     button.obj (.const:port_to_base)
                  0000d044    00000040     joystick.obj (.const:port_to_base)
                  0000d084    00000034     rtsv7M4_T_le_v4SPD16_eabi.lib : s_atanf.c.obj (.const:$O1$$)
                  0000d0b8    00000030     driverlib.lib : sysctl.obj (.const:g_sXTALtoMEMTIM)
                  0000d0e8    00000028     Crystalfontz128x128_ST7735.obj (.const:g_sCrystalfontz128x128)
                  0000d110    00000010     grlib.lib : context.obj (.const:g_psDefaultCodePointMapTable)
                  0000d120    0000000c     timers.obj (.const:$P$T0$2)
                  0000d12c    00000008     display.obj (.const:$P$T0$1)
                  0000d134    00000008     display.obj (.const:$P$T1$2)
                  0000d13c    00000008     display.obj (.const:$P$T2$3)
                  0000d144    00000008     display.obj (.const:$P$T3$4)
                  0000d14c    00000008     display.obj (.const:$P$T4$5)
                  0000d154    00000008     driverlib.lib : sysctl.obj (.const:g_pui32VCOFrequencies)
                  0000d15c    00000004     port.obj (.const)
                  0000d160    00000004     tasks.obj (.const)

.cinit     0    0000d168    00000060     
                  0000d168    0000003b     (.cinit..data.load) [load image, compression = lzss]
                  0000d1a3    00000001     --HOLE-- [fill = 0]
                  0000d1a4    0000000c     (__TI_handler_table)
                  0000d1b0    00000008     (.cinit..bss.load) [load image, compression = zero_init]
                  0000d1b8    00000010     (__TI_cinit_table)

.init_array 
*          0    0000d164    00000004     
                  0000d164    00000004     main.obj (.init_array)

.data      0    20000000    000080f4     UNINITIALIZED
                  20000000    00008000     Crystalfontz128x128_ST7735.obj (.data:Lcd_buffer)
                  20008000    00000080     main.obj (.data)
                  20008080    0000002c     tasks.obj (.data)
                  200080ac    00000014     heap_4.obj (.data)
                  200080c0    0000000c     timers.obj (.data)
                  200080cc    00000008     rtsv7M4_T_le_v4SPD16_eabi.lib : _lock.c.obj (.data:$O1$$)
                  200080d4    00000004     game.obj (.data)
                  200080d8    00000004     game.obj (.data:gameState)
                  200080dc    00000004     port.obj (.data)
                  200080e0    00000004     rtsv7M4_T_le_v4SPD16_eabi.lib : errno.c.obj (.data)
                  200080e4    00000004                                   : rand.c.obj (.data)
                  200080e8    00000004     tasks.obj (.data:ulTaskSwitchedInTime)
                  200080ec    00000004     tasks.obj (.data:ulTotalRunTime)
                  200080f0    00000004     tasks.obj (.data:xYieldPendings)

.bss       0    200080f4    000057aa     UNINITIALIZED
                  200080f4    00004f10     heap_4.obj (.bss:ucHeap)
                  2000d004    00000200     (.common:snek)
                  2000d204    00000190     main.obj (.bss:gJoystick)
                  2000d394    00000140     tasks.obj (.bss:pxReadyTasksLists)
                  2000d4d4    000000f0     (.common:gTaskCpuInfo)
                  2000d5c4    000000b4     main.obj (.bss:btnPause)
                  2000d678    000000b4     main.obj (.bss:btnReset)
                  2000d72c    00000050     (.common:xQueueRegistry)
                  2000d77c    0000002c     (.common:gContext)
                  2000d7a8    00000014     timers.obj (.bss:xActiveTimerList1)
                  2000d7bc    00000014     timers.obj (.bss:xActiveTimerList2)
                  2000d7d0    00000014     tasks.obj (.bss:xDelayedTaskList1)
                  2000d7e4    00000014     tasks.obj (.bss:xDelayedTaskList2)
                  2000d7f8    00000014     tasks.obj (.bss:xPendingReadyList)
                  2000d80c    00000014     tasks.obj (.bss:xSuspendedTaskList)
                  2000d820    00000014     tasks.obj (.bss:xTasksWaitingTermination)
                  2000d834    0000000c     (.common:stackInput)
                  2000d840    0000000c     (.common:stackMonitor)
                  2000d84c    0000000c     (.common:stackRender)
                  2000d858    0000000c     (.common:stackSnake)
                  2000d864    00000008     tasks.obj (.bss)
                  2000d86c    00000008     timers.obj (.bss)
                  2000d874    00000008     heap_4.obj (.bss:xStart)
                  2000d87c    00000004     buzzer.obj (.bss)
                  2000d880    00000004     grlib.lib : context.obj (.bss)
                  2000d884    00000004     tasks.obj (.bss:xIdleTaskHandles)
                  2000d888    00000004     (.common:gSysClk)
                  2000d88c    00000004     (.common:xMutexLCD)
                  2000d890    00000002     (.common:Lcd_ScreenHeigth)
                  2000d892    00000002     (.common:Lcd_ScreenWidth)
                  2000d894    00000002     (.common:Lcd_TouchTrim)
                  2000d896    00000002     (.common:fruit)
                  2000d898    00000001     (.common:Lcd_FlagRead)
                  2000d899    00000001     (.common:Lcd_FontSolid)
                  2000d89a    00000001     (.common:Lcd_Orientation)
                  2000d89b    00000001     (.common:Lcd_PenSolid)
                  2000d89c    00000001     (.common:gCpuUtil)
                  2000d89d    00000001     (.common:renderMailbox)

.stack     0    2000d8a0    00000800     UNINITIALIZED
                  2000d8a0    00000004     rtsv7M4_T_le_v4SPD16_eabi.lib : boot_cortex_m.c.obj (.stack)
                  2000d8a4    000007fc     --HOLE--

__llvm_prf_cnts 
*          0    20000000    00000000     UNINITIALIZED

MODULE SUMMARY

       Module                                             code    ro data   rw data
       ------                                             ----    -------   -------
    .\
       main.obj                                           2736    4         942    
       display.obj                                        2272    40        0      
       game.obj                                           660     0         522    
       buzzer.obj                                         356     0         292    
       startup_ccs.obj                                    12      512       0      
    +--+--------------------------------------------------+-------+---------+---------+
       Total:                                             6036    556       1756   
                                                                                   
    .\FreeRTOS\
       tasks.obj                                          10600   4         488    
       queue.obj                                          3584    0         80     
       timers.obj                                         1668    12        60     
       list.obj                                           304     0         0      
    +--+--------------------------------------------------+-------+---------+---------+
       Total:                                             16156   16        628    
                                                                                   
    .\FreeRTOS\portable\CCS\ARM_CM4F\
       port.obj                                           316     4         4      
       portasm.obj                                        218     0         0      
    +--+--------------------------------------------------+-------+---------+---------+
       Total:                                             534     4         4      
                                                                                   
    .\FreeRTOS\portable\MemMang\
       heap_4.obj                                         1056    0         20268  
    +--+--------------------------------------------------+-------+---------+---------+
       Total:                                             1056    0         20268  
                                                                                   
    .\libraries\buttonsDriver\
       button.obj                                         2654    256       0      
    +--+--------------------------------------------------+-------+---------+---------+
       Total:                                             2654    256       0      
                                                                                   
    .\libraries\display\
       Crystalfontz128x128_ST7735.obj                     1508    40        32778  
       HAL_EK_TM4C1294XL_Crystalfontz128x128_ST7735.obj   324     0         0      
    +--+--------------------------------------------------+-------+---------+---------+
       Total:                                             1832    40        32778  
                                                                                   
    .\libraries\joystickDriver\
       joystick.obj                                       3532    640       0      
    +--+--------------------------------------------------+-------+---------+---------+
       Total:                                             3532    640       0      
                                                                                   
    C:/ti/TivaWare_C_Series-2.2.0.295/driverlib/ccs/Debug/driverlib.lib
       sysctl.obj                                         730     596       0      
       gpio.obj                                           610     144       0      
       adc.obj                                            338     0         0      
       timer.obj                                          138     0         0      
       pwm.obj                                            130     0         0      
       ssi.obj                                            88      0         0      
       fpu.obj                                            32      0         0      
       interrupt.obj                                      32      0         0      
       cpu.obj                                            24      0         0      
    +--+--------------------------------------------------+-------+---------+---------+
       Total:                                             2122    740       0      
                                                                                   
    C:/ti/TivaWare_C_Series-2.2.0.295/grlib/ccs/Debug/grlib.lib
       fontcm30.obj                                       0       3700      0      
       fontcm16.obj                                       0       2081      0      
       string.obj                                         1334    0         0      
       fontfixed6x8.obj                                   0       960       0      
       rectangle.obj                                      134     0         0      
       context.obj                                        104     16        4      
       charmap.obj                                        8       0         0      
    +--+--------------------------------------------------+-------+---------+---------+
       Total:                                             1580    6757      4      
                                                                                   
    C:\ti\ccs1281\ccs\tools\compiler\ti-cgt-arm_20.2.7.LTS\lib\rtsv7M4_T_le_v4SPD16_eabi.lib
       _printfi.c.obj                                     4851    0         0      
       fd_add_t2.asm.obj                                  438     0         0      
       s_atanf.c.obj                                      336     52        0      
       e_atan2f.c.obj                                     344     0         0      
       fd_div_t2.asm.obj                                  310     0         0      
       s_scalbn.c.obj                                     272     0         0      
       fd_cmp_t2.asm.obj                                  268     0         0      
       ctype.c.obj                                        0       257       0      
       fd_mul_t2.asm.obj                                  252     0         0      
       memcpy_t2.asm.obj                                  156     0         0      
       ull_div_t2.asm.obj                                 150     0         0      
       snprintf.c.obj                                     148     0         0      
       s_floorf.c.obj                                     128     0         0      
       memset_t2.asm.obj                                  122     0         0      
       copy_decompress_lzss.c.obj                         104     0         0      
       s_frexp.c.obj                                      100     0         0      
       autoinit.c.obj                                     96      0         0      
       _ltoa.c.obj                                        84      0         0      
       atoi.c.obj                                         76      0         0      
       fd_toi_t2.asm.obj                                  72      0         0      
       rand.c.obj                                         52      0         4      
       strncpy.c.obj                                      54      0         0      
       boot_cortex_m.c.obj                                52      0         0      
       i_tofd_t2.asm.obj                                  46      0         0      
       e_sqrtf.c.obj                                      40      0         0      
       memccpy.c.obj                                      28      0         0      
       s_copysign.c.obj                                   26      0         0      
       strcmp.c.obj                                       24      0         0      
       strchr.c.obj                                       22      0         0      
       strcpy.c.obj                                       20      0         0      
       strlen.c.obj                                       20      0         0      
       wcslen.c.obj                                       18      0         0      
       copy_decompress_none.c.obj                         14      0         0      
       copy_zero_init.c.obj                               12      0         0      
       errno.c.obj                                        8       0         4      
       _lock.c.obj                                        2       0         8      
       exit.c.obj                                         4       0         0      
       pre_init.c.obj                                     4       0         0      
       div0.asm.obj                                       2       0         0      
    +--+--------------------------------------------------+-------+---------+---------+
       Total:                                             8755    309       16     
                                                                                   
       Stack:                                             0       0         2048   
       Linker Generated:                                  0       95        0      
    +--+--------------------------------------------------+-------+---------+---------+
       Grand Total:                                       44257   9413      57502  


LINKER GENERATED COPY TABLES

__TI_cinit_table @ 0000d1b8 records: 2, size/record: 8, table size: 16
	.data: load addr=0000d168, load size=0000003b bytes, run addr=20000000, run size=000080f4 bytes, compression=lzss
	.bss: load addr=0000d1b0, load size=00000008 bytes, run addr=200080f4, run size=000057aa bytes, compression=zero_init


LINKER GENERATED HANDLER TABLE

__TI_handler_table @ 0000d1a4 records: 3, size/record: 4, table size: 12
	index: 0, handler: __TI_decompress_lzss
	index: 1, handler: __TI_decompress_none
	index: 2, handler: __TI_zero_init


GLOBAL SYMBOLS: SORTED ALPHABETICALLY BY Name 

address   name                                       
-------   ----                                       
0000ae9d  ADCIntClear                                
0000a9e1  ADCIntStatus                               
0000ac6f  ADCProcessorTrigger                        
0000a3eb  ADCSequenceConfigure                       
0000abc5  ADCSequenceDataGet                         
0000ae29  ADCSequenceDisable                         
0000ae37  ADCSequenceEnable                          
00009ed5  ADCSequenceStepConfigure                   
0000aef9  C$$EXIT                                    
0000ae61  CPUcpsid                                   
0000ae6d  CPUcpsie                                   
00007391  Crystalfontz128x128_Init                   
00007437  Crystalfontz128x128_SetDrawFrame           
00007513  Crystalfontz128x128_SetOrientation         
0000adc9  FPUEnable                                  
0000add9  FPULazyStackingEnable                      
0000aa6b  GPIODirModeSet                             
00008a75  GPIOPadConfigSet                           
0000a439  GPIOPinConfigure                           
0000aedd  GPIOPinRead                                
0000accf  GPIOPinTypeADC                             
0000ace5  GPIOPinTypeGPIOInput                       
0000ac3b  GPIOPinTypeGPIOOutput                      
0000acfb  GPIOPinTypePWM                             
0000ad11  GPIOPinTypeSSI                             
0000aee3  GPIOPinWrite                               
0000aee9  GrContextFontSet                           
0000a039  GrContextInit                              
00009a1b  GrDefaultStringRenderer                    
0000aa97  GrFontBaselineGet                          
0000abe3  GrFontCodepageGet                          
0000ab5f  GrFontGlyphDataGet                         
00008299  GrFontGlyphRender                          
0000ab15  GrFontInfoGet                              
0000aec5  GrMapISO8859_1_Unicode                     
00009cc1  GrRectFill                                 
0000ad27  GrStringDraw                               
0000aa0f  GrStringNextCharGet                        
0000a0a1  GrStringWidthGet                           
00008fed  HAL_LCD_PortInit                           
00009043  HAL_LCD_SpiInit                            
0000909d  HAL_LCD_writeCommand                       
000090d7  HAL_LCD_writeData                          
0000ade9  IntMasterDisable                           
0000adf9  IntMasterEnable                            
2000d898  Lcd_FlagRead                               
2000d899  Lcd_FontSolid                              
2000d89a  Lcd_Orientation                            
2000d89b  Lcd_PenSolid                               
2000d890  Lcd_ScreenHeigth                           
2000d892  Lcd_ScreenWidth                            
2000d894  Lcd_TouchTrim                              
20000000  Lcd_buffer                                 
0000ad55  PWMClockSet                                
0000ab81  PWMGenConfigure                            
0000ae79  PWMGenEnable                               
0000ae09  PWMGenPeriodSet                            
0000ad91  PWMOutputState                             
0000ac01  PWMPulseWidthSet                           
0000ae91  ResetISR                                   
0000d164  SHT$$INIT_ARRAY$$Base                      
0000d168  SHT$$INIT_ARRAY$$Limit                     
0000aecd  SSIBusy                                    
0000a837  SSIConfigSetExpClk                         
0000aea7  SSIDataPut                                 
0000aeb1  SSIEnable                                  
000084ed  SysCtlClockFreqSet                         
0000aeef  SysCtlDelay                                
0000a8e5  SysCtlPeripheralEnable                     
0000a875  SysCtlPeripheralReady                      
0000a1d5  TimerConfigure                             
0000ae45  TimerEnable                                
0000ada3  TimerLoadSet                               
0000aebb  TimerValueGet                              
00007ebb  _Z10SpawnFruitv                            
00008cbb  _Z11Buzzer_Initv                           
00008ce7  _Z11Buzzer_Postjj                          
00005b6f  _Z11Timing_Initv                           
0000691d  _Z12DrawKilScrenv                          
00007e6b  _Z12IsHeadOnSnekv                          
00007f0d  _Z13HasEatenFruitv                         
00005c93  _Z14ChronoCallbackP15tmrTimerControl       
00005cc1  _Z14FormatGameTimePcjj                     
00006b7d  _Z14OverflowScreenv                        
00005da5  _Z15CollectCPUUsagev                       
00007e13  _Z16IsPositionOnSnekhh                     
00005ee1  _Z17CollectStackUsagev                     
00005bbd  _Z17Timing_PeriodTickv                     
00005c31  _Z19Timing_ExecutionEndv                   
00005c25  _Z21Timing_ExecutionStartv                 
00005b9f  _Z6microsv                                 
00006511  _Z8DrawGamePK13snekGameState               
0000649b  _Z8LCD_Initv                               
00007f33  _Z8movesnekv                               
00007d95  _Z9ResetGamev                              
00004aef  _ZN6Button10attachIdleEPFvvE               
0000490b  _ZN6Button10setClickMsEj                   
0000491d  _ZN6Button10setPressMsEj                   
00004b7f  _ZN6Button10wasPressedEv                   
000049a3  _ZN6Button11attachClickEPFvPvES0_          
00004991  _ZN6Button11attachClickEPFvvE              
00004977  _ZN6Button11attachPressEPFvPvES0_          
00004965  _ZN6Button11attachPressEPFvvE              
00004ba9  _ZN6Button11wasReleasedEv                  
00004c09  _ZN6Button12readPhysicalEv                 
00004be5  _ZN6Button13attachReleaseEPFvvE            
000048f9  _ZN6Button13setDebounceMsEi                
00004c65  _ZN6Button14applyPadConfigEv               
00004bc5  _ZN6Button15isDoubleClickedEv              
00004a31  _ZN6Button16attachMultiClickEPFvPvES0_     
00004a11  _ZN6Button16attachMultiClickEPFvvE         
000049dd  _ZN6Button17attachDoubleClickEPFvPvES0_    
000049bd  _ZN6Button17attachDoubleClickEPFvvE        
00004953  _ZN6Button17setTickIntervalMsEj            
00004a9f  _ZN6Button19attachLongPressStopEPFvPvES0_  
00004a8b  _ZN6Button19attachLongPressStopEPFvvE      
00004a6d  _ZN6Button20attachLongPressStartEPFvPvES0_ 
00004a59  _ZN6Button20attachLongPressStartEPFvvE     
00004ad1  _ZN6Button21attachDuringLongPressEPFvPvES0_
00004abd  _ZN6Button21attachDuringLongPressEPFvvE    
00004941  _ZN6Button22setLongPressIntervalMsEj       
00004cad  _ZN6Button3fsmEb                           
00004829  _ZN6Button4tickEb                          
00004797  _ZN6Button4tickEv                          
000048a1  _ZN6Button5beginEv                         
00004b03  _ZN6Button5resetEv                         
000048df  _ZN6Button7setPullE10ButtonPull            
00004f35  _ZN6Button8debounceEb                      
00004f23  _ZN6Button8newStateENS_12StateMachineE     
0000492f  _ZN6Button9setIdleMsEj                     
000045f9  _ZN6ButtonC1Ehjjj10ButtonPull              
000045f9  _ZN6ButtonC2Ehjjj10ButtonPull              
0000a63d  _ZN8Joystick10emitCenterEv                 
0000a67d  _ZN8Joystick10emitRepeatEv                 
0000aac3  _ZN8Joystick10fabsf_fastEf                 
0000ac87  _ZN8Joystick11setDeadzoneEf                
0000a6bd  _ZN8Joystick12emitTiltStopEv               
0000a6fd  _ZN8Joystick13emitTiltStartEv              
0000a73d  _ZN8Joystick14emitDirChangedEv             
00003e89  _ZN8Joystick14sanitizeRangesEv             
00003df5  _ZN8Joystick15calibrateCenterEt            
0000ab3b  _ZN8Joystick17setTickIntervalMsEj          
00004115  _ZN8Joystick18filterAndNormalizeEv         
00003f67  _ZN8Joystick19configureGpioAnalogEhRhRjS0_ 
000042ef  _ZN8Joystick21computePolarAndEventsEv      
00003fcb  _ZN8Joystick21configureAdcSequencerEv      
00003db5  _ZN8Joystick4tickEv                        
00003d33  _ZN8Joystick5beginEv                       
0000a981  _ZN8Joystick6EventsC1Ev                    
0000a5f9  _ZN8Joystick7clamp01Ef                     
0000a77d  _ZN8Joystick8emitMoveEv                    
00004069  _ZN8Joystick8readAdc2ERtS0_                
00003afd  _ZN8JoystickC1Ehhhjjj10ButtonPull          
00003afd  _ZN8JoystickC2Ehhhjjj10ButtonPull          
00004bf9  _ZNK6Button11getHoldTimeEv                 
00004b67  _ZNK6Button13isLongPressedEv               
00004b45  _ZNK6Button15getNumberClicksEv             
00004b53  _ZNK6Button6isIdleEv                       
00004b9b  _ZNK6Button9isPressedEv                    
0000ae19  _ZNK8Joystick10direction8Ev                
000044b5  _ZNK8Joystick9quantize8Ef                  
2000e0a0  __STACK_END                                
00000800  __STACK_SIZE                               
2000daa0  __STACK_TOP                                
0000d1b8  __TI_CINIT_Base                            
0000d1c8  __TI_CINIT_Limit                           
0000d1a4  __TI_Handler_Table_Base                    
0000d1b0  __TI_Handler_Table_Limit                   
0000a235  __TI_auto_init_nobinit                     
0000a109  __TI_decompress_lzss                       
0000ae53  __TI_decompress_none                       
0000a345  __TI_ltoa                                  
ffffffff  __TI_pprof_out_hndl                        
00004fbd  __TI_printfi                               
ffffffff  __TI_prof_data_size                        
ffffffff  __TI_prof_data_start                       
00000000  __TI_static_base__                         
0000ae85  __TI_zero_init                             
00009d47  __aeabi_cdcmpeq                            
00009d47  __aeabi_cdcmple                            
00009dcd  __aeabi_cdrcmple                           
0000a5b1  __aeabi_d2iz                               
000088c7  __aeabi_dadd                               
000093a9  __aeabi_ddiv                               
00009845  __aeabi_dmul                               
000088bd  __aeabi_dsub                               
0000aed5  __aeabi_errno_addr                         
0000aa3d  __aeabi_i2d                                
00005a0b  __aeabi_idiv0                              
00005a0b  __aeabi_ldiv0                              
00009f4f  __aeabi_memclr                             
00009f4f  __aeabi_memclr4                            
00009f4f  __aeabi_memclr8                            
00009b8f  __aeabi_memcpy                             
00009b8f  __aeabi_memcpy4                            
00009b8f  __aeabi_memcpy8                            
00009f51  __aeabi_memset                             
00009f51  __aeabi_memset4                            
00009f51  __aeabi_memset8                            
00009c2b  __aeabi_uldivmod                           
ffffffff  __binit__                                  
ffffffff  __c_args__                                 
UNDEFED   __mpu_init                                 
2000d8a0  __stack                                    
20000000  __start___llvm_prf_cnts                    
00006379  __sti___8_main_cpp_b95667e2                
20000000  __stop___llvm_prf_cnts                     
0000a919  _c_int00_noargs                            
0000ca2c  _ctypes_                                   
200080cc  _lock                                      
00004fbb  _nop                                       
UNDEFED   _system_post_cinit                         
0000aef5  _system_pre_init                           
200080d0  _unlock                                    
0000aef9  abort                                      
00008d45  atan2f                                     
00008e9d  atanf                                      
0000a485  atoi                                       
ffffffff  binit                                      
20008078  chronoTimer                                
0000ac55  copysign                                   
0000ac55  copysignl                                  
20008008  debugMode                                  
00000651  eTaskGetState                              
200080e0  errno                                      
20008058  exec_count                                 
2000805c  expected_period_us                         
00009e55  floorf                                     
0000a171  frexp                                      
0000a171  frexpl                                     
2000d896  fruit                                      
20008068  gAvgExecUs                                 
20008060  gAvgPeriodUs                               
2000d77c  gContext                                   
2000d89c  gCpuUtil                                   
20008074  gCurrentFPS                                
20008070  gFrameCount                                
20008064  gLastJitterSnapshot                        
2000806c  gMaxExecUs                                 
2000801c  gNumTasks                                  
2000d888  gSysClk                                    
2000d4d4  gTaskCpuInfo                               
00000000  g_pfnVectors                               
0000d110  g_psDefaultCodePointMapTable               
0000d0e8  g_sCrystalfontz128x128                     
0000cb30  g_sFontCm16                                
0000cbf8  g_sFontCm30                                
0000ccc0  g_sFontFixed6x8                            
200080d8  gameState                                  
2000807c  gameTimeMs                                 
2000800c  hInput                                     
20008018  hMonitor                                   
20008014  hRender                                    
20008010  hSnake                                     
200080d4  hasFruit                                   
200080d6  highScore                                  
20008040  last_exec_start_us                         
2000803c  last_jitter_us                             
20008020  last_us                                    
00009735  ldexp                                      
00009735  ldexpl                                     
00005a27  main                                       
20008048  max_exec_us                                
20008028  max_period_us                              
0000ac1f  memccpy                                    
00009b8f  memcpy                                     
00009f57  memset                                     
20008044  min_exec_us                                
20008024  min_period_us                              
0000387f  pcQueueGetName                             
00000fbf  pcTaskGetName                              
00006ef3  pcTimerGetName                             
20008038  period_count                               
00007b21  pvPortCalloc                               
00007975  pvPortMalloc                               
000021d7  pvTaskIncrementMutexHeldCount              
00007309  pvTimerGetTimerID                          
20008080  pxCurrentTCB                               
0000926d  pxPortInitialiseStack                      
0000a94d  rand                                       
2000d89d  renderMailbox                              
00009735  scalbn                                     
00009735  scalbnl                                    
200080d5  score                                      
2000d004  snek                                       
200080d7  snekLength                                 
0000a4d1  snprintf                                   
0000aaed  sqrtf                                      
2000d834  stackInput                                 
2000d840  stackMonitor                               
2000d84c  stackRender                                
2000d858  stackSnake                                 
0000ad3d  strchr                                     
0000acb7  strcmp                                     
0000ad69  strcpy                                     
0000ad7d  strlen                                     
0000a8ad  strncpy                                    
20008050  sum_exec_us                                
20008030  sum_period_us                              
0000358f  ucQueueGetQueueType                        
0000d15c  ulMaxSyscallInterruptPriority              
00009951  ulPortGetIPSR                              
00002205  ulTaskGenericNotifyTake                    
000028ff  ulTaskGenericNotifyValueClear              
00002943  ulTaskGetRunTimeCounter                    
00002969  ulTaskGetRunTimePercent                    
000095c5  uxListRemove                               
0000359f  uxQueueGetQueueItemSize                    
000035ad  uxQueueGetQueueLength                      
0000356f  uxQueueGetQueueNumber                      
0000350d  uxQueueMessagesWaiting                     
00003543  uxQueueMessagesWaitingFromISR              
00003523  uxQueueSpacesAvailable                     
00000781  uxTaskBasePriorityGet                      
000007ad  uxTaskBasePriorityGetFromISR               
00000fb9  uxTaskGetNumberOfTasks                     
00001ab3  uxTaskGetStackHighWaterMark                
00000ff1  uxTaskGetSystemState                       
00001819  uxTaskGetTaskNumber                        
00000723  uxTaskPriorityGet                          
00000747  uxTaskPriorityGetFromISR                   
000021b5  uxTaskResetEventItemValue                  
00006ecd  uxTimerGetReloadMode                       
0000733d  uxTimerGetTimerNumber                      
00005a0d  vApplicationStackOverflowHook              
000094df  vListInitialise                            
0000950f  vListInitialiseItem                        
0000955d  vListInsert                                
0000951f  vListInsertEnd                             
00009a0d  vPortEnableVFP                             
0000930d  vPortEndScheduler                          
0000930f  vPortEnterCritical                         
0000932f  vPortExitCritical                          
00007ab9  vPortFree                                  
00007cad  vPortGetHeapStats                          
00007d53  vPortHeapResetState                        
00007b1f  vPortInitialiseBlocks                      
000099c9  vPortSVCHandler                            
0000936b  vPortSetupTimerInterrupt                   
000099e9  vPortStartFirstTask                        
00003811  vQueueAddToRegistry                        
00003559  vQueueDelete                               
0000357d  vQueueSetQueueNumber                       
000038bf  vQueueUnregisterQueue                      
00003903  vQueueWaitForMessageRestricted             
00000605  vTaskDelay                                 
00000493  vTaskDelete                                
00000d5f  vTaskEndScheduler                          
00002745  vTaskGenericNotifyGiveFromISR              
0000190d  vTaskGetInfo                               
00002079  vTaskGetRunTimeStatistics                  
00001767  vTaskInternalSetTimeOutState               
00001f0d  vTaskListTasks                             
00001809  vTaskMissedYield                           
000013c5  vTaskPlaceOnEventList                      
0000144d  vTaskPlaceOnEventListRestricted            
000013e9  vTaskPlaceOnUnorderedEventList             
00001db1  vTaskPriorityDisinheritAfterTimeout        
000007fd  vTaskPrioritySet                           
0000162f  vTaskRemoveFromUnorderedEventList          
00002a8d  vTaskResetState                            
00000ad1  vTaskResume                                
0000183d  vTaskSetTaskNumber                         
00001749  vTaskSetTimeOutState                       
00000d19  vTaskStartScheduler                        
00000973  vTaskSuspend                               
00000da9  vTaskSuspendAll                            
000012e1  vTaskSwitchContext                         
0000735d  vTimerResetState                           
00006e6f  vTimerSetReloadMode                        
00007323  vTimerSetTimerID                           
0000734b  vTimerSetTimerNumber                       
0000adb5  wcslen                                     
2000d88c  xMutexLCD                                  
00007b13  xPortGetFreeHeapSize                       
00007b19  xPortGetMinimumEverFreeHeapSize            
00009969  xPortPendSVHandler                         
000092d7  xPortStartScheduler                        
00009345  xPortSysTickHandler                        
00002dc1  xQueueCreateCountingSemaphore              
00002d15  xQueueCreateMutex                          
20008004  xQueueDirections                           
00002c3b  xQueueGenericCreate                        
00002b69  xQueueGenericReset                         
00002df1  xQueueGenericSend                          
00002f21  xQueueGenericSendFromISR                   
00002fd3  xQueueGiveFromISR                          
00002d41  xQueueGiveMutexRecursive                   
000037a5  xQueueIsQueueEmptyFromISR                  
000037eb  xQueueIsQueueFullFromISR                   
000032ef  xQueuePeek                                 
000034bb  xQueuePeekFromISR                          
00003077  xQueueReceive                              
00003411  xQueueReceiveFromISR                       
2000d72c  xQueueRegistry                             
00003195  xQueueSemaphoreTake                        
00002d7d  xQueueTakeMutexRecursive                   
20008000  xSemJoystickInput                          
000010cb  xTaskCatchUpTicks                          
00001785  xTaskCheckForTimeOut                       
0000026d  xTaskCreate                                
00000567  xTaskDelayUntil                            
000023c9  xTaskGenericNotify                         
00002555  xTaskGenericNotifyFromISR                  
000028b5  xTaskGenericNotifyStateClear               
000022c5  xTaskGenericNotifyWait                     
00001b2d  xTaskGetCurrentTaskHandle                  
00001b55  xTaskGetCurrentTaskHandleForCore           
00001b7f  xTaskGetSchedulerState                     
00000f91  xTaskGetTickCount                          
00000fa5  xTaskGetTickCountFromISR                   
00001109  xTaskIncrementTick                         
00001cc3  xTaskPriorityDisinherit                    
00001ba9  xTaskPriorityInherit                       
000014d1  xTaskRemoveFromEventList                   
00000dc5  xTaskResumeAll                             
00000bad  xTaskResumeFromISR                         
00006d39  xTimerCreate                               
00006d0d  xTimerCreateTimerTask                      
00006e17  xTimerGenericCommandFromISR                
00006dbd  xTimerGenericCommandFromTask               
00006edd  xTimerGetExpiryTime                        
00006e5d  xTimerGetPeriod                            
00006ea5  xTimerGetReloadMode                        
00006e57  xTimerGetTimerDaemonTaskHandle             
000072dd  xTimerIsTimerActive                        


GLOBAL SYMBOLS: SORTED BY Symbol Address 

address   name                                       
-------   ----                                       
00000000  __TI_static_base__                         
00000000  g_pfnVectors                               
0000026d  xTaskCreate                                
00000493  vTaskDelete                                
00000567  xTaskDelayUntil                            
00000605  vTaskDelay                                 
00000651  eTaskGetState                              
00000723  uxTaskPriorityGet                          
00000747  uxTaskPriorityGetFromISR                   
00000781  uxTaskBasePriorityGet                      
000007ad  uxTaskBasePriorityGetFromISR               
000007fd  vTaskPrioritySet                           
00000800  __STACK_SIZE                               
00000973  vTaskSuspend                               
00000ad1  vTaskResume                                
00000bad  xTaskResumeFromISR                         
00000d19  vTaskStartScheduler                        
00000d5f  vTaskEndScheduler                          
00000da9  vTaskSuspendAll                            
00000dc5  xTaskResumeAll                             
00000f91  xTaskGetTickCount                          
00000fa5  xTaskGetTickCountFromISR                   
00000fb9  uxTaskGetNumberOfTasks                     
00000fbf  pcTaskGetName                              
00000ff1  uxTaskGetSystemState                       
000010cb  xTaskCatchUpTicks                          
00001109  xTaskIncrementTick                         
000012e1  vTaskSwitchContext                         
000013c5  vTaskPlaceOnEventList                      
000013e9  vTaskPlaceOnUnorderedEventList             
0000144d  vTaskPlaceOnEventListRestricted            
000014d1  xTaskRemoveFromEventList                   
0000162f  vTaskRemoveFromUnorderedEventList          
00001749  vTaskSetTimeOutState                       
00001767  vTaskInternalSetTimeOutState               
00001785  xTaskCheckForTimeOut                       
00001809  vTaskMissedYield                           
00001819  uxTaskGetTaskNumber                        
0000183d  vTaskSetTaskNumber                         
0000190d  vTaskGetInfo                               
00001ab3  uxTaskGetStackHighWaterMark                
00001b2d  xTaskGetCurrentTaskHandle                  
00001b55  xTaskGetCurrentTaskHandleForCore           
00001b7f  xTaskGetSchedulerState                     
00001ba9  xTaskPriorityInherit                       
00001cc3  xTaskPriorityDisinherit                    
00001db1  vTaskPriorityDisinheritAfterTimeout        
00001f0d  vTaskListTasks                             
00002079  vTaskGetRunTimeStatistics                  
000021b5  uxTaskResetEventItemValue                  
000021d7  pvTaskIncrementMutexHeldCount              
00002205  ulTaskGenericNotifyTake                    
000022c5  xTaskGenericNotifyWait                     
000023c9  xTaskGenericNotify                         
00002555  xTaskGenericNotifyFromISR                  
00002745  vTaskGenericNotifyGiveFromISR              
000028b5  xTaskGenericNotifyStateClear               
000028ff  ulTaskGenericNotifyValueClear              
00002943  ulTaskGetRunTimeCounter                    
00002969  ulTaskGetRunTimePercent                    
00002a8d  vTaskResetState                            
00002b69  xQueueGenericReset                         
00002c3b  xQueueGenericCreate                        
00002d15  xQueueCreateMutex                          
00002d41  xQueueGiveMutexRecursive                   
00002d7d  xQueueTakeMutexRecursive                   
00002dc1  xQueueCreateCountingSemaphore              
00002df1  xQueueGenericSend                          
00002f21  xQueueGenericSendFromISR                   
00002fd3  xQueueGiveFromISR                          
00003077  xQueueReceive                              
00003195  xQueueSemaphoreTake                        
000032ef  xQueuePeek                                 
00003411  xQueueReceiveFromISR                       
000034bb  xQueuePeekFromISR                          
0000350d  uxQueueMessagesWaiting                     
00003523  uxQueueSpacesAvailable                     
00003543  uxQueueMessagesWaitingFromISR              
00003559  vQueueDelete                               
0000356f  uxQueueGetQueueNumber                      
0000357d  vQueueSetQueueNumber                       
0000358f  ucQueueGetQueueType                        
0000359f  uxQueueGetQueueItemSize                    
000035ad  uxQueueGetQueueLength                      
000037a5  xQueueIsQueueEmptyFromISR                  
000037eb  xQueueIsQueueFullFromISR                   
00003811  vQueueAddToRegistry                        
0000387f  pcQueueGetName                             
000038bf  vQueueUnregisterQueue                      
00003903  vQueueWaitForMessageRestricted             
00003afd  _ZN8JoystickC1Ehhhjjj10ButtonPull          
00003afd  _ZN8JoystickC2Ehhhjjj10ButtonPull          
00003d33  _ZN8Joystick5beginEv                       
00003db5  _ZN8Joystick4tickEv                        
00003df5  _ZN8Joystick15calibrateCenterEt            
00003e89  _ZN8Joystick14sanitizeRangesEv             
00003f67  _ZN8Joystick19configureGpioAnalogEhRhRjS0_ 
00003fcb  _ZN8Joystick21configureAdcSequencerEv      
00004069  _ZN8Joystick8readAdc2ERtS0_                
00004115  _ZN8Joystick18filterAndNormalizeEv         
000042ef  _ZN8Joystick21computePolarAndEventsEv      
000044b5  _ZNK8Joystick9quantize8Ef                  
000045f9  _ZN6ButtonC1Ehjjj10ButtonPull              
000045f9  _ZN6ButtonC2Ehjjj10ButtonPull              
00004797  _ZN6Button4tickEv                          
00004829  _ZN6Button4tickEb                          
000048a1  _ZN6Button5beginEv                         
000048df  _ZN6Button7setPullE10ButtonPull            
000048f9  _ZN6Button13setDebounceMsEi                
0000490b  _ZN6Button10setClickMsEj                   
0000491d  _ZN6Button10setPressMsEj                   
0000492f  _ZN6Button9setIdleMsEj                     
00004941  _ZN6Button22setLongPressIntervalMsEj       
00004953  _ZN6Button17setTickIntervalMsEj            
00004965  _ZN6Button11attachPressEPFvvE              
00004977  _ZN6Button11attachPressEPFvPvES0_          
00004991  _ZN6Button11attachClickEPFvvE              
000049a3  _ZN6Button11attachClickEPFvPvES0_          
000049bd  _ZN6Button17attachDoubleClickEPFvvE        
000049dd  _ZN6Button17attachDoubleClickEPFvPvES0_    
00004a11  _ZN6Button16attachMultiClickEPFvvE         
00004a31  _ZN6Button16attachMultiClickEPFvPvES0_     
00004a59  _ZN6Button20attachLongPressStartEPFvvE     
00004a6d  _ZN6Button20attachLongPressStartEPFvPvES0_ 
00004a8b  _ZN6Button19attachLongPressStopEPFvvE      
00004a9f  _ZN6Button19attachLongPressStopEPFvPvES0_  
00004abd  _ZN6Button21attachDuringLongPressEPFvvE    
00004ad1  _ZN6Button21attachDuringLongPressEPFvPvES0_
00004aef  _ZN6Button10attachIdleEPFvvE               
00004b03  _ZN6Button5resetEv                         
00004b45  _ZNK6Button15getNumberClicksEv             
00004b53  _ZNK6Button6isIdleEv                       
00004b67  _ZNK6Button13isLongPressedEv               
00004b7f  _ZN6Button10wasPressedEv                   
00004b9b  _ZNK6Button9isPressedEv                    
00004ba9  _ZN6Button11wasReleasedEv                  
00004bc5  _ZN6Button15isDoubleClickedEv              
00004be5  _ZN6Button13attachReleaseEPFvvE            
00004bf9  _ZNK6Button11getHoldTimeEv                 
00004c09  _ZN6Button12readPhysicalEv                 
00004c65  _ZN6Button14applyPadConfigEv               
00004cad  _ZN6Button3fsmEb                           
00004f23  _ZN6Button8newStateENS_12StateMachineE     
00004f35  _ZN6Button8debounceEb                      
00004fbb  _nop                                       
00004fbd  __TI_printfi                               
00005a0b  __aeabi_idiv0                              
00005a0b  __aeabi_ldiv0                              
00005a0d  vApplicationStackOverflowHook              
00005a27  main                                       
00005b6f  _Z11Timing_Initv                           
00005b9f  _Z6microsv                                 
00005bbd  _Z17Timing_PeriodTickv                     
00005c25  _Z21Timing_ExecutionStartv                 
00005c31  _Z19Timing_ExecutionEndv                   
00005c93  _Z14ChronoCallbackP15tmrTimerControl       
00005cc1  _Z14FormatGameTimePcjj                     
00005da5  _Z15CollectCPUUsagev                       
00005ee1  _Z17CollectStackUsagev                     
00006379  __sti___8_main_cpp_b95667e2                
0000649b  _Z8LCD_Initv                               
00006511  _Z8DrawGamePK13snekGameState               
0000691d  _Z12DrawKilScrenv                          
00006b7d  _Z14OverflowScreenv                        
00006d0d  xTimerCreateTimerTask                      
00006d39  xTimerCreate                               
00006dbd  xTimerGenericCommandFromTask               
00006e17  xTimerGenericCommandFromISR                
00006e57  xTimerGetTimerDaemonTaskHandle             
00006e5d  xTimerGetPeriod                            
00006e6f  vTimerSetReloadMode                        
00006ea5  xTimerGetReloadMode                        
00006ecd  uxTimerGetReloadMode                       
00006edd  xTimerGetExpiryTime                        
00006ef3  pcTimerGetName                             
000072dd  xTimerIsTimerActive                        
00007309  pvTimerGetTimerID                          
00007323  vTimerSetTimerID                           
0000733d  uxTimerGetTimerNumber                      
0000734b  vTimerSetTimerNumber                       
0000735d  vTimerResetState                           
00007391  Crystalfontz128x128_Init                   
00007437  Crystalfontz128x128_SetDrawFrame           
00007513  Crystalfontz128x128_SetOrientation         
00007975  pvPortMalloc                               
00007ab9  vPortFree                                  
00007b13  xPortGetFreeHeapSize                       
00007b19  xPortGetMinimumEverFreeHeapSize            
00007b1f  vPortInitialiseBlocks                      
00007b21  pvPortCalloc                               
00007cad  vPortGetHeapStats                          
00007d53  vPortHeapResetState                        
00007d95  _Z9ResetGamev                              
00007e13  _Z16IsPositionOnSnekhh                     
00007e6b  _Z12IsHeadOnSnekv                          
00007ebb  _Z10SpawnFruitv                            
00007f0d  _Z13HasEatenFruitv                         
00007f33  _Z8movesnekv                               
00008299  GrFontGlyphRender                          
000084ed  SysCtlClockFreqSet                         
000088bd  __aeabi_dsub                               
000088c7  __aeabi_dadd                               
00008a75  GPIOPadConfigSet                           
00008cbb  _Z11Buzzer_Initv                           
00008ce7  _Z11Buzzer_Postjj                          
00008d45  atan2f                                     
00008e9d  atanf                                      
00008fed  HAL_LCD_PortInit                           
00009043  HAL_LCD_SpiInit                            
0000909d  HAL_LCD_writeCommand                       
000090d7  HAL_LCD_writeData                          
0000926d  pxPortInitialiseStack                      
000092d7  xPortStartScheduler                        
0000930d  vPortEndScheduler                          
0000930f  vPortEnterCritical                         
0000932f  vPortExitCritical                          
00009345  xPortSysTickHandler                        
0000936b  vPortSetupTimerInterrupt                   
000093a9  __aeabi_ddiv                               
000094df  vListInitialise                            
0000950f  vListInitialiseItem                        
0000951f  vListInsertEnd                             
0000955d  vListInsert                                
000095c5  uxListRemove                               
00009735  ldexp                                      
00009735  ldexpl                                     
00009735  scalbn                                     
00009735  scalbnl                                    
00009845  __aeabi_dmul                               
00009951  ulPortGetIPSR                              
00009969  xPortPendSVHandler                         
000099c9  vPortSVCHandler                            
000099e9  vPortStartFirstTask                        
00009a0d  vPortEnableVFP                             
00009a1b  GrDefaultStringRenderer                    
00009b8f  __aeabi_memcpy                             
00009b8f  __aeabi_memcpy4                            
00009b8f  __aeabi_memcpy8                            
00009b8f  memcpy                                     
00009c2b  __aeabi_uldivmod                           
00009cc1  GrRectFill                                 
00009d47  __aeabi_cdcmpeq                            
00009d47  __aeabi_cdcmple                            
00009dcd  __aeabi_cdrcmple                           
00009e55  floorf                                     
00009ed5  ADCSequenceStepConfigure                   
00009f4f  __aeabi_memclr                             
00009f4f  __aeabi_memclr4                            
00009f4f  __aeabi_memclr8                            
00009f51  __aeabi_memset                             
00009f51  __aeabi_memset4                            
00009f51  __aeabi_memset8                            
00009f57  memset                                     
0000a039  GrContextInit                              
0000a0a1  GrStringWidthGet                           
0000a109  __TI_decompress_lzss                       
0000a171  frexp                                      
0000a171  frexpl                                     
0000a1d5  TimerConfigure                             
0000a235  __TI_auto_init_nobinit                     
0000a345  __TI_ltoa                                  
0000a3eb  ADCSequenceConfigure                       
0000a439  GPIOPinConfigure                           
0000a485  atoi                                       
0000a4d1  snprintf                                   
0000a5b1  __aeabi_d2iz                               
0000a5f9  _ZN8Joystick7clamp01Ef                     
0000a63d  _ZN8Joystick10emitCenterEv                 
0000a67d  _ZN8Joystick10emitRepeatEv                 
0000a6bd  _ZN8Joystick12emitTiltStopEv               
0000a6fd  _ZN8Joystick13emitTiltStartEv              
0000a73d  _ZN8Joystick14emitDirChangedEv             
0000a77d  _ZN8Joystick8emitMoveEv                    
0000a837  SSIConfigSetExpClk                         
0000a875  SysCtlPeripheralReady                      
0000a8ad  strncpy                                    
0000a8e5  SysCtlPeripheralEnable                     
0000a919  _c_int00_noargs                            
0000a94d  rand                                       
0000a981  _ZN8Joystick6EventsC1Ev                    
0000a9e1  ADCIntStatus                               
0000aa0f  GrStringNextCharGet                        
0000aa3d  __aeabi_i2d                                
0000aa6b  GPIODirModeSet                             
0000aa97  GrFontBaselineGet                          
0000aac3  _ZN8Joystick10fabsf_fastEf                 
0000aaed  sqrtf                                      
0000ab15  GrFontInfoGet                              
0000ab3b  _ZN8Joystick17setTickIntervalMsEj          
0000ab5f  GrFontGlyphDataGet                         
0000ab81  PWMGenConfigure                            
0000abc5  ADCSequenceDataGet                         
0000abe3  GrFontCodepageGet                          
0000ac01  PWMPulseWidthSet                           
0000ac1f  memccpy                                    
0000ac3b  GPIOPinTypeGPIOOutput                      
0000ac55  copysign                                   
0000ac55  copysignl                                  
0000ac6f  ADCProcessorTrigger                        
0000ac87  _ZN8Joystick11setDeadzoneEf                
0000acb7  strcmp                                     
0000accf  GPIOPinTypeADC                             
0000ace5  GPIOPinTypeGPIOInput                       
0000acfb  GPIOPinTypePWM                             
0000ad11  GPIOPinTypeSSI                             
0000ad27  GrStringDraw                               
0000ad3d  strchr                                     
0000ad55  PWMClockSet                                
0000ad69  strcpy                                     
0000ad7d  strlen                                     
0000ad91  PWMOutputState                             
0000ada3  TimerLoadSet                               
0000adb5  wcslen                                     
0000adc9  FPUEnable                                  
0000add9  FPULazyStackingEnable                      
0000ade9  IntMasterDisable                           
0000adf9  IntMasterEnable                            
0000ae09  PWMGenPeriodSet                            
0000ae19  _ZNK8Joystick10direction8Ev                
0000ae29  ADCSequenceDisable                         
0000ae37  ADCSequenceEnable                          
0000ae45  TimerEnable                                
0000ae53  __TI_decompress_none                       
0000ae61  CPUcpsid                                   
0000ae6d  CPUcpsie                                   
0000ae79  PWMGenEnable                               
0000ae85  __TI_zero_init                             
0000ae91  ResetISR                                   
0000ae9d  ADCIntClear                                
0000aea7  SSIDataPut                                 
0000aeb1  SSIEnable                                  
0000aebb  TimerValueGet                              
0000aec5  GrMapISO8859_1_Unicode                     
0000aecd  SSIBusy                                    
0000aed5  __aeabi_errno_addr                         
0000aedd  GPIOPinRead                                
0000aee3  GPIOPinWrite                               
0000aee9  GrContextFontSet                           
0000aeef  SysCtlDelay                                
0000aef5  _system_pre_init                           
0000aef9  C$$EXIT                                    
0000aef9  abort                                      
0000ca2c  _ctypes_                                   
0000cb30  g_sFontCm16                                
0000cbf8  g_sFontCm30                                
0000ccc0  g_sFontFixed6x8                            
0000d0e8  g_sCrystalfontz128x128                     
0000d110  g_psDefaultCodePointMapTable               
0000d15c  ulMaxSyscallInterruptPriority              
0000d164  SHT$$INIT_ARRAY$$Base                      
0000d168  SHT$$INIT_ARRAY$$Limit                     
0000d1a4  __TI_Handler_Table_Base                    
0000d1b0  __TI_Handler_Table_Limit                   
0000d1b8  __TI_CINIT_Base                            
0000d1c8  __TI_CINIT_Limit                           
20000000  Lcd_buffer                                 
20000000  __start___llvm_prf_cnts                    
20000000  __stop___llvm_prf_cnts                     
20008000  xSemJoystickInput                          
20008004  xQueueDirections                           
20008008  debugMode                                  
2000800c  hInput                                     
20008010  hSnake                                     
20008014  hRender                                    
20008018  hMonitor                                   
2000801c  gNumTasks                                  
20008020  last_us                                    
20008024  min_period_us                              
20008028  max_period_us                              
20008030  sum_period_us                              
20008038  period_count                               
2000803c  last_jitter_us                             
20008040  last_exec_start_us                         
20008044  min_exec_us                                
20008048  max_exec_us                                
20008050  sum_exec_us                                
20008058  exec_count                                 
2000805c  expected_period_us                         
20008060  gAvgPeriodUs                               
20008064  gLastJitterSnapshot                        
20008068  gAvgExecUs                                 
2000806c  gMaxExecUs                                 
20008070  gFrameCount                                
20008074  gCurrentFPS                                
20008078  chronoTimer                                
2000807c  gameTimeMs                                 
20008080  pxCurrentTCB                               
200080cc  _lock                                      
200080d0  _unlock                                    
200080d4  hasFruit                                   
200080d5  score                                      
200080d6  highScore                                  
200080d7  snekLength                                 
200080d8  gameState                                  
200080e0  errno                                      
2000d004  snek                                       
2000d4d4  gTaskCpuInfo                               
2000d72c  xQueueRegistry                             
2000d77c  gContext                                   
2000d834  stackInput                                 
2000d840  stackMonitor                               
2000d84c  stackRender                                
2000d858  stackSnake                                 
2000d888  gSysClk                                    
2000d88c  xMutexLCD                                  
2000d890  Lcd_ScreenHeigth                           
2000d892  Lcd_ScreenWidth                            
2000d894  Lcd_TouchTrim                              
2000d896  fruit                                      
2000d898  Lcd_FlagRead                               
2000d899  Lcd_FontSolid                              
2000d89a  Lcd_Orientation                            
2000d89b  Lcd_PenSolid                               
2000d89c  gCpuUtil                                   
2000d89d  renderMailbox                              
2000d8a0  __stack                                    
2000daa0  __STACK_TOP                                
2000e0a0  __STACK_END                                
ffffffff  __TI_pprof_out_hndl                        
ffffffff  __TI_prof_data_size                        
ffffffff  __TI_prof_data_start                       
ffffffff  __binit__                                  
ffffffff  __c_args__                                 
ffffffff  binit                                      
UNDEFED   __mpu_init                                 
UNDEFED   _system_post_cinit                         

[426 symbols]
