******************************************************************************
                  TI ARM Linker PC v20.2.7                     
******************************************************************************
>> Linked Tue Nov 11 13:57:54 2025

OUTPUT FILE NAME:   <tece3849_Lab2_rmartinkat_raguilar.out>
ENTRY POINT SYMBOL: "_c_int00_noargs"  address: 00007bb1


MEMORY CONFIGURATION

         name            origin    length      used     unused   attr    fill
----------------------  --------  ---------  --------  --------  ----  --------
  FLASH                 00000000   00100000  00008900  000f7700  R  X
  SRAM                  20000000   00040000  0000db1a  000324e6  RW X


SEGMENT ALLOCATION MAP

run origin  load origin   length   init length attrs members
----------  ----------- ---------- ----------- ----- -------
00000000    00000000    00008900   00008900    r-x
  00000000    00000000    00000200   00000200    r-- .intvecs
  00000200    00000200    00007d9c   00007d9c    r-x .text
  00007f9c    00007f9c    00000908   00000908    r-- .const
  000088a4    000088a4    00000004   00000004    r-- .init_array
  000088a8    000088a8    00000058   00000058    r-- .cinit
20000000    20000000    0000db20   00000000    rw-
  20000000    20000000    00008088   00000000    rw- .data
  20008088    20008088    00005292   00000000    rw- .bss
  2000d320    2000d320    00000800   00000000    rw- .stack


SECTION ALLOCATION MAP

 output                                  attributes/
section   page    origin      length       input sections
--------  ----  ----------  ----------   ----------------
.intvecs   0    00000000    00000200     
                  00000000    00000200     startup_ccs.obj (.intvecs)

.text      0    00000200    00007d9c     
                  00000200    00002460     tasks.obj (.text)
                  00002660    00000d74     queue.obj (.text)
                  000033d4    00000a5e     button.obj (.text)
                  00003e32    00000002     rtsv7M4_T_le_v4SPD16_eabi.lib : div0.asm.obj (.text)
                  00003e34    00000a4e                                   : _printfi.c.obj (.text:__TI_printfi)
                  00004882    00000002     --HOLE-- [fill = 0]
                  00004884    00000648     main.obj (.text)
                  00004ecc    000005e4     Crystalfontz128x128_ST7735.obj (.text)
                  000054b0    00000420     heap_4.obj (.text)
                  000058d0    00000270     rtsv7M4_T_le_v4SPD16_eabi.lib : _printfi.c.obj (.text:_pconv_a)
                  00005b40    00000252     grlib.lib : string.obj (.text:GrFontGlyphRender)
                  00005d92    00000002     --HOLE-- [fill = 0]
                  00005d94    00000200     driverlib.lib : sysctl.obj (.text:SysCtlClockFreqSet)
                  00005f94    000001d0     rtsv7M4_T_le_v4SPD16_eabi.lib : _printfi.c.obj (.text:_pconv_g)
                  00006164    000001b6                                   : fd_add_t2.asm.obj (.text)
                  0000631a    00000002     --HOLE-- [fill = 0]
                  0000631c    0000016c     driverlib.lib : gpio.obj (.text:GPIOPadConfigSet)
                  00006488    00000144     HAL_EK_TM4C1294XL_Crystalfontz128x128_ST7735.obj (.text)
                  000065cc    0000013c     rtsv7M4_T_le_v4SPD16_eabi.lib : _printfi.c.obj (.text:_pconv_e)
                  00006708    0000013c     port.obj (.text)
                  00006844    00000136     rtsv7M4_T_le_v4SPD16_eabi.lib : fd_div_t2.asm.obj (.text)
                  0000697a    00000130     list.obj (.text)
                  00006aaa    00000002     --HOLE-- [fill = 0]
                  00006aac    00000124     rtsv7M4_T_le_v4SPD16_eabi.lib : _printfi.c.obj (.text:fcvt)
                  00006bd0    00000110                                   : s_scalbn.c.obj (.text:scalbn)
                  00006ce0    000000fc                                   : fd_mul_t2.asm.obj (.text)
                  00006ddc    000000da     portasm.obj (.text)
                  00006eb6    000000c0     grlib.lib : string.obj (.text:GrDefaultStringRenderer)
                  00006f76    00000002     --HOLE-- [fill = 0]
                  00006f78    000000b1     rtsv7M4_T_le_v4SPD16_eabi.lib : _printfi.c.obj (.text:_ltostr)
                  00007029    00000003     --HOLE-- [fill = 0]
                  0000702c    000000ac     buzzer.obj (.text)
                  000070d8    0000009c     rtsv7M4_T_le_v4SPD16_eabi.lib : memcpy_t2.asm.obj (.text)
                  00007174    00000096                                   : ull_div_t2.asm.obj (.text)
                  0000720a    00000086     grlib.lib : rectangle.obj (.text:GrRectFill)
                  00007290    00000086     rtsv7M4_T_le_v4SPD16_eabi.lib : fd_cmp_t2.asm.obj (.text:__aeabi_cdcmple)
                  00007316    00000086                                   : fd_cmp_t2.asm.obj (.text:__aeabi_cdrcmple)
                  0000739c    0000007a                                   : memset_t2.asm.obj (.text)
                  00007416    0000006e                                   : _printfi.c.obj (.text:_mcpy)
                  00007484    00000068     grlib.lib : context.obj (.text:GrContextInit)
                  000074ec    00000068               : string.obj (.text:GrStringWidthGet)
                  00007554    00000068     rtsv7M4_T_le_v4SPD16_eabi.lib : copy_decompress_lzss.c.obj (.text:decompress:lzss:__TI_decompress_lzss)
                  000075bc    00000066     grlib.lib : rectangle.obj (.text:GrRectDraw)
                  00007622    00000002     --HOLE-- [fill = 0]
                  00007624    00000064     rtsv7M4_T_le_v4SPD16_eabi.lib : s_frexp.c.obj (.text:frexp)
                  00007688    00000060                                   : autoinit.c.obj (.text:__TI_auto_init_nobinit:__TI_auto_init_nobinit)
                  000076e8    0000005a     grlib.lib : string.obj (.text:FontWideGlyphDataGet)
                  00007742    00000056     rtsv7M4_T_le_v4SPD16_eabi.lib : _printfi.c.obj (.text:_pconv_f)
                  00007798    00000054                                   : _ltoa.c.obj (.text:__TI_ltoa)
                  000077ec    00000052                                   : _printfi.c.obj (.text:_ecpy)
                  0000783e    00000002     --HOLE-- [fill = 0]
                  00007840    0000004c     driverlib.lib : gpio.obj (.text:GPIOPinConfigure)
                  0000788c    0000004c     rtsv7M4_T_le_v4SPD16_eabi.lib : atoi.c.obj (.text:atoi)
                  000078d8    0000004c                                   : snprintf.c.obj (.text:snprintf)
                  00007924    0000004a     grlib.lib : string.obj (.text:UpdateContextCharMapping)
                  0000796e    00000002     --HOLE-- [fill = 0]
                  00007970    00000048     driverlib.lib : sysctl.obj (.text:_SysCtlFrequencyGet)
                  000079b8    00000048     rtsv7M4_T_le_v4SPD16_eabi.lib : fd_toi_t2.asm.obj (.text)
                  00007a00    00000046     grlib.lib : line.obj (.text:GrLineDrawH)
                  00007a46    00000046               : line.obj (.text:GrLineDrawV)
                  00007a8c    0000003e     rtsv7M4_T_le_v4SPD16_eabi.lib : _printfi.c.obj (.text:_fcpy)
                  00007aca    0000003c     grlib.lib : string.obj (.text:FontGlyphDataGet)
                  00007b06    0000003c     driverlib.lib : ssi.obj (.text:SSIConfigSetExpClk)
                  00007b42    00000002     --HOLE-- [fill = 0]
                  00007b44    00000038                   : sysctl.obj (.text:SysCtlPeripheralReady)
                  00007b7c    00000034                   : sysctl.obj (.text:SysCtlPeripheralEnable)
                  00007bb0    00000034     rtsv7M4_T_le_v4SPD16_eabi.lib : boot_cortex_m.c.obj (.text:_c_int00_noargs:_c_int00_noargs)
                  00007be4    00000030                                   : snprintf.c.obj (.text:_outs)
                  00007c14    0000002e     grlib.lib : string.obj (.text:GrStringNextCharGet)
                  00007c42    0000002e     rtsv7M4_T_le_v4SPD16_eabi.lib : i_tofd_t2.asm.obj (.text)
                  00007c70    0000002c     driverlib.lib : gpio.obj (.text:GPIODirModeSet)
                  00007c9c    0000002c     grlib.lib : string.obj (.text:GrFontBaselineGet)
                  00007cc8    00000026               : string.obj (.text:GrFontInfoGet)
                  00007cee    00000022               : string.obj (.text:GrFontGlyphDataGet)
                  00007d10    00000022     driverlib.lib : pwm.obj (.text:PWMGenConfigure)
                  00007d32    00000002     --HOLE-- [fill = 0]
                  00007d34    00000020                   : sysctl.obj (.text:_SysCtlMemTimingGet)
                  00007d54    0000001e     grlib.lib : string.obj (.text:GrFontCodepageGet)
                  00007d72    0000001e     driverlib.lib : pwm.obj (.text:PWMPulseWidthSet)
                  00007d90    0000001c     rtsv7M4_T_le_v4SPD16_eabi.lib : memccpy.c.obj (.text:memccpy)
                  00007dac    0000001a     driverlib.lib : gpio.obj (.text:GPIOPinTypeGPIOOutput)
                  00007dc6    0000001a     rtsv7M4_T_le_v4SPD16_eabi.lib : s_copysign.c.obj (.text:copysign)
                  00007de0    00000018                                   : snprintf.c.obj (.text:_outc)
                  00007df8    00000016     driverlib.lib : gpio.obj (.text:GPIOPinTypeGPIOInput)
                  00007e0e    00000016                   : gpio.obj (.text:GPIOPinTypePWM)
                  00007e24    00000016                   : gpio.obj (.text:GPIOPinTypeSSI)
                  00007e3a    00000016     grlib.lib : string.obj (.text:GrStringDraw)
                  00007e50    00000016     rtsv7M4_T_le_v4SPD16_eabi.lib : strchr.c.obj (.text:strchr)
                  00007e66    00000002     --HOLE-- [fill = 0]
                  00007e68    00000014     driverlib.lib : pwm.obj (.text:PWMClockSet)
                  00007e7c    00000014     rtsv7M4_T_le_v4SPD16_eabi.lib : strlen.c.obj (.text:strlen)
                  00007e90    00000012     driverlib.lib : pwm.obj (.text:PWMOutputState)
                  00007ea2    00000012     rtsv7M4_T_le_v4SPD16_eabi.lib : wcslen.c.obj (.text:wcslen)
                  00007eb4    00000010     driverlib.lib : fpu.obj (.text:FPUEnable)
                  00007ec4    00000010                   : fpu.obj (.text:FPULazyStackingEnable)
                  00007ed4    00000010                   : interrupt.obj (.text:IntMasterDisable)
                  00007ee4    00000010                   : interrupt.obj (.text:IntMasterEnable)
                  00007ef4    00000010                   : pwm.obj (.text:PWMGenPeriodSet)
                  00007f04    0000000e     rtsv7M4_T_le_v4SPD16_eabi.lib : copy_decompress_none.c.obj (.text:decompress:none:__TI_decompress_none)
                  00007f12    0000000c     driverlib.lib : cpu.obj (.text:CPUcpsid)
                  00007f1e    0000000c                   : cpu.obj (.text:CPUcpsie)
                  00007f2a    0000000c                   : pwm.obj (.text:PWMGenEnable)
                  00007f36    0000000c     rtsv7M4_T_le_v4SPD16_eabi.lib : copy_zero_init.c.obj (.text:decompress:ZI:__TI_zero_init)
                  00007f42    0000000c     startup_ccs.obj (.text)
                  00007f4e    0000000a     driverlib.lib : ssi.obj (.text:SSIDataPut)
                  00007f58    0000000a                   : ssi.obj (.text:SSIEnable)
                  00007f62    00000008     grlib.lib : charmap.obj (.text:GrMapISO8859_1_Unicode)
                  00007f6a    00000008     driverlib.lib : ssi.obj (.text:SSIBusy)
                  00007f72    00000002     --HOLE-- [fill = 0]
                  00007f74    00000008     rtsv7M4_T_le_v4SPD16_eabi.lib : errno.c.obj (.text:__aeabi_errno_addr)
                  00007f7c    00000006     driverlib.lib : gpio.obj (.text:GPIOPinRead)
                  00007f82    00000006                   : gpio.obj (.text:GPIOPinWrite)
                  00007f88    00000006     grlib.lib : string.obj (.text:GrContextFontSet)
                  00007f8e    00000006     driverlib.lib : sysctl.obj (.text:SysCtlDelay)
                  00007f94    00000004     rtsv7M4_T_le_v4SPD16_eabi.lib : pre_init.c.obj (.text:_system_pre_init)
                  00007f98    00000004                                   : exit.c.obj (.text:abort:abort)

.const     0    00007f9c    00000908     
                  00007f9c    000002f8     grlib.lib : fontfixed6x8.obj (.const:.string:g_pui8FontFixed6x8Data)
                  00008294    000001b0     driverlib.lib : sysctl.obj (.const:g_pppui32XTALtoVCO)
                  00008444    00000101     rtsv7M4_T_le_v4SPD16_eabi.lib : ctype.c.obj (.const:.string:_ctypes_)
                  00008545    00000003     --HOLE-- [fill = 0]
                  00008548    000000c8     grlib.lib : fontfixed6x8.obj (.const:g_sFontFixed6x8)
                  00008610    00000090     driverlib.lib : gpio.obj (.const:g_pui32GPIOBaseAddrs)
                  000086a0    0000006c                   : sysctl.obj (.const:g_pui32Xtals)
                  0000870c    00000060     button.obj (.const:.string:digital_pin_to_bit_mask)
                  0000876c    00000060     button.obj (.const:.string:digital_pin_to_port)
                  000087cc    00000040     button.obj (.const:port_to_base)
                  0000880c    00000030     driverlib.lib : sysctl.obj (.const:g_sXTALtoMEMTIM)
                  0000883c    00000028     Crystalfontz128x128_ST7735.obj (.const:g_sCrystalfontz128x128)
                  00008864    00000010     grlib.lib : context.obj (.const:g_psDefaultCodePointMapTable)
                  00008874    0000000e     main.obj (.const:.string)
                  00008882    00000008     main.obj (.const:$P$T0$1)
                  0000888a    00000008     main.obj (.const:$P$T1$2)
                  00008892    00000002     --HOLE-- [fill = 0]
                  00008894    00000008     driverlib.lib : sysctl.obj (.const:g_pui32VCOFrequencies)
                  0000889c    00000004     port.obj (.const)
                  000088a0    00000004     tasks.obj (.const)

.cinit     0    000088a8    00000058     
                  000088a8    00000030     (.cinit..data.load) [load image, compression = lzss]
                  000088d8    0000000c     (__TI_handler_table)
                  000088e4    00000004     --HOLE-- [fill = 0]
                  000088e8    00000008     (.cinit..bss.load) [load image, compression = zero_init]
                  000088f0    00000010     (__TI_cinit_table)

.init_array 
*          0    000088a4    00000004     
                  000088a4    00000004     main.obj (.init_array)

.data      0    20000000    00008088     UNINITIALIZED
                  20000000    00008000     Crystalfontz128x128_ST7735.obj (.data:Lcd_buffer)
                  20008000    0000002c     tasks.obj (.data)
                  2000802c    00000018     main.obj (.data:btnRst)
                  20008044    00000018     main.obj (.data:btnStart)
                  2000805c    00000014     heap_4.obj (.data)
                  20008070    0000000c     main.obj (.data)
                  2000807c    00000004     port.obj (.data)
                  20008080    00000004     rtsv7M4_T_le_v4SPD16_eabi.lib : errno.c.obj (.data)
                  20008084    00000004     tasks.obj (.data:xYieldPendings)

.bss       0    20008088    00005292     UNINITIALIZED
                  20008088    00004f10     heap_4.obj (.bss:ucHeap)
                  2000cf98    00000140     tasks.obj (.bss:pxReadyTasksLists)
                  2000d0d8    000000b4     main.obj (.bss:btnPlayPause)
                  2000d18c    000000b4     main.obj (.bss:btnReset)
                  2000d240    00000050     (.common:xQueueRegistry)
                  2000d290    00000014     tasks.obj (.bss:xDelayedTaskList1)
                  2000d2a4    00000014     tasks.obj (.bss:xDelayedTaskList2)
                  2000d2b8    00000014     tasks.obj (.bss:xPendingReadyList)
                  2000d2cc    00000014     tasks.obj (.bss:xSuspendedTaskList)
                  2000d2e0    00000014     tasks.obj (.bss:xTasksWaitingTermination)
                  2000d2f4    00000008     tasks.obj (.bss)
                  2000d2fc    00000008     heap_4.obj (.bss:xStart)
                  2000d304    00000004     grlib.lib : context.obj (.bss)
                  2000d308    00000004     main.obj (.bss)
                  2000d30c    00000004     tasks.obj (.bss:xIdleTaskHandles)
                  2000d310    00000002     (.common:Lcd_ScreenHeigth)
                  2000d312    00000002     (.common:Lcd_ScreenWidth)
                  2000d314    00000002     (.common:Lcd_TouchTrim)
                  2000d316    00000001     (.common:Lcd_FlagRead)
                  2000d317    00000001     (.common:Lcd_FontSolid)
                  2000d318    00000001     (.common:Lcd_Orientation)
                  2000d319    00000001     (.common:Lcd_PenSolid)

.stack     0    2000d320    00000800     UNINITIALIZED
                  2000d320    00000004     rtsv7M4_T_le_v4SPD16_eabi.lib : boot_cortex_m.c.obj (.stack)
                  2000d324    000007fc     --HOLE--

__llvm_prf_cnts 
*          0    20000000    00000000     UNINITIALIZED

MODULE SUMMARY

       Module                                             code    ro data   rw data
       ------                                             ----    -------   -------
    .\
       main.obj                                           1608    34        424    
       startup_ccs.obj                                    12      512       0      
       buzzer.obj                                         172     0         0      
    +--+--------------------------------------------------+-------+---------+---------+
       Total:                                             1792    546       424    
                                                                                   
    .\FreeRTOS\
       tasks.obj                                          9312    4         480    
       queue.obj                                          3444    0         80     
       list.obj                                           304     0         0      
    +--+--------------------------------------------------+-------+---------+---------+
       Total:                                             13060   4         560    
                                                                                   
    .\FreeRTOS\portable\CCS\ARM_CM4F\
       port.obj                                           316     4         4      
       portasm.obj                                        218     0         0      
    +--+--------------------------------------------------+-------+---------+---------+
       Total:                                             534     4         4      
                                                                                   
    .\FreeRTOS\portable\MemMang\
       heap_4.obj                                         1056    0         20268  
    +--+--------------------------------------------------+-------+---------+---------+
       Total:                                             1056    0         20268  
                                                                                   
    .\libraries\buttonsDriver\
       button.obj                                         2654    256       0      
    +--+--------------------------------------------------+-------+---------+---------+
       Total:                                             2654    256       0      
                                                                                   
    .\libraries\display\
       Crystalfontz128x128_ST7735.obj                     1508    40        32778  
       HAL_EK_TM4C1294XL_Crystalfontz128x128_ST7735.obj   324     0         0      
    +--+--------------------------------------------------+-------+---------+---------+
       Total:                                             1832    40        32778  
                                                                                   
    C:/ti/TivaWare_C_Series-2.2.0.295/driverlib/ccs/Debug/driverlib.lib
       sysctl.obj                                         730     596       0      
       gpio.obj                                           588     144       0      
       pwm.obj                                            130     0         0      
       ssi.obj                                            88      0         0      
       fpu.obj                                            32      0         0      
       interrupt.obj                                      32      0         0      
       cpu.obj                                            24      0         0      
    +--+--------------------------------------------------+-------+---------+---------+
       Total:                                             1624    740       0      
                                                                                   
    C:/ti/TivaWare_C_Series-2.2.0.295/grlib/ccs/Debug/grlib.lib
       string.obj                                         1334    0         0      
       fontfixed6x8.obj                                   0       960       0      
       rectangle.obj                                      236     0         0      
       line.obj                                           140     0         0      
       context.obj                                        104     16        4      
       charmap.obj                                        8       0         0      
    +--+--------------------------------------------------+-------+---------+---------+
       Total:                                             1822    976       4      
                                                                                   
    C:\ti\ccs1281\ccs\tools\compiler\ti-cgt-arm_20.2.7.LTS\lib\rtsv7M4_T_le_v4SPD16_eabi.lib
       _printfi.c.obj                                     4851    0         0      
       fd_add_t2.asm.obj                                  438     0         0      
       fd_div_t2.asm.obj                                  310     0         0      
       s_scalbn.c.obj                                     272     0         0      
       fd_cmp_t2.asm.obj                                  268     0         0      
       ctype.c.obj                                        0       257       0      
       fd_mul_t2.asm.obj                                  252     0         0      
       memcpy_t2.asm.obj                                  156     0         0      
       ull_div_t2.asm.obj                                 150     0         0      
       snprintf.c.obj                                     148     0         0      
       memset_t2.asm.obj                                  122     0         0      
       copy_decompress_lzss.c.obj                         104     0         0      
       s_frexp.c.obj                                      100     0         0      
       autoinit.c.obj                                     96      0         0      
       _ltoa.c.obj                                        84      0         0      
       atoi.c.obj                                         76      0         0      
       fd_toi_t2.asm.obj                                  72      0         0      
       boot_cortex_m.c.obj                                52      0         0      
       i_tofd_t2.asm.obj                                  46      0         0      
       memccpy.c.obj                                      28      0         0      
       s_copysign.c.obj                                   26      0         0      
       strchr.c.obj                                       22      0         0      
       strlen.c.obj                                       20      0         0      
       wcslen.c.obj                                       18      0         0      
       copy_decompress_none.c.obj                         14      0         0      
       copy_zero_init.c.obj                               12      0         0      
       errno.c.obj                                        8       0         4      
       exit.c.obj                                         4       0         0      
       pre_init.c.obj                                     4       0         0      
       div0.asm.obj                                       2       0         0      
    +--+--------------------------------------------------+-------+---------+---------+
       Total:                                             7755    257       4      
                                                                                   
       Stack:                                             0       0         2048   
       Linker Generated:                                  0       84        0      
    +--+--------------------------------------------------+-------+---------+---------+
       Grand Total:                                       32129   2907      56090  


LINKER GENERATED COPY TABLES

__TI_cinit_table @ 000088f0 records: 2, size/record: 8, table size: 16
	.data: load addr=000088a8, load size=00000030 bytes, run addr=20000000, run size=00008088 bytes, compression=lzss
	.bss: load addr=000088e8, load size=00000008 bytes, run addr=20008088, run size=00005292 bytes, compression=zero_init


LINKER GENERATED HANDLER TABLE

__TI_handler_table @ 000088d8 records: 3, size/record: 4, table size: 12
	index: 0, handler: __TI_decompress_lzss
	index: 1, handler: __TI_decompress_none
	index: 2, handler: __TI_zero_init


GLOBAL SYMBOLS: SORTED ALPHABETICALLY BY Name 

address   name                                       
-------   ----                                       
00007f99  C$$EXIT                                    
00007f13  CPUcpsid                                   
00007f1f  CPUcpsie                                   
00004ecd  Crystalfontz128x128_Init                   
00004f73  Crystalfontz128x128_SetDrawFrame           
0000504f  Crystalfontz128x128_SetOrientation         
00007eb5  FPUEnable                                  
00007ec5  FPULazyStackingEnable                      
00007c71  GPIODirModeSet                             
0000631d  GPIOPadConfigSet                           
00007841  GPIOPinConfigure                           
00007f7d  GPIOPinRead                                
00007df9  GPIOPinTypeGPIOInput                       
00007dad  GPIOPinTypeGPIOOutput                      
00007e0f  GPIOPinTypePWM                             
00007e25  GPIOPinTypeSSI                             
00007f83  GPIOPinWrite                               
00007f89  GrContextFontSet                           
00007485  GrContextInit                              
00006eb7  GrDefaultStringRenderer                    
00007c9d  GrFontBaselineGet                          
00007d55  GrFontCodepageGet                          
00007cef  GrFontGlyphDataGet                         
00005b41  GrFontGlyphRender                          
00007cc9  GrFontInfoGet                              
00007a01  GrLineDrawH                                
00007a47  GrLineDrawV                                
00007f63  GrMapISO8859_1_Unicode                     
000075bd  GrRectDraw                                 
0000720b  GrRectFill                                 
00007e3b  GrStringDraw                               
00007c15  GrStringNextCharGet                        
000074ed  GrStringWidthGet                           
00006489  HAL_LCD_PortInit                           
000064df  HAL_LCD_SpiInit                            
00006539  HAL_LCD_writeCommand                       
00006573  HAL_LCD_writeData                          
00007ed5  IntMasterDisable                           
00007ee5  IntMasterEnable                            
2000d316  Lcd_FlagRead                               
2000d317  Lcd_FontSolid                              
2000d318  Lcd_Orientation                            
2000d319  Lcd_PenSolid                               
2000d310  Lcd_ScreenHeigth                           
2000d312  Lcd_ScreenWidth                            
2000d314  Lcd_TouchTrim                              
20000000  Lcd_buffer                                 
00007e69  PWMClockSet                                
00007d11  PWMGenConfigure                            
00007f2b  PWMGenEnable                               
00007ef5  PWMGenPeriodSet                            
00007e91  PWMOutputState                             
00007d73  PWMPulseWidthSet                           
00007f43  ResetISR                                   
000088a4  SHT$$INIT_ARRAY$$Base                      
000088a8  SHT$$INIT_ARRAY$$Limit                     
00007f6b  SSIBusy                                    
00007b07  SSIConfigSetExpClk                         
00007f4f  SSIDataPut                                 
00007f59  SSIEnable                                  
00005d95  SysCtlClockFreqSet                         
00007f8f  SysCtlDelay                                
00007b7d  SysCtlPeripheralEnable                     
00007b45  SysCtlPeripheralReady                      
000049a9  _Z10ButtonTaskPv                           
0000702d  _Z11Buzzer_Initv                           
000070b3  _Z11Buzzer_Stopv                           
00004d15  _Z11DisplayTaskPv                          
00007069  _Z12Buzzer_Startj                          
000048f9  _Z8TimeTaskPv                              
00003967  _ZN6Button10attachIdleEPFvvE               
00003783  _ZN6Button10setClickMsEj                   
00003795  _ZN6Button10setPressMsEj                   
000039f7  _ZN6Button10wasPressedEv                   
0000381b  _ZN6Button11attachClickEPFvPvES0_          
00003809  _ZN6Button11attachClickEPFvvE              
000037ef  _ZN6Button11attachPressEPFvPvES0_          
000037dd  _ZN6Button11attachPressEPFvvE              
00003a21  _ZN6Button11wasReleasedEv                  
00003a81  _ZN6Button12readPhysicalEv                 
00003a5d  _ZN6Button13attachReleaseEPFvvE            
00003771  _ZN6Button13setDebounceMsEi                
00003add  _ZN6Button14applyPadConfigEv               
00003a3d  _ZN6Button15isDoubleClickedEv              
000038a9  _ZN6Button16attachMultiClickEPFvPvES0_     
00003889  _ZN6Button16attachMultiClickEPFvvE         
00003855  _ZN6Button17attachDoubleClickEPFvPvES0_    
00003835  _ZN6Button17attachDoubleClickEPFvvE        
000037cb  _ZN6Button17setTickIntervalMsEj            
00003917  _ZN6Button19attachLongPressStopEPFvPvES0_  
00003903  _ZN6Button19attachLongPressStopEPFvvE      
000038e5  _ZN6Button20attachLongPressStartEPFvPvES0_ 
000038d1  _ZN6Button20attachLongPressStartEPFvvE     
00003949  _ZN6Button21attachDuringLongPressEPFvPvES0_
00003935  _ZN6Button21attachDuringLongPressEPFvvE    
000037b9  _ZN6Button22setLongPressIntervalMsEj       
00003b25  _ZN6Button3fsmEb                           
000036a1  _ZN6Button4tickEb                          
0000360f  _ZN6Button4tickEv                          
00003719  _ZN6Button5beginEv                         
0000397b  _ZN6Button5resetEv                         
00003757  _ZN6Button7setPullE10ButtonPull            
00003dad  _ZN6Button8debounceEb                      
00003d9b  _ZN6Button8newStateENS_12StateMachineE     
000037a7  _ZN6Button9setIdleMsEj                     
00003471  _ZN6ButtonC1Ehjjj10ButtonPull              
00003471  _ZN6ButtonC2Ehjjj10ButtonPull              
00003a71  _ZNK6Button11getHoldTimeEv                 
000039df  _ZNK6Button13isLongPressedEv               
000039bd  _ZNK6Button15getNumberClicksEv             
000039cb  _ZNK6Button6isIdleEv                       
00003a13  _ZNK6Button9isPressedEv                    
2000db20  __STACK_END                                
00000800  __STACK_SIZE                               
2000d520  __STACK_TOP                                
000088f0  __TI_CINIT_Base                            
00008900  __TI_CINIT_Limit                           
000088d8  __TI_Handler_Table_Base                    
000088e4  __TI_Handler_Table_Limit                   
00007689  __TI_auto_init_nobinit                     
00007555  __TI_decompress_lzss                       
00007f05  __TI_decompress_none                       
00007799  __TI_ltoa                                  
ffffffff  __TI_pprof_out_hndl                        
00003e35  __TI_printfi                               
ffffffff  __TI_prof_data_size                        
ffffffff  __TI_prof_data_start                       
00000000  __TI_static_base__                         
00007f37  __TI_zero_init                             
00007291  __aeabi_cdcmpeq                            
00007291  __aeabi_cdcmple                            
00007317  __aeabi_cdrcmple                           
000079b9  __aeabi_d2iz                               
0000616f  __aeabi_dadd                               
00006845  __aeabi_ddiv                               
00006ce1  __aeabi_dmul                               
00006165  __aeabi_dsub                               
00007f75  __aeabi_errno_addr                         
00007c43  __aeabi_i2d                                
00003e33  __aeabi_idiv0                              
00003e33  __aeabi_ldiv0                              
0000739d  __aeabi_memclr                             
0000739d  __aeabi_memclr4                            
0000739d  __aeabi_memclr8                            
000070d9  __aeabi_memcpy                             
000070d9  __aeabi_memcpy4                            
000070d9  __aeabi_memcpy8                            
0000739f  __aeabi_memset                             
0000739f  __aeabi_memset4                            
0000739f  __aeabi_memset8                            
00007175  __aeabi_uldivmod                           
ffffffff  __binit__                                  
ffffffff  __c_args__                                 
UNDEFED   __mpu_init                                 
2000d320  __stack                                    
20000000  __start___llvm_prf_cnts                    
00004e3d  __sti___8_main_cpp_gRunning                
20000000  __stop___llvm_prf_cnts                     
00007bb1  _c_int00_noargs                            
00008444  _ctypes_                                   
UNDEFED   _system_post_cinit                         
00007f95  _system_pre_init                           
00007f99  abort                                      
0000788d  atoi                                       
ffffffff  binit                                      
00007dc7  copysign                                   
00007dc7  copysignl                                  
00000621  eTaskGetState                              
20008080  errno                                      
00007625  frexp                                      
00007625  frexpl                                     
20008070  gRunning                                   
20008076  g_hr                                       
20008075  g_min                                      
20008072  g_ms                                       
00000000  g_pfnVectors                               
00008864  g_psDefaultCodePointMapTable               
0000883c  g_sCrystalfontz128x128                     
00008548  g_sFontFixed6x8                            
20008074  g_sec                                      
00006bd1  ldexp                                      
00006bd1  ldexpl                                     
00004d89  main                                       
00007d91  memccpy                                    
000070d9  memcpy                                     
000073a5  memset                                     
00003347  pcQueueGetName                             
00000f73  pcTaskGetName                              
0000565d  pvPortCalloc                               
000054b1  pvPortMalloc                               
00001d89  pvTaskIncrementMutexHeldCount              
20008000  pxCurrentTCB                               
00006709  pxPortInitialiseStack                      
00006bd1  scalbn                                     
00006bd1  scalbnl                                    
000078d9  snprintf                                   
00007e51  strchr                                     
00007e7d  strlen                                     
20008078  timerReset                                 
20008077  timerRun                                   
00003057  ucQueueGetQueueType                        
0000889c  ulMaxSyscallInterruptPriority              
00006ded  ulPortGetIPSR                              
00001da5  ulTaskGenericNotifyTake                    
0000248b  ulTaskGenericNotifyValueClear              
00006a61  uxListRemove                               
00003067  uxQueueGetQueueItemSize                    
00003075  uxQueueGetQueueLength                      
00003037  uxQueueGetQueueNumber                      
00002fd5  uxQueueMessagesWaiting                     
0000300b  uxQueueMessagesWaitingFromISR              
00002feb  uxQueueSpacesAvailable                     
00000751  uxTaskBasePriorityGet                      
0000077d  uxTaskBasePriorityGetFromISR               
00000f6d  uxTaskGetNumberOfTasks                     
00001981  uxTaskGetStackHighWaterMark                
00000fa5  uxTaskGetSystemState                       
000016e1  uxTaskGetTaskNumber                        
000006f3  uxTaskPriorityGet                          
00000717  uxTaskPriorityGetFromISR                   
00001d61  uxTaskResetEventItemValue                  
0000697b  vListInitialise                            
000069ab  vListInitialiseItem                        
000069f9  vListInsert                                
000069bb  vListInsertEnd                             
00006ea9  vPortEnableVFP                             
000067a9  vPortEndScheduler                          
000067ab  vPortEnterCritical                         
000067cb  vPortExitCritical                          
000055f5  vPortFree                                  
000057e9  vPortGetHeapStats                          
0000588f  vPortHeapResetState                        
0000565b  vPortInitialiseBlocks                      
00006e65  vPortSVCHandler                            
00006807  vPortSetupTimerInterrupt                   
00006e85  vPortStartFirstTask                        
000032d9  vQueueAddToRegistry                        
00003021  vQueueDelete                               
00003045  vQueueSetQueueNumber                       
00003387  vQueueUnregisterQueue                      
000005c9  vTaskDelay                                 
00000465  vTaskDelete                                
00000d1f  vTaskEndScheduler                          
000022d1  vTaskGenericNotifyGiveFromISR              
000017d9  vTaskGetInfo                               
00001635  vTaskInternalSetTimeOutState               
000016d9  vTaskMissedYield                           
000012f1  vTaskPlaceOnEventList                      
00001315  vTaskPlaceOnUnorderedEventList             
00001c49  vTaskPriorityDisinheritAfterTimeout        
000007cd  vTaskPrioritySet                           
000014fd  vTaskRemoveFromUnorderedEventList          
000025ad  vTaskResetState                            
00000a9b  vTaskResume                                
00001701  vTaskSetTaskNumber                         
00001617  vTaskSetTimeOutState                       
00000ce5  vTaskStartScheduler                        
00000943  vTaskSuspend                               
00000d61  vTaskSuspendAll                            
00001289  vTaskSwitchContext                         
00007ea3  wcslen                                     
0000564f  xPortGetFreeHeapSize                       
00005655  xPortGetMinimumEverFreeHeapSize            
00006e05  xPortPendSVHandler                         
00006773  xPortStartScheduler                        
000067e1  xPortSysTickHandler                        
0000280d  xQueueCreateMutex                          
00002733  xQueueGenericCreate                        
00002661  xQueueGenericReset                         
000028b9  xQueueGenericSend                          
000029e9  xQueueGenericSendFromISR                   
00002a9b  xQueueGiveFromISR                          
00002839  xQueueGiveMutexRecursive                   
0000326d  xQueueIsQueueEmptyFromISR                  
000032b3  xQueueIsQueueFullFromISR                   
00002db7  xQueuePeek                                 
00002f83  xQueuePeekFromISR                          
00002b3f  xQueueReceive                              
00002ed9  xQueueReceiveFromISR                       
2000d240  xQueueRegistry                             
00002c5d  xQueueSemaphoreTake                        
00002875  xQueueTakeMutexRecursive                   
0000107d  xTaskCatchUpTicks                          
00001655  xTaskCheckForTimeOut                       
0000026d  xTaskCreate                                
00000539  xTaskDelayUntil                            
00001f55  xTaskGenericNotify                         
000020e1  xTaskGenericNotifyFromISR                  
00002441  xTaskGenericNotifyStateClear               
00001e65  xTaskGenericNotifyWait                     
000019fd  xTaskGetCurrentTaskHandle                  
00001a21  xTaskGetCurrentTaskHandleForCore           
00000f41  xTaskGetTickCount                          
00000f55  xTaskGetTickCountFromISR                   
000010b9  xTaskIncrementTick                         
00001b65  xTaskPriorityDisinherit                    
00001a4b  xTaskPriorityInherit                       
00001385  xTaskRemoveFromEventList                   
00000d7d  xTaskResumeAll                             
00000b79  xTaskResumeFromISR                         


GLOBAL SYMBOLS: SORTED BY Symbol Address 

address   name                                       
-------   ----                                       
00000000  __TI_static_base__                         
00000000  g_pfnVectors                               
0000026d  xTaskCreate                                
00000465  vTaskDelete                                
00000539  xTaskDelayUntil                            
000005c9  vTaskDelay                                 
00000621  eTaskGetState                              
000006f3  uxTaskPriorityGet                          
00000717  uxTaskPriorityGetFromISR                   
00000751  uxTaskBasePriorityGet                      
0000077d  uxTaskBasePriorityGetFromISR               
000007cd  vTaskPrioritySet                           
00000800  __STACK_SIZE                               
00000943  vTaskSuspend                               
00000a9b  vTaskResume                                
00000b79  xTaskResumeFromISR                         
00000ce5  vTaskStartScheduler                        
00000d1f  vTaskEndScheduler                          
00000d61  vTaskSuspendAll                            
00000d7d  xTaskResumeAll                             
00000f41  xTaskGetTickCount                          
00000f55  xTaskGetTickCountFromISR                   
00000f6d  uxTaskGetNumberOfTasks                     
00000f73  pcTaskGetName                              
00000fa5  uxTaskGetSystemState                       
0000107d  xTaskCatchUpTicks                          
000010b9  xTaskIncrementTick                         
00001289  vTaskSwitchContext                         
000012f1  vTaskPlaceOnEventList                      
00001315  vTaskPlaceOnUnorderedEventList             
00001385  xTaskRemoveFromEventList                   
000014fd  vTaskRemoveFromUnorderedEventList          
00001617  vTaskSetTimeOutState                       
00001635  vTaskInternalSetTimeOutState               
00001655  xTaskCheckForTimeOut                       
000016d9  vTaskMissedYield                           
000016e1  uxTaskGetTaskNumber                        
00001701  vTaskSetTaskNumber                         
000017d9  vTaskGetInfo                               
00001981  uxTaskGetStackHighWaterMark                
000019fd  xTaskGetCurrentTaskHandle                  
00001a21  xTaskGetCurrentTaskHandleForCore           
00001a4b  xTaskPriorityInherit                       
00001b65  xTaskPriorityDisinherit                    
00001c49  vTaskPriorityDisinheritAfterTimeout        
00001d61  uxTaskResetEventItemValue                  
00001d89  pvTaskIncrementMutexHeldCount              
00001da5  ulTaskGenericNotifyTake                    
00001e65  xTaskGenericNotifyWait                     
00001f55  xTaskGenericNotify                         
000020e1  xTaskGenericNotifyFromISR                  
000022d1  vTaskGenericNotifyGiveFromISR              
00002441  xTaskGenericNotifyStateClear               
0000248b  ulTaskGenericNotifyValueClear              
000025ad  vTaskResetState                            
00002661  xQueueGenericReset                         
00002733  xQueueGenericCreate                        
0000280d  xQueueCreateMutex                          
00002839  xQueueGiveMutexRecursive                   
00002875  xQueueTakeMutexRecursive                   
000028b9  xQueueGenericSend                          
000029e9  xQueueGenericSendFromISR                   
00002a9b  xQueueGiveFromISR                          
00002b3f  xQueueReceive                              
00002c5d  xQueueSemaphoreTake                        
00002db7  xQueuePeek                                 
00002ed9  xQueueReceiveFromISR                       
00002f83  xQueuePeekFromISR                          
00002fd5  uxQueueMessagesWaiting                     
00002feb  uxQueueSpacesAvailable                     
0000300b  uxQueueMessagesWaitingFromISR              
00003021  vQueueDelete                               
00003037  uxQueueGetQueueNumber                      
00003045  vQueueSetQueueNumber                       
00003057  ucQueueGetQueueType                        
00003067  uxQueueGetQueueItemSize                    
00003075  uxQueueGetQueueLength                      
0000326d  xQueueIsQueueEmptyFromISR                  
000032b3  xQueueIsQueueFullFromISR                   
000032d9  vQueueAddToRegistry                        
00003347  pcQueueGetName                             
00003387  vQueueUnregisterQueue                      
00003471  _ZN6ButtonC1Ehjjj10ButtonPull              
00003471  _ZN6ButtonC2Ehjjj10ButtonPull              
0000360f  _ZN6Button4tickEv                          
000036a1  _ZN6Button4tickEb                          
00003719  _ZN6Button5beginEv                         
00003757  _ZN6Button7setPullE10ButtonPull            
00003771  _ZN6Button13setDebounceMsEi                
00003783  _ZN6Button10setClickMsEj                   
00003795  _ZN6Button10setPressMsEj                   
000037a7  _ZN6Button9setIdleMsEj                     
000037b9  _ZN6Button22setLongPressIntervalMsEj       
000037cb  _ZN6Button17setTickIntervalMsEj            
000037dd  _ZN6Button11attachPressEPFvvE              
000037ef  _ZN6Button11attachPressEPFvPvES0_          
00003809  _ZN6Button11attachClickEPFvvE              
0000381b  _ZN6Button11attachClickEPFvPvES0_          
00003835  _ZN6Button17attachDoubleClickEPFvvE        
00003855  _ZN6Button17attachDoubleClickEPFvPvES0_    
00003889  _ZN6Button16attachMultiClickEPFvvE         
000038a9  _ZN6Button16attachMultiClickEPFvPvES0_     
000038d1  _ZN6Button20attachLongPressStartEPFvvE     
000038e5  _ZN6Button20attachLongPressStartEPFvPvES0_ 
00003903  _ZN6Button19attachLongPressStopEPFvvE      
00003917  _ZN6Button19attachLongPressStopEPFvPvES0_  
00003935  _ZN6Button21attachDuringLongPressEPFvvE    
00003949  _ZN6Button21attachDuringLongPressEPFvPvES0_
00003967  _ZN6Button10attachIdleEPFvvE               
0000397b  _ZN6Button5resetEv                         
000039bd  _ZNK6Button15getNumberClicksEv             
000039cb  _ZNK6Button6isIdleEv                       
000039df  _ZNK6Button13isLongPressedEv               
000039f7  _ZN6Button10wasPressedEv                   
00003a13  _ZNK6Button9isPressedEv                    
00003a21  _ZN6Button11wasReleasedEv                  
00003a3d  _ZN6Button15isDoubleClickedEv              
00003a5d  _ZN6Button13attachReleaseEPFvvE            
00003a71  _ZNK6Button11getHoldTimeEv                 
00003a81  _ZN6Button12readPhysicalEv                 
00003add  _ZN6Button14applyPadConfigEv               
00003b25  _ZN6Button3fsmEb                           
00003d9b  _ZN6Button8newStateENS_12StateMachineE     
00003dad  _ZN6Button8debounceEb                      
00003e33  __aeabi_idiv0                              
00003e33  __aeabi_ldiv0                              
00003e35  __TI_printfi                               
000048f9  _Z8TimeTaskPv                              
000049a9  _Z10ButtonTaskPv                           
00004d15  _Z11DisplayTaskPv                          
00004d89  main                                       
00004e3d  __sti___8_main_cpp_gRunning                
00004ecd  Crystalfontz128x128_Init                   
00004f73  Crystalfontz128x128_SetDrawFrame           
0000504f  Crystalfontz128x128_SetOrientation         
000054b1  pvPortMalloc                               
000055f5  vPortFree                                  
0000564f  xPortGetFreeHeapSize                       
00005655  xPortGetMinimumEverFreeHeapSize            
0000565b  vPortInitialiseBlocks                      
0000565d  pvPortCalloc                               
000057e9  vPortGetHeapStats                          
0000588f  vPortHeapResetState                        
00005b41  GrFontGlyphRender                          
00005d95  SysCtlClockFreqSet                         
00006165  __aeabi_dsub                               
0000616f  __aeabi_dadd                               
0000631d  GPIOPadConfigSet                           
00006489  HAL_LCD_PortInit                           
000064df  HAL_LCD_SpiInit                            
00006539  HAL_LCD_writeCommand                       
00006573  HAL_LCD_writeData                          
00006709  pxPortInitialiseStack                      
00006773  xPortStartScheduler                        
000067a9  vPortEndScheduler                          
000067ab  vPortEnterCritical                         
000067cb  vPortExitCritical                          
000067e1  xPortSysTickHandler                        
00006807  vPortSetupTimerInterrupt                   
00006845  __aeabi_ddiv                               
0000697b  vListInitialise                            
000069ab  vListInitialiseItem                        
000069bb  vListInsertEnd                             
000069f9  vListInsert                                
00006a61  uxListRemove                               
00006bd1  ldexp                                      
00006bd1  ldexpl                                     
00006bd1  scalbn                                     
00006bd1  scalbnl                                    
00006ce1  __aeabi_dmul                               
00006ded  ulPortGetIPSR                              
00006e05  xPortPendSVHandler                         
00006e65  vPortSVCHandler                            
00006e85  vPortStartFirstTask                        
00006ea9  vPortEnableVFP                             
00006eb7  GrDefaultStringRenderer                    
0000702d  _Z11Buzzer_Initv                           
00007069  _Z12Buzzer_Startj                          
000070b3  _Z11Buzzer_Stopv                           
000070d9  __aeabi_memcpy                             
000070d9  __aeabi_memcpy4                            
000070d9  __aeabi_memcpy8                            
000070d9  memcpy                                     
00007175  __aeabi_uldivmod                           
0000720b  GrRectFill                                 
00007291  __aeabi_cdcmpeq                            
00007291  __aeabi_cdcmple                            
00007317  __aeabi_cdrcmple                           
0000739d  __aeabi_memclr                             
0000739d  __aeabi_memclr4                            
0000739d  __aeabi_memclr8                            
0000739f  __aeabi_memset                             
0000739f  __aeabi_memset4                            
0000739f  __aeabi_memset8                            
000073a5  memset                                     
00007485  GrContextInit                              
000074ed  GrStringWidthGet                           
00007555  __TI_decompress_lzss                       
000075bd  GrRectDraw                                 
00007625  frexp                                      
00007625  frexpl                                     
00007689  __TI_auto_init_nobinit                     
00007799  __TI_ltoa                                  
00007841  GPIOPinConfigure                           
0000788d  atoi                                       
000078d9  snprintf                                   
000079b9  __aeabi_d2iz                               
00007a01  GrLineDrawH                                
00007a47  GrLineDrawV                                
00007b07  SSIConfigSetExpClk                         
00007b45  SysCtlPeripheralReady                      
00007b7d  SysCtlPeripheralEnable                     
00007bb1  _c_int00_noargs                            
00007c15  GrStringNextCharGet                        
00007c43  __aeabi_i2d                                
00007c71  GPIODirModeSet                             
00007c9d  GrFontBaselineGet                          
00007cc9  GrFontInfoGet                              
00007cef  GrFontGlyphDataGet                         
00007d11  PWMGenConfigure                            
00007d55  GrFontCodepageGet                          
00007d73  PWMPulseWidthSet                           
00007d91  memccpy                                    
00007dad  GPIOPinTypeGPIOOutput                      
00007dc7  copysign                                   
00007dc7  copysignl                                  
00007df9  GPIOPinTypeGPIOInput                       
00007e0f  GPIOPinTypePWM                             
00007e25  GPIOPinTypeSSI                             
00007e3b  GrStringDraw                               
00007e51  strchr                                     
00007e69  PWMClockSet                                
00007e7d  strlen                                     
00007e91  PWMOutputState                             
00007ea3  wcslen                                     
00007eb5  FPUEnable                                  
00007ec5  FPULazyStackingEnable                      
00007ed5  IntMasterDisable                           
00007ee5  IntMasterEnable                            
00007ef5  PWMGenPeriodSet                            
00007f05  __TI_decompress_none                       
00007f13  CPUcpsid                                   
00007f1f  CPUcpsie                                   
00007f2b  PWMGenEnable                               
00007f37  __TI_zero_init                             
00007f43  ResetISR                                   
00007f4f  SSIDataPut                                 
00007f59  SSIEnable                                  
00007f63  GrMapISO8859_1_Unicode                     
00007f6b  SSIBusy                                    
00007f75  __aeabi_errno_addr                         
00007f7d  GPIOPinRead                                
00007f83  GPIOPinWrite                               
00007f89  GrContextFontSet                           
00007f8f  SysCtlDelay                                
00007f95  _system_pre_init                           
00007f99  C$$EXIT                                    
00007f99  abort                                      
00008444  _ctypes_                                   
00008548  g_sFontFixed6x8                            
0000883c  g_sCrystalfontz128x128                     
00008864  g_psDefaultCodePointMapTable               
0000889c  ulMaxSyscallInterruptPriority              
000088a4  SHT$$INIT_ARRAY$$Base                      
000088a8  SHT$$INIT_ARRAY$$Limit                     
000088d8  __TI_Handler_Table_Base                    
000088e4  __TI_Handler_Table_Limit                   
000088f0  __TI_CINIT_Base                            
00008900  __TI_CINIT_Limit                           
20000000  Lcd_buffer                                 
20000000  __start___llvm_prf_cnts                    
20000000  __stop___llvm_prf_cnts                     
20008000  pxCurrentTCB                               
20008070  gRunning                                   
20008072  g_ms                                       
20008074  g_sec                                      
20008075  g_min                                      
20008076  g_hr                                       
20008077  timerRun                                   
20008078  timerReset                                 
20008080  errno                                      
2000d240  xQueueRegistry                             
2000d310  Lcd_ScreenHeigth                           
2000d312  Lcd_ScreenWidth                            
2000d314  Lcd_TouchTrim                              
2000d316  Lcd_FlagRead                               
2000d317  Lcd_FontSolid                              
2000d318  Lcd_Orientation                            
2000d319  Lcd_PenSolid                               
2000d320  __stack                                    
2000d520  __STACK_TOP                                
2000db20  __STACK_END                                
ffffffff  __TI_pprof_out_hndl                        
ffffffff  __TI_prof_data_size                        
ffffffff  __TI_prof_data_start                       
ffffffff  __binit__                                  
ffffffff  __c_args__                                 
ffffffff  binit                                      
UNDEFED   __mpu_init                                 
UNDEFED   _system_post_cinit                         

[300 symbols]
