<?xml version="1.0" encoding="ISO-8859-1" ?>
<link_info>
   <banner>TI ARM Linker PC v20.2.7.LTS</banner>
   <copyright>Copyright (c) 1996-2018 Texas Instruments Incorporated</copyright>
   <link_time>0x69138732</link_time>
   <link_errors>0x0</link_errors>
   <output_file>tece3849_Lab2_rmartinkat_raguilar.out</output_file>
   <entry_point>
      <name>_c_int00_noargs</name>
      <address>0x7bb1</address>
   </entry_point>
   <input_file_list>
      <input_file id="fl-2">
         <path>.\</path>
         <kind>object</kind>
         <file>buzzer.obj</file>
         <name>buzzer.obj</name>
      </input_file>
      <input_file id="fl-3">
         <path>.\</path>
         <kind>object</kind>
         <file>display.obj</file>
         <name>display.obj</name>
      </input_file>
      <input_file id="fl-4">
         <path>.\</path>
         <kind>object</kind>
         <file>main.obj</file>
         <name>main.obj</name>
      </input_file>
      <input_file id="fl-5">
         <path>.\</path>
         <kind>object</kind>
         <file>startup_ccs.obj</file>
         <name>startup_ccs.obj</name>
      </input_file>
      <input_file id="fl-6">
         <path>.\FreeRTOS\</path>
         <kind>object</kind>
         <file>croutine.obj</file>
         <name>croutine.obj</name>
      </input_file>
      <input_file id="fl-7">
         <path>.\FreeRTOS\</path>
         <kind>object</kind>
         <file>event_groups.obj</file>
         <name>event_groups.obj</name>
      </input_file>
      <input_file id="fl-8">
         <path>.\FreeRTOS\</path>
         <kind>object</kind>
         <file>list.obj</file>
         <name>list.obj</name>
      </input_file>
      <input_file id="fl-9">
         <path>.\FreeRTOS\</path>
         <kind>object</kind>
         <file>queue.obj</file>
         <name>queue.obj</name>
      </input_file>
      <input_file id="fl-a">
         <path>.\FreeRTOS\</path>
         <kind>object</kind>
         <file>stream_buffer.obj</file>
         <name>stream_buffer.obj</name>
      </input_file>
      <input_file id="fl-b">
         <path>.\FreeRTOS\</path>
         <kind>object</kind>
         <file>tasks.obj</file>
         <name>tasks.obj</name>
      </input_file>
      <input_file id="fl-c">
         <path>.\FreeRTOS\</path>
         <kind>object</kind>
         <file>timers.obj</file>
         <name>timers.obj</name>
      </input_file>
      <input_file id="fl-d">
         <path>.\FreeRTOS\portable\CCS\ARM_CM4F\</path>
         <kind>object</kind>
         <file>port.obj</file>
         <name>port.obj</name>
      </input_file>
      <input_file id="fl-e">
         <path>.\FreeRTOS\portable\CCS\ARM_CM4F\</path>
         <kind>object</kind>
         <file>portasm.obj</file>
         <name>portasm.obj</name>
      </input_file>
      <input_file id="fl-f">
         <path>.\FreeRTOS\portable\MemMang\</path>
         <kind>object</kind>
         <file>heap_4.obj</file>
         <name>heap_4.obj</name>
      </input_file>
      <input_file id="fl-10">
         <path>.\libraries\OPT3001\</path>
         <kind>object</kind>
         <file>OPT3001.obj</file>
         <name>OPT3001.obj</name>
      </input_file>
      <input_file id="fl-11">
         <path>.\libraries\buttonsDriver\</path>
         <kind>object</kind>
         <file>button.obj</file>
         <name>button.obj</name>
      </input_file>
      <input_file id="fl-12">
         <path>.\libraries\display\</path>
         <kind>object</kind>
         <file>Crystalfontz128x128_ST7735.obj</file>
         <name>Crystalfontz128x128_ST7735.obj</name>
      </input_file>
      <input_file id="fl-13">
         <path>.\libraries\display\</path>
         <kind>object</kind>
         <file>HAL_EK_TM4C1294XL_Crystalfontz128x128_ST7735.obj</file>
         <name>HAL_EK_TM4C1294XL_Crystalfontz128x128_ST7735.obj</name>
      </input_file>
      <input_file id="fl-14">
         <path>.\libraries\joystickDriver\</path>
         <kind>object</kind>
         <file>joystick.obj</file>
         <name>joystick.obj</name>
      </input_file>
      <input_file id="fl-15">
         <path>.\libraries\</path>
         <kind>object</kind>
         <file>sysctl_pll.obj</file>
         <name>sysctl_pll.obj</name>
      </input_file>
      <input_file id="fl-16">
         <path>.\libraries\timerLib\</path>
         <kind>object</kind>
         <file>timerLib.obj</file>
         <name>timerLib.obj</name>
      </input_file>
      <input_file id="fl-1c">
         <kind>object</kind>
         <file>&lt;internal&gt;</file>
         <name>&lt;internal&gt;</name>
      </input_file>
      <input_file id="fl-d2">
         <path>C:\ti\ccs1281\ccs\tools\compiler\ti-cgt-arm_20.2.7.LTS\lib\</path>
         <kind>archive</kind>
         <file>rtsv7M4_T_le_v4SPD16_eabi.lib</file>
         <name>e_atan2f.c.obj</name>
      </input_file>
      <input_file id="fl-d3">
         <path>C:\ti\ccs1281\ccs\tools\compiler\ti-cgt-arm_20.2.7.LTS\lib\</path>
         <kind>archive</kind>
         <file>rtsv7M4_T_le_v4SPD16_eabi.lib</file>
         <name>e_sqrtf.c.obj</name>
      </input_file>
      <input_file id="fl-d4">
         <path>C:\ti\ccs1281\ccs\tools\compiler\ti-cgt-arm_20.2.7.LTS\lib\</path>
         <kind>archive</kind>
         <file>rtsv7M4_T_le_v4SPD16_eabi.lib</file>
         <name>s_atanf.c.obj</name>
      </input_file>
      <input_file id="fl-d5">
         <path>C:\ti\ccs1281\ccs\tools\compiler\ti-cgt-arm_20.2.7.LTS\lib\</path>
         <kind>archive</kind>
         <file>rtsv7M4_T_le_v4SPD16_eabi.lib</file>
         <name>s_floorf.c.obj</name>
      </input_file>
      <input_file id="fl-d6">
         <path>C:\ti\ccs1281\ccs\tools\compiler\ti-cgt-arm_20.2.7.LTS\lib\</path>
         <kind>archive</kind>
         <file>rtsv7M4_T_le_v4SPD16_eabi.lib</file>
         <name>snprintf.c.obj</name>
      </input_file>
      <input_file id="fl-d7">
         <path>C:\ti\ccs1281\ccs\tools\compiler\ti-cgt-arm_20.2.7.LTS\lib\</path>
         <kind>archive</kind>
         <file>rtsv7M4_T_le_v4SPD16_eabi.lib</file>
         <name>memcpy_t2.asm.obj</name>
      </input_file>
      <input_file id="fl-d8">
         <path>C:\ti\ccs1281\ccs\tools\compiler\ti-cgt-arm_20.2.7.LTS\lib\</path>
         <kind>archive</kind>
         <file>rtsv7M4_T_le_v4SPD16_eabi.lib</file>
         <name>memset_t2.asm.obj</name>
      </input_file>
      <input_file id="fl-d9">
         <path>C:\ti\ccs1281\ccs\tools\compiler\ti-cgt-arm_20.2.7.LTS\lib\</path>
         <kind>archive</kind>
         <file>rtsv7M4_T_le_v4SPD16_eabi.lib</file>
         <name>ull_div_t2.asm.obj</name>
      </input_file>
      <input_file id="fl-da">
         <path>C:\ti\ccs1281\ccs\tools\compiler\ti-cgt-arm_20.2.7.LTS\lib\</path>
         <kind>archive</kind>
         <file>rtsv7M4_T_le_v4SPD16_eabi.lib</file>
         <name>copy_zero_init.c.obj</name>
      </input_file>
      <input_file id="fl-db">
         <path>C:\ti\ccs1281\ccs\tools\compiler\ti-cgt-arm_20.2.7.LTS\lib\</path>
         <kind>archive</kind>
         <file>rtsv7M4_T_le_v4SPD16_eabi.lib</file>
         <name>copy_decompress_none.c.obj</name>
      </input_file>
      <input_file id="fl-dc">
         <path>C:\ti\ccs1281\ccs\tools\compiler\ti-cgt-arm_20.2.7.LTS\lib\</path>
         <kind>archive</kind>
         <file>rtsv7M4_T_le_v4SPD16_eabi.lib</file>
         <name>copy_decompress_lzss.c.obj</name>
      </input_file>
      <input_file id="fl-dd">
         <path>C:\ti\ccs1281\ccs\tools\compiler\ti-cgt-arm_20.2.7.LTS\lib\</path>
         <kind>archive</kind>
         <file>rtsv7M4_T_le_v4SPD16_eabi.lib</file>
         <name>boot_cortex_m.c.obj</name>
      </input_file>
      <input_file id="fl-de">
         <path>C:\ti\ccs1281\ccs\tools\compiler\ti-cgt-arm_20.2.7.LTS\lib\</path>
         <kind>archive</kind>
         <file>rtsv7M4_T_le_v4SPD16_eabi.lib</file>
         <name>errno.c.obj</name>
      </input_file>
      <input_file id="fl-df">
         <path>C:\ti\ccs1281\ccs\tools\compiler\ti-cgt-arm_20.2.7.LTS\lib\</path>
         <kind>archive</kind>
         <file>rtsv7M4_T_le_v4SPD16_eabi.lib</file>
         <name>_printfi.c.obj</name>
      </input_file>
      <input_file id="fl-e0">
         <path>C:\ti\ccs1281\ccs\tools\compiler\ti-cgt-arm_20.2.7.LTS\lib\</path>
         <kind>archive</kind>
         <file>rtsv7M4_T_le_v4SPD16_eabi.lib</file>
         <name>div0.asm.obj</name>
      </input_file>
      <input_file id="fl-e1">
         <path>C:\ti\ccs1281\ccs\tools\compiler\ti-cgt-arm_20.2.7.LTS\lib\</path>
         <kind>archive</kind>
         <file>rtsv7M4_T_le_v4SPD16_eabi.lib</file>
         <name>fd_add_t2.asm.obj</name>
      </input_file>
      <input_file id="fl-e2">
         <path>C:\ti\ccs1281\ccs\tools\compiler\ti-cgt-arm_20.2.7.LTS\lib\</path>
         <kind>archive</kind>
         <file>rtsv7M4_T_le_v4SPD16_eabi.lib</file>
         <name>fd_cmp_t2.asm.obj</name>
      </input_file>
      <input_file id="fl-e3">
         <path>C:\ti\ccs1281\ccs\tools\compiler\ti-cgt-arm_20.2.7.LTS\lib\</path>
         <kind>archive</kind>
         <file>rtsv7M4_T_le_v4SPD16_eabi.lib</file>
         <name>fd_div_t2.asm.obj</name>
      </input_file>
      <input_file id="fl-e4">
         <path>C:\ti\ccs1281\ccs\tools\compiler\ti-cgt-arm_20.2.7.LTS\lib\</path>
         <kind>archive</kind>
         <file>rtsv7M4_T_le_v4SPD16_eabi.lib</file>
         <name>fd_mul_t2.asm.obj</name>
      </input_file>
      <input_file id="fl-e5">
         <path>C:\ti\ccs1281\ccs\tools\compiler\ti-cgt-arm_20.2.7.LTS\lib\</path>
         <kind>archive</kind>
         <file>rtsv7M4_T_le_v4SPD16_eabi.lib</file>
         <name>fd_toi_t2.asm.obj</name>
      </input_file>
      <input_file id="fl-e6">
         <path>C:\ti\ccs1281\ccs\tools\compiler\ti-cgt-arm_20.2.7.LTS\lib\</path>
         <kind>archive</kind>
         <file>rtsv7M4_T_le_v4SPD16_eabi.lib</file>
         <name>i_tofd_t2.asm.obj</name>
      </input_file>
      <input_file id="fl-e7">
         <path>C:\ti\ccs1281\ccs\tools\compiler\ti-cgt-arm_20.2.7.LTS\lib\</path>
         <kind>archive</kind>
         <file>rtsv7M4_T_le_v4SPD16_eabi.lib</file>
         <name>autoinit.c.obj</name>
      </input_file>
      <input_file id="fl-e8">
         <path>C:\ti\ccs1281\ccs\tools\compiler\ti-cgt-arm_20.2.7.LTS\lib\</path>
         <kind>archive</kind>
         <file>rtsv7M4_T_le_v4SPD16_eabi.lib</file>
         <name>pre_init.c.obj</name>
      </input_file>
      <input_file id="fl-e9">
         <path>C:\ti\ccs1281\ccs\tools\compiler\ti-cgt-arm_20.2.7.LTS\lib\</path>
         <kind>archive</kind>
         <file>rtsv7M4_T_le_v4SPD16_eabi.lib</file>
         <name>cpy_tbl.c.obj</name>
      </input_file>
      <input_file id="fl-ea">
         <path>C:\ti\ccs1281\ccs\tools\compiler\ti-cgt-arm_20.2.7.LTS\lib\</path>
         <kind>archive</kind>
         <file>rtsv7M4_T_le_v4SPD16_eabi.lib</file>
         <name>exit.c.obj</name>
      </input_file>
      <input_file id="fl-eb">
         <path>C:\ti\ccs1281\ccs\tools\compiler\ti-cgt-arm_20.2.7.LTS\lib\</path>
         <kind>archive</kind>
         <file>rtsv7M4_T_le_v4SPD16_eabi.lib</file>
         <name>_lock.c.obj</name>
      </input_file>
      <input_file id="fl-ec">
         <path>C:\ti\ccs1281\ccs\tools\compiler\ti-cgt-arm_20.2.7.LTS\lib\</path>
         <kind>archive</kind>
         <file>rtsv7M4_T_le_v4SPD16_eabi.lib</file>
         <name>_ltoa.c.obj</name>
      </input_file>
      <input_file id="fl-ed">
         <path>C:\ti\ccs1281\ccs\tools\compiler\ti-cgt-arm_20.2.7.LTS\lib\</path>
         <kind>archive</kind>
         <file>rtsv7M4_T_le_v4SPD16_eabi.lib</file>
         <name>args_main.c.obj</name>
      </input_file>
      <input_file id="fl-ee">
         <path>C:\ti\ccs1281\ccs\tools\compiler\ti-cgt-arm_20.2.7.LTS\lib\</path>
         <kind>archive</kind>
         <file>rtsv7M4_T_le_v4SPD16_eabi.lib</file>
         <name>atoi.c.obj</name>
      </input_file>
      <input_file id="fl-ef">
         <path>C:\ti\ccs1281\ccs\tools\compiler\ti-cgt-arm_20.2.7.LTS\lib\</path>
         <kind>archive</kind>
         <file>rtsv7M4_T_le_v4SPD16_eabi.lib</file>
         <name>ctype.c.obj</name>
      </input_file>
      <input_file id="fl-f0">
         <path>C:\ti\ccs1281\ccs\tools\compiler\ti-cgt-arm_20.2.7.LTS\lib\</path>
         <kind>archive</kind>
         <file>rtsv7M4_T_le_v4SPD16_eabi.lib</file>
         <name>memccpy.c.obj</name>
      </input_file>
      <input_file id="fl-f1">
         <path>C:\ti\ccs1281\ccs\tools\compiler\ti-cgt-arm_20.2.7.LTS\lib\</path>
         <kind>archive</kind>
         <file>rtsv7M4_T_le_v4SPD16_eabi.lib</file>
         <name>strchr.c.obj</name>
      </input_file>
      <input_file id="fl-f2">
         <path>C:\ti\ccs1281\ccs\tools\compiler\ti-cgt-arm_20.2.7.LTS\lib\</path>
         <kind>archive</kind>
         <file>rtsv7M4_T_le_v4SPD16_eabi.lib</file>
         <name>strlen.c.obj</name>
      </input_file>
      <input_file id="fl-f3">
         <path>C:\ti\ccs1281\ccs\tools\compiler\ti-cgt-arm_20.2.7.LTS\lib\</path>
         <kind>archive</kind>
         <file>rtsv7M4_T_le_v4SPD16_eabi.lib</file>
         <name>wcslen.c.obj</name>
      </input_file>
      <input_file id="fl-f4">
         <path>C:\ti\ccs1281\ccs\tools\compiler\ti-cgt-arm_20.2.7.LTS\lib\</path>
         <kind>archive</kind>
         <file>rtsv7M4_T_le_v4SPD16_eabi.lib</file>
         <name>s_frexp.c.obj</name>
      </input_file>
      <input_file id="fl-f5">
         <path>C:\ti\ccs1281\ccs\tools\compiler\ti-cgt-arm_20.2.7.LTS\lib\</path>
         <kind>archive</kind>
         <file>rtsv7M4_T_le_v4SPD16_eabi.lib</file>
         <name>s_scalbn.c.obj</name>
      </input_file>
      <input_file id="fl-f6">
         <path>C:\ti\ccs1281\ccs\tools\compiler\ti-cgt-arm_20.2.7.LTS\lib\</path>
         <kind>archive</kind>
         <file>rtsv7M4_T_le_v4SPD16_eabi.lib</file>
         <name>s_copysign.c.obj</name>
      </input_file>
      <input_file id="fl-f7">
         <path>C:\ti\TivaWare_C_Series-2.2.0.295\grlib\ccs\Debug\</path>
         <kind>archive</kind>
         <file>grlib.lib</file>
         <name>context.obj</name>
      </input_file>
      <input_file id="fl-f8">
         <path>C:\ti\TivaWare_C_Series-2.2.0.295\grlib\ccs\Debug\</path>
         <kind>archive</kind>
         <file>grlib.lib</file>
         <name>rectangle.obj</name>
      </input_file>
      <input_file id="fl-f9">
         <path>C:\ti\TivaWare_C_Series-2.2.0.295\grlib\ccs\Debug\</path>
         <kind>archive</kind>
         <file>grlib.lib</file>
         <name>string.obj</name>
      </input_file>
      <input_file id="fl-fa">
         <path>C:\ti\TivaWare_C_Series-2.2.0.295\grlib\ccs\Debug\</path>
         <kind>archive</kind>
         <file>grlib.lib</file>
         <name>fontfixed6x8.obj</name>
      </input_file>
      <input_file id="fl-fb">
         <path>C:\ti\TivaWare_C_Series-2.2.0.295\grlib\ccs\Debug\</path>
         <kind>archive</kind>
         <file>grlib.lib</file>
         <name>charmap.obj</name>
      </input_file>
      <input_file id="fl-fc">
         <path>C:\ti\TivaWare_C_Series-2.2.0.295\grlib\ccs\Debug\</path>
         <kind>archive</kind>
         <file>grlib.lib</file>
         <name>line.obj</name>
      </input_file>
      <input_file id="fl-fd">
         <path>C:\ti\TivaWare_C_Series-2.2.0.295\driverlib\ccs\Debug\</path>
         <kind>archive</kind>
         <file>driverlib.lib</file>
         <name>adc.obj</name>
      </input_file>
      <input_file id="fl-fe">
         <path>C:\ti\TivaWare_C_Series-2.2.0.295\driverlib\ccs\Debug\</path>
         <kind>archive</kind>
         <file>driverlib.lib</file>
         <name>fpu.obj</name>
      </input_file>
      <input_file id="fl-ff">
         <path>C:\ti\TivaWare_C_Series-2.2.0.295\driverlib\ccs\Debug\</path>
         <kind>archive</kind>
         <file>driverlib.lib</file>
         <name>gpio.obj</name>
      </input_file>
      <input_file id="fl-100">
         <path>C:\ti\TivaWare_C_Series-2.2.0.295\driverlib\ccs\Debug\</path>
         <kind>archive</kind>
         <file>driverlib.lib</file>
         <name>i2c.obj</name>
      </input_file>
      <input_file id="fl-101">
         <path>C:\ti\TivaWare_C_Series-2.2.0.295\driverlib\ccs\Debug\</path>
         <kind>archive</kind>
         <file>driverlib.lib</file>
         <name>interrupt.obj</name>
      </input_file>
      <input_file id="fl-102">
         <path>C:\ti\TivaWare_C_Series-2.2.0.295\driverlib\ccs\Debug\</path>
         <kind>archive</kind>
         <file>driverlib.lib</file>
         <name>pwm.obj</name>
      </input_file>
      <input_file id="fl-103">
         <path>C:\ti\TivaWare_C_Series-2.2.0.295\driverlib\ccs\Debug\</path>
         <kind>archive</kind>
         <file>driverlib.lib</file>
         <name>ssi.obj</name>
      </input_file>
      <input_file id="fl-104">
         <path>C:\ti\TivaWare_C_Series-2.2.0.295\driverlib\ccs\Debug\</path>
         <kind>archive</kind>
         <file>driverlib.lib</file>
         <name>sysctl.obj</name>
      </input_file>
      <input_file id="fl-105">
         <path>C:\ti\TivaWare_C_Series-2.2.0.295\driverlib\ccs\Debug\</path>
         <kind>archive</kind>
         <file>driverlib.lib</file>
         <name>timer.obj</name>
      </input_file>
      <input_file id="fl-106">
         <path>C:\ti\TivaWare_C_Series-2.2.0.295\driverlib\ccs\Debug\</path>
         <kind>archive</kind>
         <file>driverlib.lib</file>
         <name>cpu.obj</name>
      </input_file>
   </input_file_list>
   <object_component_list>
      <object_component id="oc-12">
         <name>.intvecs</name>
         <load_address>0x0</load_address>
         <run_address>0x0</run_address>
         <size>0x200</size>
         <input_file_ref idref="fl-5"/>
      </object_component>
      <object_component id="oc-86">
         <name>.text</name>
         <load_address>0x200</load_address>
         <run_address>0x200</run_address>
         <size>0x2460</size>
         <input_file_ref idref="fl-b"/>
      </object_component>
      <object_component id="oc-d5">
         <name>.text</name>
         <load_address>0x2660</load_address>
         <run_address>0x2660</run_address>
         <size>0xd74</size>
         <input_file_ref idref="fl-9"/>
      </object_component>
      <object_component id="oc-e6">
         <name>.text</name>
         <load_address>0x33d4</load_address>
         <run_address>0x33d4</run_address>
         <size>0xa5e</size>
         <input_file_ref idref="fl-11"/>
      </object_component>
      <object_component id="oc-261">
         <name>.text</name>
         <load_address>0x3e32</load_address>
         <run_address>0x3e32</run_address>
         <size>0x2</size>
         <input_file_ref idref="fl-e0"/>
      </object_component>
      <object_component id="oc-2de">
         <name>.text:__TI_printfi</name>
         <load_address>0x3e34</load_address>
         <run_address>0x3e34</run_address>
         <size>0xa4e</size>
         <input_file_ref idref="fl-df"/>
      </object_component>
      <object_component id="oc-77">
         <name>.text</name>
         <load_address>0x4884</load_address>
         <run_address>0x4884</run_address>
         <size>0x648</size>
         <input_file_ref idref="fl-4"/>
      </object_component>
      <object_component id="oc-ec">
         <name>.text</name>
         <load_address>0x4ecc</load_address>
         <run_address>0x4ecc</run_address>
         <size>0x5e4</size>
         <input_file_ref idref="fl-12"/>
      </object_component>
      <object_component id="oc-186">
         <name>.text</name>
         <load_address>0x54b0</load_address>
         <run_address>0x54b0</run_address>
         <size>0x420</size>
         <input_file_ref idref="fl-f"/>
      </object_component>
      <object_component id="oc-4a0">
         <name>.text:_pconv_a</name>
         <load_address>0x58d0</load_address>
         <run_address>0x58d0</run_address>
         <size>0x270</size>
         <input_file_ref idref="fl-df"/>
      </object_component>
      <object_component id="oc-43e">
         <name>.text:GrFontGlyphRender</name>
         <load_address>0x5b40</load_address>
         <run_address>0x5b40</run_address>
         <size>0x252</size>
         <input_file_ref idref="fl-f9"/>
      </object_component>
      <object_component id="oc-152">
         <name>.text:SysCtlClockFreqSet</name>
         <load_address>0x5d94</load_address>
         <run_address>0x5d94</run_address>
         <size>0x200</size>
         <input_file_ref idref="fl-104"/>
      </object_component>
      <object_component id="oc-48e">
         <name>.text:_pconv_g</name>
         <load_address>0x5f94</load_address>
         <run_address>0x5f94</run_address>
         <size>0x1d0</size>
         <input_file_ref idref="fl-df"/>
      </object_component>
      <object_component id="oc-57b">
         <name>.text</name>
         <load_address>0x6164</load_address>
         <run_address>0x6164</run_address>
         <size>0x1b6</size>
         <input_file_ref idref="fl-e1"/>
      </object_component>
      <object_component id="oc-27c">
         <name>.text:GPIOPadConfigSet</name>
         <load_address>0x631c</load_address>
         <run_address>0x631c</run_address>
         <size>0x16c</size>
         <input_file_ref idref="fl-ff"/>
      </object_component>
      <object_component id="oc-28a">
         <name>.text</name>
         <load_address>0x6488</load_address>
         <run_address>0x6488</run_address>
         <size>0x144</size>
         <input_file_ref idref="fl-13"/>
      </object_component>
      <object_component id="oc-49a">
         <name>.text:_pconv_e</name>
         <load_address>0x65cc</load_address>
         <run_address>0x65cc</run_address>
         <size>0x13c</size>
         <input_file_ref idref="fl-df"/>
      </object_component>
      <object_component id="oc-33">
         <name>.text</name>
         <load_address>0x6708</load_address>
         <run_address>0x6708</run_address>
         <size>0x13c</size>
         <input_file_ref idref="fl-d"/>
      </object_component>
      <object_component id="oc-561">
         <name>.text</name>
         <load_address>0x6844</load_address>
         <run_address>0x6844</run_address>
         <size>0x136</size>
         <input_file_ref idref="fl-e3"/>
      </object_component>
      <object_component id="oc-18c">
         <name>.text</name>
         <load_address>0x697a</load_address>
         <run_address>0x697a</run_address>
         <size>0x130</size>
         <input_file_ref idref="fl-8"/>
      </object_component>
      <object_component id="oc-58d">
         <name>.text:fcvt</name>
         <load_address>0x6aac</load_address>
         <run_address>0x6aac</run_address>
         <size>0x124</size>
         <input_file_ref idref="fl-df"/>
      </object_component>
      <object_component id="oc-5a1">
         <name>.text:scalbn</name>
         <load_address>0x6bd0</load_address>
         <run_address>0x6bd0</run_address>
         <size>0x110</size>
         <input_file_ref idref="fl-f5"/>
      </object_component>
      <object_component id="oc-55c">
         <name>.text</name>
         <load_address>0x6ce0</load_address>
         <run_address>0x6ce0</run_address>
         <size>0xfc</size>
         <input_file_ref idref="fl-e4"/>
      </object_component>
      <object_component id="oc-2e">
         <name>.text</name>
         <load_address>0x6ddc</load_address>
         <run_address>0x6ddc</run_address>
         <size>0xda</size>
         <input_file_ref idref="fl-e"/>
      </object_component>
      <object_component id="oc-29e">
         <name>.text:GrDefaultStringRenderer</name>
         <load_address>0x6eb6</load_address>
         <run_address>0x6eb6</run_address>
         <size>0xc0</size>
         <input_file_ref idref="fl-f9"/>
      </object_component>
      <object_component id="oc-483">
         <name>.text:_ltostr</name>
         <load_address>0x6f78</load_address>
         <run_address>0x6f78</run_address>
         <size>0xb1</size>
         <input_file_ref idref="fl-df"/>
      </object_component>
      <object_component id="oc-db">
         <name>.text</name>
         <load_address>0x702c</load_address>
         <run_address>0x702c</run_address>
         <size>0xac</size>
         <input_file_ref idref="fl-2"/>
      </object_component>
      <object_component id="oc-47">
         <name>.text</name>
         <load_address>0x70d8</load_address>
         <run_address>0x70d8</run_address>
         <size>0x9c</size>
         <input_file_ref idref="fl-d7"/>
      </object_component>
      <object_component id="oc-e1">
         <name>.text</name>
         <load_address>0x7174</load_address>
         <run_address>0x7174</run_address>
         <size>0x96</size>
         <input_file_ref idref="fl-d9"/>
      </object_component>
      <object_component id="oc-fe">
         <name>.text:GrRectFill</name>
         <load_address>0x720a</load_address>
         <run_address>0x720a</run_address>
         <size>0x86</size>
         <input_file_ref idref="fl-f8"/>
      </object_component>
      <object_component id="oc-489">
         <name>.text:__aeabi_cdcmple</name>
         <load_address>0x7290</load_address>
         <run_address>0x7290</run_address>
         <size>0x86</size>
         <input_file_ref idref="fl-e2"/>
      </object_component>
      <object_component id="oc-566">
         <name>.text:__aeabi_cdrcmple</name>
         <load_address>0x7316</load_address>
         <run_address>0x7316</run_address>
         <size>0x86</size>
         <input_file_ref idref="fl-e2"/>
      </object_component>
      <object_component id="oc-bd">
         <name>.text</name>
         <load_address>0x739c</load_address>
         <run_address>0x739c</run_address>
         <size>0x7a</size>
         <input_file_ref idref="fl-d8"/>
      </object_component>
      <object_component id="oc-586">
         <name>.text:_mcpy</name>
         <load_address>0x7416</load_address>
         <run_address>0x7416</run_address>
         <size>0x6e</size>
         <input_file_ref idref="fl-df"/>
      </object_component>
      <object_component id="oc-f2">
         <name>.text:GrContextInit</name>
         <load_address>0x7484</load_address>
         <run_address>0x7484</run_address>
         <size>0x68</size>
         <input_file_ref idref="fl-f7"/>
      </object_component>
      <object_component id="oc-10a">
         <name>.text:GrStringWidthGet</name>
         <load_address>0x74ec</load_address>
         <run_address>0x74ec</run_address>
         <size>0x68</size>
         <input_file_ref idref="fl-f9"/>
      </object_component>
      <object_component id="oc-15">
         <name>.text:decompress:lzss:__TI_decompress_lzss</name>
         <load_address>0x7554</load_address>
         <run_address>0x7554</run_address>
         <size>0x68</size>
         <input_file_ref idref="fl-dc"/>
      </object_component>
      <object_component id="oc-12e">
         <name>.text:GrRectDraw</name>
         <load_address>0x75bc</load_address>
         <run_address>0x75bc</run_address>
         <size>0x66</size>
         <input_file_ref idref="fl-f8"/>
      </object_component>
      <object_component id="oc-59b">
         <name>.text:frexp</name>
         <load_address>0x7624</load_address>
         <run_address>0x7624</run_address>
         <size>0x64</size>
         <input_file_ref idref="fl-f4"/>
      </object_component>
      <object_component id="oc-1f6">
         <name>.text:__TI_auto_init_nobinit:__TI_auto_init_nobinit</name>
         <load_address>0x7688</load_address>
         <run_address>0x7688</run_address>
         <size>0x60</size>
         <input_file_ref idref="fl-e7"/>
      </object_component>
      <object_component id="oc-464">
         <name>.text:FontWideGlyphDataGet</name>
         <load_address>0x76e8</load_address>
         <run_address>0x76e8</run_address>
         <size>0x5a</size>
         <input_file_ref idref="fl-f9"/>
      </object_component>
      <object_component id="oc-494">
         <name>.text:_pconv_f</name>
         <load_address>0x7742</load_address>
         <run_address>0x7742</run_address>
         <size>0x56</size>
         <input_file_ref idref="fl-df"/>
      </object_component>
      <object_component id="oc-570">
         <name>.text:__TI_ltoa</name>
         <load_address>0x7798</load_address>
         <run_address>0x7798</run_address>
         <size>0x54</size>
         <input_file_ref idref="fl-ec"/>
      </object_component>
      <object_component id="oc-580">
         <name>.text:_ecpy</name>
         <load_address>0x77ec</load_address>
         <run_address>0x77ec</run_address>
         <size>0x52</size>
         <input_file_ref idref="fl-df"/>
      </object_component>
      <object_component id="oc-230">
         <name>.text:GPIOPinConfigure</name>
         <load_address>0x7840</load_address>
         <run_address>0x7840</run_address>
         <size>0x4c</size>
         <input_file_ref idref="fl-ff"/>
      </object_component>
      <object_component id="oc-47d">
         <name>.text:atoi</name>
         <load_address>0x788c</load_address>
         <run_address>0x788c</run_address>
         <size>0x4c</size>
         <input_file_ref idref="fl-ee"/>
      </object_component>
      <object_component id="oc-11c">
         <name>.text:snprintf</name>
         <load_address>0x78d8</load_address>
         <run_address>0x78d8</run_address>
         <size>0x4c</size>
         <input_file_ref idref="fl-d6"/>
      </object_component>
      <object_component id="oc-2ac">
         <name>.text:UpdateContextCharMapping</name>
         <load_address>0x7924</load_address>
         <run_address>0x7924</run_address>
         <size>0x4a</size>
         <input_file_ref idref="fl-f9"/>
      </object_component>
      <object_component id="oc-332">
         <name>.text:_SysCtlFrequencyGet</name>
         <load_address>0x7970</load_address>
         <run_address>0x7970</run_address>
         <size>0x48</size>
         <input_file_ref idref="fl-104"/>
      </object_component>
      <object_component id="oc-56b">
         <name>.text</name>
         <load_address>0x79b8</load_address>
         <run_address>0x79b8</run_address>
         <size>0x48</size>
         <input_file_ref idref="fl-e5"/>
      </object_component>
      <object_component id="oc-30a">
         <name>.text:GrLineDrawH</name>
         <load_address>0x7a00</load_address>
         <run_address>0x7a00</run_address>
         <size>0x46</size>
         <input_file_ref idref="fl-fc"/>
      </object_component>
      <object_component id="oc-310">
         <name>.text:GrLineDrawV</name>
         <load_address>0x7a46</load_address>
         <run_address>0x7a46</run_address>
         <size>0x46</size>
         <input_file_ref idref="fl-fc"/>
      </object_component>
      <object_component id="oc-593">
         <name>.text:_fcpy</name>
         <load_address>0x7a8c</load_address>
         <run_address>0x7a8c</run_address>
         <size>0x3e</size>
         <input_file_ref idref="fl-df"/>
      </object_component>
      <object_component id="oc-46a">
         <name>.text:FontGlyphDataGet</name>
         <load_address>0x7aca</load_address>
         <run_address>0x7aca</run_address>
         <size>0x3c</size>
         <input_file_ref idref="fl-f9"/>
      </object_component>
      <object_component id="oc-416">
         <name>.text:SSIConfigSetExpClk</name>
         <load_address>0x7b06</load_address>
         <run_address>0x7b06</run_address>
         <size>0x3c</size>
         <input_file_ref idref="fl-103"/>
      </object_component>
      <object_component id="oc-15e">
         <name>.text:SysCtlPeripheralReady</name>
         <load_address>0x7b44</load_address>
         <run_address>0x7b44</run_address>
         <size>0x38</size>
         <input_file_ref idref="fl-104"/>
      </object_component>
      <object_component id="oc-158">
         <name>.text:SysCtlPeripheralEnable</name>
         <load_address>0x7b7c</load_address>
         <run_address>0x7b7c</run_address>
         <size>0x34</size>
         <input_file_ref idref="fl-104"/>
      </object_component>
      <object_component id="oc-65">
         <name>.text:_c_int00_noargs:_c_int00_noargs</name>
         <load_address>0x7bb0</load_address>
         <run_address>0x7bb0</run_address>
         <size>0x34</size>
         <input_file_ref idref="fl-dd"/>
      </object_component>
      <object_component id="oc-2e4">
         <name>.text:_outs</name>
         <load_address>0x7be4</load_address>
         <run_address>0x7be4</run_address>
         <size>0x30</size>
         <input_file_ref idref="fl-d6"/>
      </object_component>
      <object_component id="oc-2c4">
         <name>.text:GrStringNextCharGet</name>
         <load_address>0x7c14</load_address>
         <run_address>0x7c14</run_address>
         <size>0x2e</size>
         <input_file_ref idref="fl-f9"/>
      </object_component>
      <object_component id="oc-576">
         <name>.text</name>
         <load_address>0x7c42</load_address>
         <run_address>0x7c42</run_address>
         <size>0x2e</size>
         <input_file_ref idref="fl-e6"/>
      </object_component>
      <object_component id="oc-3f0">
         <name>.text:GPIODirModeSet</name>
         <load_address>0x7c70</load_address>
         <run_address>0x7c70</run_address>
         <size>0x2c</size>
         <input_file_ref idref="fl-ff"/>
      </object_component>
      <object_component id="oc-110">
         <name>.text:GrFontBaselineGet</name>
         <load_address>0x7c9c</load_address>
         <run_address>0x7c9c</run_address>
         <size>0x2c</size>
         <input_file_ref idref="fl-f9"/>
      </object_component>
      <object_component id="oc-2d0">
         <name>.text:GrFontInfoGet</name>
         <load_address>0x7cc8</load_address>
         <run_address>0x7cc8</run_address>
         <size>0x26</size>
         <input_file_ref idref="fl-f9"/>
      </object_component>
      <object_component id="oc-2ca">
         <name>.text:GrFontGlyphDataGet</name>
         <load_address>0x7cee</load_address>
         <run_address>0x7cee</run_address>
         <size>0x22</size>
         <input_file_ref idref="fl-f9"/>
      </object_component>
      <object_component id="oc-242">
         <name>.text:PWMGenConfigure</name>
         <load_address>0x7d10</load_address>
         <run_address>0x7d10</run_address>
         <size>0x22</size>
         <input_file_ref idref="fl-102"/>
      </object_component>
      <object_component id="oc-32c">
         <name>.text:_SysCtlMemTimingGet</name>
         <load_address>0x7d34</load_address>
         <run_address>0x7d34</run_address>
         <size>0x20</size>
         <input_file_ref idref="fl-104"/>
      </object_component>
      <object_component id="oc-456">
         <name>.text:GrFontCodepageGet</name>
         <load_address>0x7d54</load_address>
         <run_address>0x7d54</run_address>
         <size>0x1e</size>
         <input_file_ref idref="fl-f9"/>
      </object_component>
      <object_component id="oc-24e">
         <name>.text:PWMPulseWidthSet</name>
         <load_address>0x7d72</load_address>
         <run_address>0x7d72</run_address>
         <size>0x1e</size>
         <input_file_ref idref="fl-102"/>
      </object_component>
      <object_component id="oc-4a6">
         <name>.text:memccpy</name>
         <load_address>0x7d90</load_address>
         <run_address>0x7d90</run_address>
         <size>0x1c</size>
         <input_file_ref idref="fl-f0"/>
      </object_component>
      <object_component id="oc-410">
         <name>.text:GPIOPinTypeGPIOOutput</name>
         <load_address>0x7dac</load_address>
         <run_address>0x7dac</run_address>
         <size>0x1a</size>
         <input_file_ref idref="fl-ff"/>
      </object_component>
      <object_component id="oc-5f9">
         <name>.text:copysign</name>
         <load_address>0x7dc6</load_address>
         <run_address>0x7dc6</run_address>
         <size>0x1a</size>
         <input_file_ref idref="fl-f6"/>
      </object_component>
      <object_component id="oc-2ea">
         <name>.text:_outc</name>
         <load_address>0x7de0</load_address>
         <run_address>0x7de0</run_address>
         <size>0x18</size>
         <input_file_ref idref="fl-d6"/>
      </object_component>
      <object_component id="oc-267">
         <name>.text:GPIOPinTypeGPIOInput</name>
         <load_address>0x7df8</load_address>
         <run_address>0x7df8</run_address>
         <size>0x16</size>
         <input_file_ref idref="fl-ff"/>
      </object_component>
      <object_component id="oc-236">
         <name>.text:GPIOPinTypePWM</name>
         <load_address>0x7e0e</load_address>
         <run_address>0x7e0e</run_address>
         <size>0x16</size>
         <input_file_ref idref="fl-ff"/>
      </object_component>
      <object_component id="oc-40a">
         <name>.text:GPIOPinTypeSSI</name>
         <load_address>0x7e24</load_address>
         <run_address>0x7e24</run_address>
         <size>0x16</size>
         <input_file_ref idref="fl-ff"/>
      </object_component>
      <object_component id="oc-116">
         <name>.text:GrStringDraw</name>
         <load_address>0x7e3a</load_address>
         <run_address>0x7e3a</run_address>
         <size>0x16</size>
         <input_file_ref idref="fl-f9"/>
      </object_component>
      <object_component id="oc-5a7">
         <name>.text:strchr</name>
         <load_address>0x7e50</load_address>
         <run_address>0x7e50</run_address>
         <size>0x16</size>
         <input_file_ref idref="fl-f1"/>
      </object_component>
      <object_component id="oc-23c">
         <name>.text:PWMClockSet</name>
         <load_address>0x7e68</load_address>
         <run_address>0x7e68</run_address>
         <size>0x14</size>
         <input_file_ref idref="fl-102"/>
      </object_component>
      <object_component id="oc-477">
         <name>.text:strlen</name>
         <load_address>0x7e7c</load_address>
         <run_address>0x7e7c</run_address>
         <size>0x14</size>
         <input_file_ref idref="fl-f2"/>
      </object_component>
      <object_component id="oc-254">
         <name>.text:PWMOutputState</name>
         <load_address>0x7e90</load_address>
         <run_address>0x7e90</run_address>
         <size>0x12</size>
         <input_file_ref idref="fl-102"/>
      </object_component>
      <object_component id="oc-4ac">
         <name>.text:wcslen</name>
         <load_address>0x7ea2</load_address>
         <run_address>0x7ea2</run_address>
         <size>0x12</size>
         <input_file_ref idref="fl-f3"/>
      </object_component>
      <object_component id="oc-146">
         <name>.text:FPUEnable</name>
         <load_address>0x7eb4</load_address>
         <run_address>0x7eb4</run_address>
         <size>0x10</size>
         <input_file_ref idref="fl-fe"/>
      </object_component>
      <object_component id="oc-14c">
         <name>.text:FPULazyStackingEnable</name>
         <load_address>0x7ec4</load_address>
         <run_address>0x7ec4</run_address>
         <size>0x10</size>
         <input_file_ref idref="fl-fe"/>
      </object_component>
      <object_component id="oc-140">
         <name>.text:IntMasterDisable</name>
         <load_address>0x7ed4</load_address>
         <run_address>0x7ed4</run_address>
         <size>0x10</size>
         <input_file_ref idref="fl-101"/>
      </object_component>
      <object_component id="oc-164">
         <name>.text:IntMasterEnable</name>
         <load_address>0x7ee4</load_address>
         <run_address>0x7ee4</run_address>
         <size>0x10</size>
         <input_file_ref idref="fl-101"/>
      </object_component>
      <object_component id="oc-248">
         <name>.text:PWMGenPeriodSet</name>
         <load_address>0x7ef4</load_address>
         <run_address>0x7ef4</run_address>
         <size>0x10</size>
         <input_file_ref idref="fl-102"/>
      </object_component>
      <object_component id="oc-1b">
         <name>.text:decompress:none:__TI_decompress_none</name>
         <load_address>0x7f04</load_address>
         <run_address>0x7f04</run_address>
         <size>0xe</size>
         <input_file_ref idref="fl-db"/>
      </object_component>
      <object_component id="oc-323">
         <name>.text:CPUcpsid</name>
         <load_address>0x7f12</load_address>
         <run_address>0x7f12</run_address>
         <size>0xc</size>
         <input_file_ref idref="fl-106"/>
      </object_component>
      <object_component id="oc-345">
         <name>.text:CPUcpsie</name>
         <load_address>0x7f1e</load_address>
         <run_address>0x7f1e</run_address>
         <size>0xc</size>
         <input_file_ref idref="fl-106"/>
      </object_component>
      <object_component id="oc-25a">
         <name>.text:PWMGenEnable</name>
         <load_address>0x7f2a</load_address>
         <run_address>0x7f2a</run_address>
         <size>0xc</size>
         <input_file_ref idref="fl-102"/>
      </object_component>
      <object_component id="oc-59">
         <name>.text:decompress:ZI:__TI_zero_init</name>
         <load_address>0x7f36</load_address>
         <run_address>0x7f36</run_address>
         <size>0xc</size>
         <input_file_ref idref="fl-da"/>
      </object_component>
      <object_component id="oc-28">
         <name>.text</name>
         <load_address>0x7f42</load_address>
         <run_address>0x7f42</run_address>
         <size>0xc</size>
         <input_file_ref idref="fl-5"/>
      </object_component>
      <object_component id="oc-42e">
         <name>.text:SSIDataPut</name>
         <load_address>0x7f4e</load_address>
         <run_address>0x7f4e</run_address>
         <size>0xa</size>
         <input_file_ref idref="fl-103"/>
      </object_component>
      <object_component id="oc-41c">
         <name>.text:SSIEnable</name>
         <load_address>0x7f58</load_address>
         <run_address>0x7f58</run_address>
         <size>0xa</size>
         <input_file_ref idref="fl-103"/>
      </object_component>
      <object_component id="oc-445">
         <name>.text:GrMapISO8859_1_Unicode</name>
         <load_address>0x7f62</load_address>
         <run_address>0x7f62</run_address>
         <size>0x8</size>
         <input_file_ref idref="fl-fb"/>
      </object_component>
      <object_component id="oc-428">
         <name>.text:SSIBusy</name>
         <load_address>0x7f6a</load_address>
         <run_address>0x7f6a</run_address>
         <size>0x8</size>
         <input_file_ref idref="fl-103"/>
      </object_component>
      <object_component id="oc-4b2">
         <name>.text:__aeabi_errno_addr</name>
         <load_address>0x7f74</load_address>
         <run_address>0x7f74</run_address>
         <size>0x8</size>
         <input_file_ref idref="fl-de"/>
      </object_component>
      <object_component id="oc-276">
         <name>.text:GPIOPinRead</name>
         <load_address>0x7f7c</load_address>
         <run_address>0x7f7c</run_address>
         <size>0x6</size>
         <input_file_ref idref="fl-ff"/>
      </object_component>
      <object_component id="oc-422">
         <name>.text:GPIOPinWrite</name>
         <load_address>0x7f82</load_address>
         <run_address>0x7f82</run_address>
         <size>0x6</size>
         <input_file_ref idref="fl-ff"/>
      </object_component>
      <object_component id="oc-f8">
         <name>.text:GrContextFontSet</name>
         <load_address>0x7f88</load_address>
         <run_address>0x7f88</run_address>
         <size>0x6</size>
         <input_file_ref idref="fl-f9"/>
      </object_component>
      <object_component id="oc-290">
         <name>.text:SysCtlDelay</name>
         <load_address>0x7f8e</load_address>
         <run_address>0x7f8e</run_address>
         <size>0x6</size>
         <input_file_ref idref="fl-104"/>
      </object_component>
      <object_component id="oc-c3">
         <name>.text:_system_pre_init</name>
         <load_address>0x7f94</load_address>
         <run_address>0x7f94</run_address>
         <size>0x4</size>
         <input_file_ref idref="fl-e8"/>
      </object_component>
      <object_component id="oc-1e4">
         <name>.text:abort:abort</name>
         <load_address>0x7f98</load_address>
         <run_address>0x7f98</run_address>
         <size>0x4</size>
         <input_file_ref idref="fl-ea"/>
      </object_component>
      <object_component id="oc-319">
         <name>.const:.string:g_pui8FontFixed6x8Data</name>
         <load_address>0x7f9c</load_address>
         <run_address>0x7f9c</run_address>
         <size>0x2f8</size>
         <input_file_ref idref="fl-fa"/>
      </object_component>
      <object_component id="oc-33b">
         <name>.const:g_pppui32XTALtoVCO</name>
         <load_address>0x8294</load_address>
         <run_address>0x8294</run_address>
         <size>0x1b0</size>
         <input_file_ref idref="fl-104"/>
      </object_component>
      <object_component id="oc-555">
         <name>.const:.string:_ctypes_</name>
         <load_address>0x8444</load_address>
         <run_address>0x8444</run_address>
         <size>0x101</size>
         <input_file_ref idref="fl-ef"/>
      </object_component>
      <object_component id="oc-137">
         <name>.const:g_sFontFixed6x8</name>
         <load_address>0x8548</load_address>
         <run_address>0x8548</run_address>
         <size>0xc8</size>
         <input_file_ref idref="fl-fa"/>
      </object_component>
      <object_component id="oc-3eb">
         <name>.const:g_pui32GPIOBaseAddrs</name>
         <load_address>0x8610</load_address>
         <run_address>0x8610</run_address>
         <size>0x90</size>
         <input_file_ref idref="fl-ff"/>
      </object_component>
      <object_component id="oc-338">
         <name>.const:g_pui32Xtals</name>
         <load_address>0x86a0</load_address>
         <run_address>0x86a0</run_address>
         <size>0x6c</size>
         <input_file_ref idref="fl-104"/>
      </object_component>
      <object_component id="oc-273">
         <name>.const:.string:digital_pin_to_bit_mask</name>
         <load_address>0x870c</load_address>
         <run_address>0x870c</run_address>
         <size>0x60</size>
         <input_file_ref idref="fl-11"/>
      </object_component>
      <object_component id="oc-26d">
         <name>.const:.string:digital_pin_to_port</name>
         <load_address>0x876c</load_address>
         <run_address>0x876c</run_address>
         <size>0x60</size>
         <input_file_ref idref="fl-11"/>
      </object_component>
      <object_component id="oc-270">
         <name>.const:port_to_base</name>
         <load_address>0x87cc</load_address>
         <run_address>0x87cc</run_address>
         <size>0x40</size>
         <input_file_ref idref="fl-11"/>
      </object_component>
      <object_component id="oc-4d5">
         <name>.const:g_sXTALtoMEMTIM</name>
         <load_address>0x880c</load_address>
         <run_address>0x880c</run_address>
         <size>0x30</size>
         <input_file_ref idref="fl-104"/>
      </object_component>
      <object_component id="oc-134">
         <name>.const:g_sCrystalfontz128x128</name>
         <load_address>0x883c</load_address>
         <run_address>0x883c</run_address>
         <size>0x28</size>
         <input_file_ref idref="fl-12"/>
      </object_component>
      <object_component id="oc-2a4">
         <name>.const:g_psDefaultCodePointMapTable</name>
         <load_address>0x8864</load_address>
         <run_address>0x8864</run_address>
         <size>0x10</size>
         <input_file_ref idref="fl-f7"/>
      </object_component>
      <object_component id="oc-305">
         <name>.const:.string</name>
         <load_address>0x8874</load_address>
         <run_address>0x8874</run_address>
         <size>0xe</size>
         <input_file_ref idref="fl-4"/>
      </object_component>
      <object_component id="oc-13a">
         <name>.const:$P$T0$1</name>
         <load_address>0x8882</load_address>
         <run_address>0x8882</run_address>
         <size>0x8</size>
         <input_file_ref idref="fl-4"/>
      </object_component>
      <object_component id="oc-13d">
         <name>.const:$P$T1$2</name>
         <load_address>0x888a</load_address>
         <run_address>0x888a</run_address>
         <size>0x8</size>
         <input_file_ref idref="fl-4"/>
      </object_component>
      <object_component id="oc-33e">
         <name>.const:g_pui32VCOFrequencies</name>
         <load_address>0x8894</load_address>
         <run_address>0x8894</run_address>
         <size>0x8</size>
         <input_file_ref idref="fl-104"/>
      </object_component>
      <object_component id="oc-83">
         <name>.const</name>
         <load_address>0x889c</load_address>
         <run_address>0x889c</run_address>
         <size>0x4</size>
         <input_file_ref idref="fl-d"/>
      </object_component>
      <object_component id="oc-1a7">
         <name>.const</name>
         <load_address>0x88a0</load_address>
         <run_address>0x88a0</run_address>
         <size>0x4</size>
         <input_file_ref idref="fl-b"/>
      </object_component>
      <object_component id="oc-650">
         <name>.cinit..data.load</name>
         <load_address>0x88a8</load_address>
         <run_address>0x88a8</run_address>
         <size>0x30</size>
      </object_component>
      <object_component id="oc-64e">
         <name>__TI_handler_table</name>
         <load_address>0x88d8</load_address>
         <run_address>0x88d8</run_address>
         <size>0xc</size>
      </object_component>
      <object_component id="oc-651">
         <name>.cinit..bss.load</name>
         <load_address>0x88e8</load_address>
         <run_address>0x88e8</run_address>
         <size>0x8</size>
      </object_component>
      <object_component id="oc-64f">
         <name>__TI_cinit_table</name>
         <load_address>0x88f0</load_address>
         <run_address>0x88f0</run_address>
         <size>0x10</size>
      </object_component>
      <object_component id="oc-24">
         <name>.init_array</name>
         <load_address>0x88a4</load_address>
         <run_address>0x88a4</run_address>
         <size>0x4</size>
         <input_file_ref idref="fl-4"/>
      </object_component>
      <object_component id="oc-652">
         <name>SHT$$INIT_ARRAY$$Limit</name>
         <load_address>0x88a8</load_address>
         <run_address>0x88a8</run_address>
         <size>0x0</size>
      </object_component>
      <object_component id="oc-128">
         <name>.data:btnStart</name>
         <load_address>0x20008044</load_address>
         <run_address>0x20008044</run_address>
         <size>0x18</size>
         <input_file_ref idref="fl-4"/>
      </object_component>
      <object_component id="oc-12b">
         <name>.data:btnRst</name>
         <load_address>0x2000802c</load_address>
         <run_address>0x2000802c</run_address>
         <size>0x18</size>
         <input_file_ref idref="fl-4"/>
      </object_component>
      <object_component id="oc-107">
         <name>.data</name>
         <load_address>0x20008070</load_address>
         <run_address>0x20008070</run_address>
         <size>0xc</size>
         <input_file_ref idref="fl-4"/>
      </object_component>
      <object_component id="oc-80">
         <name>.data</name>
         <load_address>0x20008000</load_address>
         <run_address>0x20008000</run_address>
         <size>0x2c</size>
         <input_file_ref idref="fl-b"/>
      </object_component>
      <object_component id="oc-1a1">
         <name>.data:xYieldPendings</name>
         <load_address>0x20008084</load_address>
         <run_address>0x20008084</run_address>
         <size>0x4</size>
         <input_file_ref idref="fl-b"/>
      </object_component>
      <object_component id="oc-8d">
         <name>.data</name>
         <load_address>0x2000807c</load_address>
         <run_address>0x2000807c</run_address>
         <size>0x4</size>
         <input_file_ref idref="fl-d"/>
      </object_component>
      <object_component id="oc-39b">
         <name>.data</name>
         <load_address>0x2000805c</load_address>
         <run_address>0x2000805c</run_address>
         <size>0x14</size>
         <input_file_ref idref="fl-f"/>
      </object_component>
      <object_component id="oc-29a">
         <name>.data:Lcd_buffer</name>
         <load_address>0x20000000</load_address>
         <run_address>0x20000000</run_address>
         <size>0x8000</size>
         <input_file_ref idref="fl-12"/>
      </object_component>
      <object_component id="oc-5b7">
         <name>.data</name>
         <load_address>0x20008080</load_address>
         <run_address>0x20008080</run_address>
         <size>0x4</size>
         <input_file_ref idref="fl-de"/>
      </object_component>
      <object_component id="oc-122">
         <name>.bss:btnPlayPause</name>
         <uninitialized>true</uninitialized>
         <run_address>0x2000d0d8</run_address>
         <size>0xb4</size>
         <input_file_ref idref="fl-4"/>
      </object_component>
      <object_component id="oc-125">
         <name>.bss:btnReset</name>
         <uninitialized>true</uninitialized>
         <run_address>0x2000d18c</run_address>
         <size>0xb4</size>
         <input_file_ref idref="fl-4"/>
      </object_component>
      <object_component id="oc-104">
         <name>.bss</name>
         <uninitialized>true</uninitialized>
         <run_address>0x2000d308</run_address>
         <size>0x4</size>
         <input_file_ref idref="fl-4"/>
      </object_component>
      <object_component id="oc-192">
         <name>.bss:pxReadyTasksLists</name>
         <uninitialized>true</uninitialized>
         <run_address>0x2000cf98</run_address>
         <size>0x140</size>
         <input_file_ref idref="fl-b"/>
      </object_component>
      <object_component id="oc-1aa">
         <name>.bss:xDelayedTaskList1</name>
         <uninitialized>true</uninitialized>
         <run_address>0x2000d290</run_address>
         <size>0x14</size>
         <input_file_ref idref="fl-b"/>
      </object_component>
      <object_component id="oc-1ad">
         <name>.bss:xDelayedTaskList2</name>
         <uninitialized>true</uninitialized>
         <run_address>0x2000d2a4</run_address>
         <size>0x14</size>
         <input_file_ref idref="fl-b"/>
      </object_component>
      <object_component id="oc-198">
         <name>.bss</name>
         <uninitialized>true</uninitialized>
         <run_address>0x2000d2f4</run_address>
         <size>0x8</size>
         <input_file_ref idref="fl-b"/>
      </object_component>
      <object_component id="oc-19b">
         <name>.bss:xPendingReadyList</name>
         <uninitialized>true</uninitialized>
         <run_address>0x2000d2b8</run_address>
         <size>0x14</size>
         <input_file_ref idref="fl-b"/>
      </object_component>
      <object_component id="oc-195">
         <name>.bss:xTasksWaitingTermination</name>
         <uninitialized>true</uninitialized>
         <run_address>0x2000d2e0</run_address>
         <size>0x14</size>
         <input_file_ref idref="fl-b"/>
      </object_component>
      <object_component id="oc-19e">
         <name>.bss:xSuspendedTaskList</name>
         <uninitialized>true</uninitialized>
         <run_address>0x2000d2cc</run_address>
         <size>0x14</size>
         <input_file_ref idref="fl-b"/>
      </object_component>
      <object_component id="oc-1a4">
         <name>.bss:xIdleTaskHandles</name>
         <uninitialized>true</uninitialized>
         <run_address>0x2000d30c</run_address>
         <size>0x4</size>
         <input_file_ref idref="fl-b"/>
      </object_component>
      <object_component id="oc-3a1">
         <name>.bss:ucHeap</name>
         <uninitialized>true</uninitialized>
         <run_address>0x20008088</run_address>
         <size>0x4f10</size>
         <input_file_ref idref="fl-f"/>
      </object_component>
      <object_component id="oc-39e">
         <name>.bss:xStart</name>
         <uninitialized>true</uninitialized>
         <run_address>0x2000d2fc</run_address>
         <size>0x8</size>
         <input_file_ref idref="fl-f"/>
      </object_component>
      <object_component id="oc-2a7">
         <name>.bss</name>
         <uninitialized>true</uninitialized>
         <run_address>0x2000d304</run_address>
         <size>0x4</size>
         <input_file_ref idref="fl-f7"/>
      </object_component>
      <object_component id="oc-222">
         <name>.common:xQueueRegistry</name>
         <uninitialized>true</uninitialized>
         <run_address>0x2000d240</run_address>
         <size>0x50</size>
      </object_component>
      <object_component id="oc-299">
         <name>.common:Lcd_Orientation</name>
         <uninitialized>true</uninitialized>
         <run_address>0x2000d318</run_address>
         <size>0x1</size>
      </object_component>
      <object_component id="oc-291">
         <name>.common:Lcd_ScreenWidth</name>
         <uninitialized>true</uninitialized>
         <run_address>0x2000d312</run_address>
         <size>0x2</size>
      </object_component>
      <object_component id="oc-294">
         <name>.common:Lcd_ScreenHeigth</name>
         <uninitialized>true</uninitialized>
         <run_address>0x2000d310</run_address>
         <size>0x2</size>
      </object_component>
      <object_component id="oc-295">
         <name>.common:Lcd_PenSolid</name>
         <uninitialized>true</uninitialized>
         <run_address>0x2000d319</run_address>
         <size>0x1</size>
      </object_component>
      <object_component id="oc-296">
         <name>.common:Lcd_FontSolid</name>
         <uninitialized>true</uninitialized>
         <run_address>0x2000d317</run_address>
         <size>0x1</size>
      </object_component>
      <object_component id="oc-297">
         <name>.common:Lcd_FlagRead</name>
         <uninitialized>true</uninitialized>
         <run_address>0x2000d316</run_address>
         <size>0x1</size>
      </object_component>
      <object_component id="oc-298">
         <name>.common:Lcd_TouchTrim</name>
         <uninitialized>true</uninitialized>
         <run_address>0x2000d314</run_address>
         <size>0x2</size>
      </object_component>
      <object_component id="oc-25">
         <name>.stack</name>
         <uninitialized>true</uninitialized>
         <run_address>0x2000d320</run_address>
         <size>0x4</size>
         <input_file_ref idref="fl-dd"/>
      </object_component>
      <object_component id="oc-654">
         <name>.stack</name>
         <uninitialized>true</uninitialized>
         <run_address>0x2000d320</run_address>
         <size>0x0</size>
      </object_component>
      <object_component id="oc-461">
         <name>.debug_info</name>
         <load_address>0x0</load_address>
         <run_address>0x0</run_address>
         <size>0x9ef</size>
         <input_file_ref idref="fl-2"/>
      </object_component>
      <object_component id="oc-dd">
         <name>.debug_info</name>
         <load_address>0x9ef</load_address>
         <run_address>0x9ef</run_address>
         <size>0x38c</size>
         <input_file_ref idref="fl-2"/>
      </object_component>
      <object_component id="oc-542">
         <name>.debug_info</name>
         <load_address>0xd7b</load_address>
         <run_address>0xd7b</run_address>
         <size>0x638</size>
         <input_file_ref idref="fl-2"/>
      </object_component>
      <object_component id="oc-547">
         <name>.debug_info</name>
         <load_address>0x13b3</load_address>
         <run_address>0x13b3</run_address>
         <size>0x16d</size>
         <input_file_ref idref="fl-2"/>
      </object_component>
      <object_component id="oc-2bd">
         <name>.debug_info</name>
         <load_address>0x1520</load_address>
         <run_address>0x1520</run_address>
         <size>0x4f</size>
         <input_file_ref idref="fl-2"/>
      </object_component>
      <object_component id="oc-17c">
         <name>.debug_info</name>
         <load_address>0x156f</load_address>
         <run_address>0x156f</run_address>
         <size>0x8b</size>
         <input_file_ref idref="fl-2"/>
      </object_component>
      <object_component id="oc-380">
         <name>.debug_info</name>
         <load_address>0x15fa</load_address>
         <run_address>0x15fa</run_address>
         <size>0x2c</size>
         <input_file_ref idref="fl-2"/>
      </object_component>
      <object_component id="oc-36c">
         <name>.debug_info</name>
         <load_address>0x1626</load_address>
         <run_address>0x1626</run_address>
         <size>0x2d6</size>
         <input_file_ref idref="fl-2"/>
      </object_component>
      <object_component id="oc-172">
         <name>.debug_info</name>
         <load_address>0x18fc</load_address>
         <run_address>0x18fc</run_address>
         <size>0xbb</size>
         <input_file_ref idref="fl-2"/>
      </object_component>
      <object_component id="oc-367">
         <name>.debug_info</name>
         <load_address>0x19b7</load_address>
         <run_address>0x19b7</run_address>
         <size>0x2a1</size>
         <input_file_ref idref="fl-2"/>
      </object_component>
      <object_component id="oc-54c">
         <name>.debug_info</name>
         <load_address>0x1c58</load_address>
         <run_address>0x1c58</run_address>
         <size>0x46</size>
         <input_file_ref idref="fl-2"/>
      </object_component>
      <object_component id="oc-35d">
         <name>.debug_info</name>
         <load_address>0x1c9e</load_address>
         <run_address>0x1c9e</run_address>
         <size>0x53</size>
         <input_file_ref idref="fl-2"/>
      </object_component>
      <object_component id="oc-376">
         <name>.debug_info</name>
         <load_address>0x1cf1</load_address>
         <run_address>0x1cf1</run_address>
         <size>0x3f6</size>
         <input_file_ref idref="fl-2"/>
      </object_component>
      <object_component id="oc-37b">
         <name>.debug_info</name>
         <load_address>0x20e7</load_address>
         <run_address>0x20e7</run_address>
         <size>0x1e2</size>
         <input_file_ref idref="fl-2"/>
      </object_component>
      <object_component id="oc-16b">
         <name>.debug_info</name>
         <load_address>0x22c9</load_address>
         <run_address>0x22c9</run_address>
         <size>0x16e2</size>
         <input_file_ref idref="fl-4"/>
      </object_component>
      <object_component id="oc-129">
         <name>.debug_info</name>
         <load_address>0x39ab</load_address>
         <run_address>0x39ab</run_address>
         <size>0x113</size>
         <input_file_ref idref="fl-4"/>
      </object_component>
      <object_component id="oc-12c">
         <name>.debug_info</name>
         <load_address>0x3abe</load_address>
         <run_address>0x3abe</run_address>
         <size>0x10f</size>
         <input_file_ref idref="fl-4"/>
      </object_component>
      <object_component id="oc-108">
         <name>.debug_info</name>
         <load_address>0x3bcd</load_address>
         <run_address>0x3bcd</run_address>
         <size>0x1c2</size>
         <input_file_ref idref="fl-4"/>
      </object_component>
      <object_component id="oc-123">
         <name>.debug_info</name>
         <load_address>0x3d8f</load_address>
         <run_address>0x3d8f</run_address>
         <size>0x11b</size>
         <input_file_ref idref="fl-4"/>
      </object_component>
      <object_component id="oc-126">
         <name>.debug_info</name>
         <load_address>0x3eaa</load_address>
         <run_address>0x3eaa</run_address>
         <size>0x113</size>
         <input_file_ref idref="fl-4"/>
      </object_component>
      <object_component id="oc-105">
         <name>.debug_info</name>
         <load_address>0x3fbd</load_address>
         <run_address>0x3fbd</run_address>
         <size>0x113</size>
         <input_file_ref idref="fl-4"/>
      </object_component>
      <object_component id="oc-13b">
         <name>.debug_info</name>
         <load_address>0x40d0</load_address>
         <run_address>0x40d0</run_address>
         <size>0x111</size>
         <input_file_ref idref="fl-4"/>
      </object_component>
      <object_component id="oc-13e">
         <name>.debug_info</name>
         <load_address>0x41e1</load_address>
         <run_address>0x41e1</run_address>
         <size>0x111</size>
         <input_file_ref idref="fl-4"/>
      </object_component>
      <object_component id="oc-79">
         <name>.debug_info</name>
         <load_address>0x42f2</load_address>
         <run_address>0x42f2</run_address>
         <size>0x1175</size>
         <input_file_ref idref="fl-4"/>
      </object_component>
      <object_component id="oc-34e">
         <name>.debug_info</name>
         <load_address>0x5467</load_address>
         <run_address>0x5467</run_address>
         <size>0x638</size>
         <input_file_ref idref="fl-4"/>
      </object_component>
      <object_component id="oc-283">
         <name>.debug_info</name>
         <load_address>0x5a9f</load_address>
         <run_address>0x5a9f</run_address>
         <size>0x83f</size>
         <input_file_ref idref="fl-4"/>
      </object_component>
      <object_component id="oc-16d">
         <name>.debug_info</name>
         <load_address>0x62de</load_address>
         <run_address>0x62de</run_address>
         <size>0x14c</size>
         <input_file_ref idref="fl-4"/>
      </object_component>
      <object_component id="oc-353">
         <name>.debug_info</name>
         <load_address>0x642a</load_address>
         <run_address>0x642a</run_address>
         <size>0x16d</size>
         <input_file_ref idref="fl-4"/>
      </object_component>
      <object_component id="oc-358">
         <name>.debug_info</name>
         <load_address>0x6597</load_address>
         <run_address>0x6597</run_address>
         <size>0x1b0</size>
         <input_file_ref idref="fl-4"/>
      </object_component>
      <object_component id="oc-177">
         <name>.debug_info</name>
         <load_address>0x6747</load_address>
         <run_address>0x6747</run_address>
         <size>0x941</size>
         <input_file_ref idref="fl-4"/>
      </object_component>
      <object_component id="oc-362">
         <name>.debug_info</name>
         <load_address>0x7088</load_address>
         <run_address>0x7088</run_address>
         <size>0xfe</size>
         <input_file_ref idref="fl-4"/>
      </object_component>
      <object_component id="oc-371">
         <name>.debug_info</name>
         <load_address>0x7186</load_address>
         <run_address>0x7186</run_address>
         <size>0x38c</size>
         <input_file_ref idref="fl-4"/>
      </object_component>
      <object_component id="oc-3b">
         <name>.debug_info</name>
         <load_address>0x7512</load_address>
         <run_address>0x7512</run_address>
         <size>0x362</size>
         <input_file_ref idref="fl-5"/>
      </object_component>
      <object_component id="oc-13">
         <name>.debug_info</name>
         <load_address>0x7874</load_address>
         <run_address>0x7874</run_address>
         <size>0x121</size>
         <input_file_ref idref="fl-5"/>
      </object_component>
      <object_component id="oc-29">
         <name>.debug_info</name>
         <load_address>0x7995</load_address>
         <run_address>0x7995</run_address>
         <size>0x232</size>
         <input_file_ref idref="fl-5"/>
      </object_component>
      <object_component id="oc-9e">
         <name>.debug_info</name>
         <load_address>0x7bc7</load_address>
         <run_address>0x7bc7</run_address>
         <size>0x26b</size>
         <input_file_ref idref="fl-5"/>
      </object_component>
      <object_component id="oc-42">
         <name>.debug_info</name>
         <load_address>0x7e32</load_address>
         <run_address>0x7e32</run_address>
         <size>0x84</size>
         <input_file_ref idref="fl-5"/>
      </object_component>
      <object_component id="oc-1cf">
         <name>.debug_info</name>
         <load_address>0x7eb6</load_address>
         <run_address>0x7eb6</run_address>
         <size>0x2a4</size>
         <input_file_ref idref="fl-5"/>
      </object_component>
      <object_component id="oc-a3">
         <name>.debug_info</name>
         <load_address>0x815a</load_address>
         <run_address>0x815a</run_address>
         <size>0xbb</size>
         <input_file_ref idref="fl-5"/>
      </object_component>
      <object_component id="oc-1ce">
         <name>.debug_info</name>
         <load_address>0x8215</load_address>
         <run_address>0x8215</run_address>
         <size>0x299</size>
         <input_file_ref idref="fl-6"/>
      </object_component>
      <object_component id="oc-1bf">
         <name>.debug_info</name>
         <load_address>0x84ae</load_address>
         <run_address>0x84ae</run_address>
         <size>0x322</size>
         <input_file_ref idref="fl-6"/>
      </object_component>
      <object_component id="oc-1c9">
         <name>.debug_info</name>
         <load_address>0x87d0</load_address>
         <run_address>0x87d0</run_address>
         <size>0x476</size>
         <input_file_ref idref="fl-6"/>
      </object_component>
      <object_component id="oc-3be">
         <name>.debug_info</name>
         <load_address>0x8c46</load_address>
         <run_address>0x8c46</run_address>
         <size>0xcc</size>
         <input_file_ref idref="fl-6"/>
      </object_component>
      <object_component id="oc-92">
         <name>.debug_info</name>
         <load_address>0x8d12</load_address>
         <run_address>0x8d12</run_address>
         <size>0x2c</size>
         <input_file_ref idref="fl-6"/>
      </object_component>
      <object_component id="oc-1ba">
         <name>.debug_info</name>
         <load_address>0x8d3e</load_address>
         <run_address>0x8d3e</run_address>
         <size>0x53</size>
         <input_file_ref idref="fl-6"/>
      </object_component>
      <object_component id="oc-97">
         <name>.debug_info</name>
         <load_address>0x8d91</load_address>
         <run_address>0x8d91</run_address>
         <size>0x53</size>
         <input_file_ref idref="fl-6"/>
      </object_component>
      <object_component id="oc-1c4">
         <name>.debug_info</name>
         <load_address>0x8de4</load_address>
         <run_address>0x8de4</run_address>
         <size>0x14c</size>
         <input_file_ref idref="fl-6"/>
      </object_component>
      <object_component id="oc-3ea">
         <name>.debug_info</name>
         <load_address>0x8f30</load_address>
         <run_address>0x8f30</run_address>
         <size>0x6e4</size>
         <input_file_ref idref="fl-7"/>
      </object_component>
      <object_component id="oc-22b">
         <name>.debug_info</name>
         <load_address>0x9614</load_address>
         <run_address>0x9614</run_address>
         <size>0x110</size>
         <input_file_ref idref="fl-7"/>
      </object_component>
      <object_component id="oc-396">
         <name>.debug_info</name>
         <load_address>0x9724</load_address>
         <run_address>0x9724</run_address>
         <size>0x476</size>
         <input_file_ref idref="fl-7"/>
      </object_component>
      <object_component id="oc-523">
         <name>.debug_info</name>
         <load_address>0x9b9a</load_address>
         <run_address>0x9b9a</run_address>
         <size>0x76</size>
         <input_file_ref idref="fl-7"/>
      </object_component>
      <object_component id="oc-528">
         <name>.debug_info</name>
         <load_address>0x9c10</load_address>
         <run_address>0x9c10</run_address>
         <size>0x39</size>
         <input_file_ref idref="fl-7"/>
      </object_component>
      <object_component id="oc-4f9">
         <name>.debug_info</name>
         <load_address>0x9c49</load_address>
         <run_address>0x9c49</run_address>
         <size>0x109</size>
         <input_file_ref idref="fl-7"/>
      </object_component>
      <object_component id="oc-387">
         <name>.debug_info</name>
         <load_address>0x9d52</load_address>
         <run_address>0x9d52</run_address>
         <size>0x4f</size>
         <input_file_ref idref="fl-7"/>
      </object_component>
      <object_component id="oc-3a7">
         <name>.debug_info</name>
         <load_address>0x9da1</load_address>
         <run_address>0x9da1</run_address>
         <size>0x415</size>
         <input_file_ref idref="fl-8"/>
      </object_component>
      <object_component id="oc-18e">
         <name>.debug_info</name>
         <load_address>0xa1b6</load_address>
         <run_address>0xa1b6</run_address>
         <size>0x8c8</size>
         <input_file_ref idref="fl-8"/>
      </object_component>
      <object_component id="oc-223">
         <name>.debug_info</name>
         <load_address>0xaa7e</load_address>
         <run_address>0xaa7e</run_address>
         <size>0x933</size>
         <input_file_ref idref="fl-9"/>
      </object_component>
      <object_component id="oc-d8">
         <name>.debug_info</name>
         <load_address>0xb3b1</load_address>
         <run_address>0xb3b1</run_address>
         <size>0x4f4a</size>
         <input_file_ref idref="fl-9"/>
      </object_component>
      <object_component id="oc-3e5">
         <name>.debug_info</name>
         <load_address>0x102fb</load_address>
         <run_address>0x102fb</run_address>
         <size>0x23f</size>
         <input_file_ref idref="fl-9"/>
      </object_component>
      <object_component id="oc-226">
         <name>.debug_info</name>
         <load_address>0x1053a</load_address>
         <run_address>0x1053a</run_address>
         <size>0x46</size>
         <input_file_ref idref="fl-9"/>
      </object_component>
      <object_component id="oc-38c">
         <name>.debug_info</name>
         <load_address>0x10580</load_address>
         <run_address>0x10580</run_address>
         <size>0x35</size>
         <input_file_ref idref="fl-9"/>
      </object_component>
      <object_component id="oc-1db">
         <name>.debug_info</name>
         <load_address>0x105b5</load_address>
         <run_address>0x105b5</run_address>
         <size>0x2c</size>
         <input_file_ref idref="fl-a"/>
      </object_component>
      <object_component id="oc-183">
         <name>.debug_info</name>
         <load_address>0x105e1</load_address>
         <run_address>0x105e1</run_address>
         <size>0x845</size>
         <input_file_ref idref="fl-b"/>
      </object_component>
      <object_component id="oc-81">
         <name>.debug_info</name>
         <load_address>0x10e26</load_address>
         <run_address>0x10e26</run_address>
         <size>0x385</size>
         <input_file_ref idref="fl-b"/>
      </object_component>
      <object_component id="oc-193">
         <name>.debug_info</name>
         <load_address>0x111ab</load_address>
         <run_address>0x111ab</run_address>
         <size>0x188</size>
         <input_file_ref idref="fl-b"/>
      </object_component>
      <object_component id="oc-1ab">
         <name>.debug_info</name>
         <load_address>0x11333</load_address>
         <run_address>0x11333</run_address>
         <size>0x188</size>
         <input_file_ref idref="fl-b"/>
      </object_component>
      <object_component id="oc-1ae">
         <name>.debug_info</name>
         <load_address>0x114bb</load_address>
         <run_address>0x114bb</run_address>
         <size>0x188</size>
         <input_file_ref idref="fl-b"/>
      </object_component>
      <object_component id="oc-199">
         <name>.debug_info</name>
         <load_address>0x11643</load_address>
         <run_address>0x11643</run_address>
         <size>0x1cb</size>
         <input_file_ref idref="fl-b"/>
      </object_component>
      <object_component id="oc-19c">
         <name>.debug_info</name>
         <load_address>0x1180e</load_address>
         <run_address>0x1180e</run_address>
         <size>0x188</size>
         <input_file_ref idref="fl-b"/>
      </object_component>
      <object_component id="oc-196">
         <name>.debug_info</name>
         <load_address>0x11996</load_address>
         <run_address>0x11996</run_address>
         <size>0x196</size>
         <input_file_ref idref="fl-b"/>
      </object_component>
      <object_component id="oc-19f">
         <name>.debug_info</name>
         <load_address>0x11b2c</load_address>
         <run_address>0x11b2c</run_address>
         <size>0x18a</size>
         <input_file_ref idref="fl-b"/>
      </object_component>
      <object_component id="oc-1a2">
         <name>.debug_info</name>
         <load_address>0x11cb6</load_address>
         <run_address>0x11cb6</run_address>
         <size>0x182</size>
         <input_file_ref idref="fl-b"/>
      </object_component>
      <object_component id="oc-1a5">
         <name>.debug_info</name>
         <load_address>0x11e38</load_address>
         <run_address>0x11e38</run_address>
         <size>0x186</size>
         <input_file_ref idref="fl-b"/>
      </object_component>
      <object_component id="oc-1a8">
         <name>.debug_info</name>
         <load_address>0x11fbe</load_address>
         <run_address>0x11fbe</run_address>
         <size>0x188</size>
         <input_file_ref idref="fl-b"/>
      </object_component>
      <object_component id="oc-87">
         <name>.debug_info</name>
         <load_address>0x12146</load_address>
         <run_address>0x12146</run_address>
         <size>0x89f2</size>
         <input_file_ref idref="fl-b"/>
      </object_component>
      <object_component id="oc-1b1">
         <name>.debug_info</name>
         <load_address>0x1ab38</load_address>
         <run_address>0x1ab38</run_address>
         <size>0x319</size>
         <input_file_ref idref="fl-b"/>
      </object_component>
      <object_component id="oc-391">
         <name>.debug_info</name>
         <load_address>0x1ae51</load_address>
         <run_address>0x1ae51</run_address>
         <size>0x146</size>
         <input_file_ref idref="fl-b"/>
      </object_component>
      <object_component id="oc-91">
         <name>.debug_info</name>
         <load_address>0x1af97</load_address>
         <run_address>0x1af97</run_address>
         <size>0x4b6</size>
         <input_file_ref idref="fl-d"/>
      </object_component>
      <object_component id="oc-84">
         <name>.debug_info</name>
         <load_address>0x1b44d</load_address>
         <run_address>0x1b44d</run_address>
         <size>0x1b5</size>
         <input_file_ref idref="fl-d"/>
      </object_component>
      <object_component id="oc-8e">
         <name>.debug_info</name>
         <load_address>0x1b602</load_address>
         <run_address>0x1b602</run_address>
         <size>0x19c</size>
         <input_file_ref idref="fl-d"/>
      </object_component>
      <object_component id="oc-34">
         <name>.debug_info</name>
         <load_address>0x1b79e</load_address>
         <run_address>0x1b79e</run_address>
         <size>0xcec</size>
         <input_file_ref idref="fl-d"/>
      </object_component>
      <object_component id="oc-2f">
         <name>.debug_info</name>
         <load_address>0x1c48a</load_address>
         <run_address>0x1c48a</run_address>
         <size>0x2ea</size>
         <input_file_ref idref="fl-e"/>
      </object_component>
      <object_component id="oc-3a5">
         <name>.debug_info</name>
         <load_address>0x1c774</load_address>
         <run_address>0x1c774</run_address>
         <size>0x553</size>
         <input_file_ref idref="fl-f"/>
      </object_component>
      <object_component id="oc-3a2">
         <name>.debug_info</name>
         <load_address>0x1ccc7</load_address>
         <run_address>0x1ccc7</run_address>
         <size>0x183</size>
[...]
         <value>0x39cb</value>
         <object_component_ref idref="oc-e6"/>
      </symbol>
      <symbol id="sm-70c">
         <name>_ZN6Button22setLongPressIntervalMsEj</name>
         <value>0x37b9</value>
         <object_component_ref idref="oc-e6"/>
      </symbol>
      <symbol id="sm-70d">
         <name>_ZN6Button13attachReleaseEPFvvE</name>
         <value>0x3a5d</value>
         <object_component_ref idref="oc-e6"/>
      </symbol>
      <symbol id="sm-70e">
         <name>_ZNK6Button13isLongPressedEv</name>
         <value>0x39df</value>
         <object_component_ref idref="oc-e6"/>
      </symbol>
      <symbol id="sm-70f">
         <name>_ZN6Button10wasPressedEv</name>
         <value>0x39f7</value>
         <object_component_ref idref="oc-e6"/>
      </symbol>
      <symbol id="sm-710">
         <name>_ZN6Button20attachLongPressStartEPFvvE</name>
         <value>0x38d1</value>
         <object_component_ref idref="oc-e6"/>
      </symbol>
      <symbol id="sm-711">
         <name>_ZN6Button11wasReleasedEv</name>
         <value>0x3a21</value>
         <object_component_ref idref="oc-e6"/>
      </symbol>
      <symbol id="sm-712">
         <name>_ZN6Button3fsmEb</name>
         <value>0x3b25</value>
         <object_component_ref idref="oc-e6"/>
      </symbol>
      <symbol id="sm-713">
         <name>_ZN6Button8debounceEb</name>
         <value>0x3dad</value>
         <object_component_ref idref="oc-e6"/>
      </symbol>
      <symbol id="sm-714">
         <name>_ZN6Button12readPhysicalEv</name>
         <value>0x3a81</value>
         <object_component_ref idref="oc-e6"/>
      </symbol>
      <symbol id="sm-715">
         <name>_ZNK6Button11getHoldTimeEv</name>
         <value>0x3a71</value>
         <object_component_ref idref="oc-e6"/>
      </symbol>
      <symbol id="sm-780">
         <name>Lcd_Orientation</name>
         <value>0x2000d318</value>
      </symbol>
      <symbol id="sm-781">
         <name>Lcd_ScreenWidth</name>
         <value>0x2000d312</value>
      </symbol>
      <symbol id="sm-782">
         <name>Lcd_ScreenHeigth</name>
         <value>0x2000d310</value>
      </symbol>
      <symbol id="sm-783">
         <name>Lcd_PenSolid</name>
         <value>0x2000d319</value>
      </symbol>
      <symbol id="sm-784">
         <name>Lcd_FontSolid</name>
         <value>0x2000d317</value>
      </symbol>
      <symbol id="sm-785">
         <name>Lcd_FlagRead</name>
         <value>0x2000d316</value>
      </symbol>
      <symbol id="sm-786">
         <name>Lcd_TouchTrim</name>
         <value>0x2000d314</value>
      </symbol>
      <symbol id="sm-787">
         <name>Lcd_buffer</name>
         <value>0x20000000</value>
         <object_component_ref idref="oc-29a"/>
      </symbol>
      <symbol id="sm-788">
         <name>Crystalfontz128x128_SetDrawFrame</name>
         <value>0x4f73</value>
         <object_component_ref idref="oc-ec"/>
      </symbol>
      <symbol id="sm-789">
         <name>Crystalfontz128x128_SetOrientation</name>
         <value>0x504f</value>
         <object_component_ref idref="oc-ec"/>
      </symbol>
      <symbol id="sm-78a">
         <name>g_sCrystalfontz128x128</name>
         <value>0x883c</value>
         <object_component_ref idref="oc-134"/>
      </symbol>
      <symbol id="sm-78b">
         <name>Crystalfontz128x128_Init</name>
         <value>0x4ecd</value>
         <object_component_ref idref="oc-ec"/>
      </symbol>
      <symbol id="sm-7ab">
         <name>HAL_LCD_writeData</name>
         <value>0x6573</value>
         <object_component_ref idref="oc-28a"/>
      </symbol>
      <symbol id="sm-7ac">
         <name>HAL_LCD_SpiInit</name>
         <value>0x64df</value>
         <object_component_ref idref="oc-28a"/>
      </symbol>
      <symbol id="sm-7ad">
         <name>HAL_LCD_PortInit</name>
         <value>0x6489</value>
         <object_component_ref idref="oc-28a"/>
      </symbol>
      <symbol id="sm-7ae">
         <name>HAL_LCD_writeCommand</name>
         <value>0x6539</value>
         <object_component_ref idref="oc-28a"/>
      </symbol>
      <symbol id="sm-7f8">
         <name>snprintf</name>
         <value>0x78d9</value>
         <object_component_ref idref="oc-11c"/>
      </symbol>
      <symbol id="sm-813">
         <name>memcpy</name>
         <value>0x70d9</value>
         <object_component_ref idref="oc-47"/>
      </symbol>
      <symbol id="sm-814">
         <name>__aeabi_memcpy</name>
         <value>0x70d9</value>
         <object_component_ref idref="oc-47"/>
      </symbol>
      <symbol id="sm-815">
         <name>__aeabi_memcpy8</name>
         <value>0x70d9</value>
         <object_component_ref idref="oc-47"/>
      </symbol>
      <symbol id="sm-816">
         <name>__aeabi_memcpy4</name>
         <value>0x70d9</value>
         <object_component_ref idref="oc-47"/>
      </symbol>
      <symbol id="sm-825">
         <name>__aeabi_memset</name>
         <value>0x739f</value>
         <object_component_ref idref="oc-bd"/>
      </symbol>
      <symbol id="sm-826">
         <name>memset</name>
         <value>0x73a5</value>
         <object_component_ref idref="oc-bd"/>
      </symbol>
      <symbol id="sm-827">
         <name>__aeabi_memset8</name>
         <value>0x739f</value>
         <object_component_ref idref="oc-bd"/>
      </symbol>
      <symbol id="sm-828">
         <name>__aeabi_memset4</name>
         <value>0x739f</value>
         <object_component_ref idref="oc-bd"/>
      </symbol>
      <symbol id="sm-829">
         <name>__aeabi_memclr8</name>
         <value>0x739d</value>
         <object_component_ref idref="oc-bd"/>
      </symbol>
      <symbol id="sm-82a">
         <name>__aeabi_memclr4</name>
         <value>0x739d</value>
         <object_component_ref idref="oc-bd"/>
      </symbol>
      <symbol id="sm-82b">
         <name>__aeabi_memclr</name>
         <value>0x739d</value>
         <object_component_ref idref="oc-bd"/>
      </symbol>
      <symbol id="sm-838">
         <name>__aeabi_uldivmod</name>
         <value>0x7175</value>
         <object_component_ref idref="oc-e1"/>
      </symbol>
      <symbol id="sm-84a">
         <name>__TI_zero_init</name>
         <value>0x7f37</value>
         <object_component_ref idref="oc-59"/>
      </symbol>
      <symbol id="sm-861">
         <name>__TI_decompress_none</name>
         <value>0x7f05</value>
         <object_component_ref idref="oc-1b"/>
      </symbol>
      <symbol id="sm-884">
         <name>__TI_decompress_lzss</name>
         <value>0x7555</value>
         <object_component_ref idref="oc-15"/>
      </symbol>
      <symbol id="sm-897">
         <name>__stack</name>
         <value>0x2000d320</value>
         <object_component_ref idref="oc-25"/>
      </symbol>
      <symbol id="sm-898">
         <name>_c_int00_noargs</name>
         <value>0x7bb1</value>
         <object_component_ref idref="oc-65"/>
      </symbol>
      <symbol id="sm-8ae">
         <name>__aeabi_errno_addr</name>
         <value>0x7f75</value>
         <object_component_ref idref="oc-4b2"/>
      </symbol>
      <symbol id="sm-8af">
         <name>errno</name>
         <value>0x20008080</value>
         <object_component_ref idref="oc-5b7"/>
      </symbol>
      <symbol id="sm-a14">
         <name>__TI_printfi</name>
         <value>0x3e35</value>
         <object_component_ref idref="oc-2de"/>
      </symbol>
      <symbol id="sm-a1e">
         <name>__aeabi_idiv0</name>
         <value>0x3e33</value>
         <object_component_ref idref="oc-261"/>
      </symbol>
      <symbol id="sm-a1f">
         <name>__aeabi_ldiv0</name>
         <value>0x3e33</value>
         <object_component_ref idref="oc-261"/>
      </symbol>
      <symbol id="sm-a36">
         <name>__aeabi_dsub</name>
         <value>0x6165</value>
         <object_component_ref idref="oc-57b"/>
      </symbol>
      <symbol id="sm-a37">
         <name>__aeabi_dadd</name>
         <value>0x616f</value>
         <object_component_ref idref="oc-57b"/>
      </symbol>
      <symbol id="sm-a59">
         <name>__aeabi_cdcmpeq</name>
         <value>0x7291</value>
         <object_component_ref idref="oc-489"/>
      </symbol>
      <symbol id="sm-a5a">
         <name>__aeabi_cdcmple</name>
         <value>0x7291</value>
         <object_component_ref idref="oc-489"/>
      </symbol>
      <symbol id="sm-a5b">
         <name>__aeabi_cdrcmple</name>
         <value>0x7317</value>
         <object_component_ref idref="oc-566"/>
      </symbol>
      <symbol id="sm-a6f">
         <name>__aeabi_ddiv</name>
         <value>0x6845</value>
         <object_component_ref idref="oc-561"/>
      </symbol>
      <symbol id="sm-a7a">
         <name>__aeabi_dmul</name>
         <value>0x6ce1</value>
         <object_component_ref idref="oc-55c"/>
      </symbol>
      <symbol id="sm-a84">
         <name>__aeabi_d2iz</name>
         <value>0x79b9</value>
         <object_component_ref idref="oc-56b"/>
      </symbol>
      <symbol id="sm-a8e">
         <name>__aeabi_i2d</name>
         <value>0x7c43</value>
         <object_component_ref idref="oc-576"/>
      </symbol>
      <symbol id="sm-abb">
         <name>__TI_auto_init_nobinit</name>
         <value>0x7689</value>
         <object_component_ref idref="oc-1f6"/>
      </symbol>
      <symbol id="sm-ac5">
         <name>_system_pre_init</name>
         <value>0x7f95</value>
         <object_component_ref idref="oc-c3"/>
      </symbol>
      <symbol id="sm-ad1">
         <name>C$$EXIT</name>
         <value>0x7f99</value>
         <object_component_ref idref="oc-1e4"/>
      </symbol>
      <symbol id="sm-ad2">
         <name>abort</name>
         <value>0x7f99</value>
         <object_component_ref idref="oc-1e4"/>
      </symbol>
      <symbol id="sm-ae2">
         <name>__TI_ltoa</name>
         <value>0x7799</value>
         <object_component_ref idref="oc-570"/>
      </symbol>
      <symbol id="sm-af9">
         <name>atoi</name>
         <value>0x788d</value>
         <object_component_ref idref="oc-47d"/>
      </symbol>
      <symbol id="sm-b04">
         <name>_ctypes_</name>
         <value>0x8444</value>
         <object_component_ref idref="oc-555"/>
      </symbol>
      <symbol id="sm-b14">
         <name>memccpy</name>
         <value>0x7d91</value>
         <object_component_ref idref="oc-4a6"/>
      </symbol>
      <symbol id="sm-b24">
         <name>strchr</name>
         <value>0x7e51</value>
         <object_component_ref idref="oc-5a7"/>
      </symbol>
      <symbol id="sm-b32">
         <name>strlen</name>
         <value>0x7e7d</value>
         <object_component_ref idref="oc-477"/>
      </symbol>
      <symbol id="sm-b4b">
         <name>wcslen</name>
         <value>0x7ea3</value>
         <object_component_ref idref="oc-4ac"/>
      </symbol>
      <symbol id="sm-b61">
         <name>frexpl</name>
         <value>0x7625</value>
         <object_component_ref idref="oc-59b"/>
      </symbol>
      <symbol id="sm-b62">
         <name>frexp</name>
         <value>0x7625</value>
         <object_component_ref idref="oc-59b"/>
      </symbol>
      <symbol id="sm-b7f">
         <name>scalbn</name>
         <value>0x6bd1</value>
         <object_component_ref idref="oc-5a1"/>
      </symbol>
      <symbol id="sm-b80">
         <name>scalbnl</name>
         <value>0x6bd1</value>
         <object_component_ref idref="oc-5a1"/>
      </symbol>
      <symbol id="sm-b81">
         <name>ldexpl</name>
         <value>0x6bd1</value>
         <object_component_ref idref="oc-5a1"/>
      </symbol>
      <symbol id="sm-b82">
         <name>ldexp</name>
         <value>0x6bd1</value>
         <object_component_ref idref="oc-5a1"/>
      </symbol>
      <symbol id="sm-b8c">
         <name>copysign</name>
         <value>0x7dc7</value>
         <object_component_ref idref="oc-5f9"/>
      </symbol>
      <symbol id="sm-b8d">
         <name>copysignl</name>
         <value>0x7dc7</value>
         <object_component_ref idref="oc-5f9"/>
      </symbol>
      <symbol id="sm-bc5">
         <name>GrContextInit</name>
         <value>0x7485</value>
         <object_component_ref idref="oc-f2"/>
      </symbol>
      <symbol id="sm-bc6">
         <name>g_psDefaultCodePointMapTable</name>
         <value>0x8864</value>
         <object_component_ref idref="oc-2a4"/>
      </symbol>
      <symbol id="sm-bdd">
         <name>GrRectFill</name>
         <value>0x720b</value>
         <object_component_ref idref="oc-fe"/>
      </symbol>
      <symbol id="sm-bde">
         <name>GrRectDraw</name>
         <value>0x75bd</value>
         <object_component_ref idref="oc-12e"/>
      </symbol>
      <symbol id="sm-c82">
         <name>GrFontInfoGet</name>
         <value>0x7cc9</value>
         <object_component_ref idref="oc-2d0"/>
      </symbol>
      <symbol id="sm-c83">
         <name>GrDefaultStringRenderer</name>
         <value>0x6eb7</value>
         <object_component_ref idref="oc-29e"/>
      </symbol>
      <symbol id="sm-c84">
         <name>GrFontGlyphRender</name>
         <value>0x5b41</value>
         <object_component_ref idref="oc-43e"/>
      </symbol>
      <symbol id="sm-c85">
         <name>GrContextFontSet</name>
         <value>0x7f89</value>
         <object_component_ref idref="oc-f8"/>
      </symbol>
      <symbol id="sm-c86">
         <name>GrFontGlyphDataGet</name>
         <value>0x7cef</value>
         <object_component_ref idref="oc-2ca"/>
      </symbol>
      <symbol id="sm-c87">
         <name>GrStringDraw</name>
         <value>0x7e3b</value>
         <object_component_ref idref="oc-116"/>
      </symbol>
      <symbol id="sm-c88">
         <name>GrFontCodepageGet</name>
         <value>0x7d55</value>
         <object_component_ref idref="oc-456"/>
      </symbol>
      <symbol id="sm-c89">
         <name>GrStringNextCharGet</name>
         <value>0x7c15</value>
         <object_component_ref idref="oc-2c4"/>
      </symbol>
      <symbol id="sm-c8a">
         <name>GrStringWidthGet</name>
         <value>0x74ed</value>
         <object_component_ref idref="oc-10a"/>
      </symbol>
      <symbol id="sm-c8b">
         <name>GrFontBaselineGet</name>
         <value>0x7c9d</value>
         <object_component_ref idref="oc-110"/>
      </symbol>
      <symbol id="sm-c9d">
         <name>g_sFontFixed6x8</name>
         <value>0x8548</value>
         <object_component_ref idref="oc-137"/>
      </symbol>
      <symbol id="sm-caa">
         <name>GrMapISO8859_1_Unicode</name>
         <value>0x7f63</value>
         <object_component_ref idref="oc-445"/>
      </symbol>
      <symbol id="sm-cc3">
         <name>GrLineDrawH</name>
         <value>0x7a01</value>
         <object_component_ref idref="oc-30a"/>
      </symbol>
      <symbol id="sm-cc4">
         <name>GrLineDrawV</name>
         <value>0x7a47</value>
         <object_component_ref idref="oc-310"/>
      </symbol>
      <symbol id="sm-cdb">
         <name>FPULazyStackingEnable</name>
         <value>0x7ec5</value>
         <object_component_ref idref="oc-14c"/>
      </symbol>
      <symbol id="sm-cdc">
         <name>FPUEnable</name>
         <value>0x7eb5</value>
         <object_component_ref idref="oc-146"/>
      </symbol>
      <symbol id="sm-d3e">
         <name>GPIOPinTypePWM</name>
         <value>0x7e0f</value>
         <object_component_ref idref="oc-236"/>
      </symbol>
      <symbol id="sm-d3f">
         <name>GPIOPinConfigure</name>
         <value>0x7841</value>
         <object_component_ref idref="oc-230"/>
      </symbol>
      <symbol id="sm-d40">
         <name>GPIOPinTypeGPIOInput</name>
         <value>0x7df9</value>
         <object_component_ref idref="oc-267"/>
      </symbol>
      <symbol id="sm-d41">
         <name>GPIOPinTypeGPIOOutput</name>
         <value>0x7dad</value>
         <object_component_ref idref="oc-410"/>
      </symbol>
      <symbol id="sm-d42">
         <name>GPIOPinRead</name>
         <value>0x7f7d</value>
         <object_component_ref idref="oc-276"/>
      </symbol>
      <symbol id="sm-d43">
         <name>GPIODirModeSet</name>
         <value>0x7c71</value>
         <object_component_ref idref="oc-3f0"/>
      </symbol>
      <symbol id="sm-d44">
         <name>GPIOPinWrite</name>
         <value>0x7f83</value>
         <object_component_ref idref="oc-422"/>
      </symbol>
      <symbol id="sm-d45">
         <name>GPIOPadConfigSet</name>
         <value>0x631d</value>
         <object_component_ref idref="oc-27c"/>
      </symbol>
      <symbol id="sm-d46">
         <name>GPIOPinTypeSSI</name>
         <value>0x7e25</value>
         <object_component_ref idref="oc-40a"/>
      </symbol>
      <symbol id="sm-d5b">
         <name>IntMasterDisable</name>
         <value>0x7ed5</value>
         <object_component_ref idref="oc-140"/>
      </symbol>
      <symbol id="sm-d5c">
         <name>IntMasterEnable</name>
         <value>0x7ee5</value>
         <object_component_ref idref="oc-164"/>
      </symbol>
      <symbol id="sm-d93">
         <name>PWMGenPeriodSet</name>
         <value>0x7ef5</value>
         <object_component_ref idref="oc-248"/>
      </symbol>
      <symbol id="sm-d94">
         <name>PWMClockSet</name>
         <value>0x7e69</value>
         <object_component_ref idref="oc-23c"/>
      </symbol>
      <symbol id="sm-d95">
         <name>PWMPulseWidthSet</name>
         <value>0x7d73</value>
         <object_component_ref idref="oc-24e"/>
      </symbol>
      <symbol id="sm-d96">
         <name>PWMOutputState</name>
         <value>0x7e91</value>
         <object_component_ref idref="oc-254"/>
      </symbol>
      <symbol id="sm-d97">
         <name>PWMGenEnable</name>
         <value>0x7f2b</value>
         <object_component_ref idref="oc-25a"/>
      </symbol>
      <symbol id="sm-d98">
         <name>PWMGenConfigure</name>
         <value>0x7d11</value>
         <object_component_ref idref="oc-242"/>
      </symbol>
      <symbol id="sm-dbf">
         <name>SSIDataPut</name>
         <value>0x7f4f</value>
         <object_component_ref idref="oc-42e"/>
      </symbol>
      <symbol id="sm-dc0">
         <name>SSIConfigSetExpClk</name>
         <value>0x7b07</value>
         <object_component_ref idref="oc-416"/>
      </symbol>
      <symbol id="sm-dc1">
         <name>SSIEnable</name>
         <value>0x7f59</value>
         <object_component_ref idref="oc-41c"/>
      </symbol>
      <symbol id="sm-dc2">
         <name>SSIBusy</name>
         <value>0x7f6b</value>
         <object_component_ref idref="oc-428"/>
      </symbol>
      <symbol id="sm-e3d">
         <name>SysCtlDelay</name>
         <value>0x7f8f</value>
         <object_component_ref idref="oc-290"/>
      </symbol>
      <symbol id="sm-e3e">
         <name>SysCtlPeripheralEnable</name>
         <value>0x7b7d</value>
         <object_component_ref idref="oc-158"/>
      </symbol>
      <symbol id="sm-e3f">
         <name>SysCtlPeripheralReady</name>
         <value>0x7b45</value>
         <object_component_ref idref="oc-15e"/>
      </symbol>
      <symbol id="sm-e40">
         <name>SysCtlClockFreqSet</name>
         <value>0x5d95</value>
         <object_component_ref idref="oc-152"/>
      </symbol>
      <symbol id="sm-e53">
         <name>CPUcpsie</name>
         <value>0x7f1f</value>
         <object_component_ref idref="oc-345"/>
      </symbol>
      <symbol id="sm-e54">
         <name>CPUcpsid</name>
         <value>0x7f13</value>
         <object_component_ref idref="oc-323"/>
      </symbol>
      <symbol id="sm-e55">
         <name>__TI_static_base__</name>
         <value>0x0</value>
      </symbol>
      <symbol id="sm-e58">
         <name>__mpu_init</name>
         <value>0x0</value>
      </symbol>
      <symbol id="sm-e59">
         <name>_system_post_cinit</name>
         <value>0x0</value>
      </symbol>
   </symbol_table>
   <title>Link successful</title>
</link_info>
